This is TeX, Version 3.14159 (preloaded format=latex_ml 7.10.13)  28 JAN 2015 09:26
**&latex_ml C:/Users/Brian/AppData/Local/Temp/swp0000.tex
(C:/Users/Brian/AppData/Local/Temp/swp0000.tex
LaTeX2e <2003/12/01>
Babel <v3.8a> and hyphenation patterns for american, english, french, german, n
german, loaded.
(C:\sw55\TCITeX\TeX\LaTeX\contrib\revtex4\revtex4.cls
Document Class: revtex4 2001/08/03 v4.0 (http://publish.aps.org/revtex4/ for do
cumentation)
 Copyright (c) 2001 The American Physical Society.
 mailto:revtex@aps.org
 Licensed under the LPPL:
http://www.ctan.org/tex-archive/macros/latex/base/lppl.txt
 Arthur Ogawa <ogawa@teleport.com>
 Based on work by David Carlisle <david@dcarlisle.demon.co.uk>.
ltxutil: portions licensed from W. E. Baxter (web@superscript.com)
Class revtex4 Info: Repairing broken LateX \@sect on input line 596.
\intertabularlinepenalty=\count79
\@tbpen=\count80
\@arstrutbox@hline=\box26
Class revtex4 Info: Repairing broken LaTeX \@xbitor on input line 1610.
ltxgrid: portions licensed from W. E. Baxter (web@superscript.com)
\c@linecount=\count81
\output=\toks14
\@protection@box=\box27
\@topmark@saved=\toks15
\footins@saved=\box28
\pagesofar=\box29
\footbox=\box30
\pagegrid@col=\count82
Class revtex4 Info: Incorporating package {textcase}  [1998/11/12 v0.06 Text on
ly upper/lower case changing (DPC)]. on input line 3682.
(C:\sw55\TCITeX\TeX\LaTeX\contrib\misc\url.sty
\Urlmuskip=\muskip10
Package: url 2006/04/12  ver 3.3  Verb mode for urls, etc.
)
\c@affil=\count83
\absbox=\box31
\c@part=\count84
\c@section=\count85
\c@subsection=\count86
\c@subsubsection=\count87
\c@paragraph=\count88
\c@subparagraph=\count89
\abovecaptionskip=\skip41
\belowcaptionskip=\skip42
\c@figure=\count90
\c@table=\count91

(C:\sw55\TCITeX\TeX\LaTeX\contrib\natbib\natbib.sty
Package: natbib 2009/02/02 8.3 (PWD, AO)
\bibhang=\skip43
\bibsep=\skip44
LaTeX Info: Redefining \cite on input line 694.
\c@NAT@ctr=\count92
)
\widetext@top=\box32
\widetext@bot=\box33

(C:\sw55\TCITeX\TeX\LaTeX\contrib\revtex4\revsymb.sty
Package: revsymb 2001/08/03 v4.0 (http://publish.aps.org/revtex4/ for documenta
tion)
LaTeX Info: Redefining \REV@mathfrak on input line 118.
))
(C:\sw55\TCITeX\TeX\LaTeX\contrib\revtex4\aps.rtx
File: aps.rtx 2001/08/03 v4.0 (http://publish.aps.org/revtex4/ for documentatio
n)
)
(C:\sw55\TCITeX\TeX\LaTeX\contrib\revtex4\12pt.rtx
File: 12pt.rtx 2001/08/03 v4.0 (http://publish.aps.org/revtex4/ for documentati
on)
)
(C:\sw55\TCITeX\TeX\LaTeX\amsfonts\amssymb.sty
Package: amssymb 2002/01/22 v2.2d

(C:\sw55\TCITeX\TeX\LaTeX\amsfonts\amsfonts.sty
Package: amsfonts 2001/10/25 v2.2f
\@emptytoks=\toks16
\symAMSa=\mathgroup4
\symAMSb=\mathgroup5
LaTeX Font Info:    Overwriting math alphabet `\mathfrak' in version `bold'
(Font)                  U/euf/m/n --> U/euf/b/n on input line 132.
LaTeX Info: Redefining \frak on input line 135.
LaTeX Info: Redefining \Bbb on input line 137.
))
(C:\sw55\TCITeX\TeX\LaTeX\amsmath\amsmath.sty
Package: amsmath 2000/07/18 v2.13 AMS math features
\@mathmargin=\skip45

For additional information on amsmath, use the `?' option.
(C:\sw55\TCITeX\TeX\LaTeX\amsmath\amstext.sty
Package: amstext 2000/06/29 v2.01

(C:\sw55\TCITeX\TeX\LaTeX\amsmath\amsgen.sty
File: amsgen.sty 1999/11/30 v2.0
\@emptytoks=\toks17
\ex@=\dimen102
))
(C:\sw55\TCITeX\TeX\LaTeX\amsmath\amsbsy.sty
Package: amsbsy 1999/11/29 v1.2d
\pmbraise@=\dimen103
)
(C:\sw55\TCITeX\TeX\LaTeX\amsmath\amsopn.sty
Package: amsopn 1999/12/14 v2.01 operator names
)
\inf@bad=\count93
LaTeX Info: Redefining \frac on input line 211.
\uproot@=\count94
\leftroot@=\count95
LaTeX Info: Redefining \overline on input line 307.
\classnum@=\count96
\DOTSCASE@=\count97
LaTeX Info: Redefining \ldots on input line 379.
LaTeX Info: Redefining \dots on input line 382.
LaTeX Info: Redefining \cdots on input line 467.
\Mathstrutbox@=\box34
\strutbox@=\box35
\big@size=\dimen104
LaTeX Font Info:    Redeclaring font encoding OML on input line 567.
LaTeX Font Info:    Redeclaring font encoding OMS on input line 568.
\macc@depth=\count98
\c@MaxMatrixCols=\count99
\dotsspace@=\muskip11
\c@parentequation=\count100
\dspbrk@lvl=\count101
\tag@help=\toks18
\row@=\count102
\column@=\count103
\maxfields@=\count104
\andhelp@=\toks19
\eqnshift@=\dimen105
\alignsep@=\dimen106
\tagshift@=\dimen107
\tagwidth@=\dimen108
\totwidth@=\dimen109
\lineht@=\dimen110
\@envbody=\toks20
\multlinegap=\skip46
\multlinetaggap=\skip47
\mathdisplay@stack=\toks21
LaTeX Info: Redefining \[ on input line 2666.
LaTeX Info: Redefining \] on input line 2667.
)
(C:\sw55\TCITeX\TeX\LaTeX\required\graphics\graphicx.sty
Package: graphicx 1999/02/16 v1.0f Enhanced LaTeX Graphics (DPC,SPQR)

(C:\sw55\TCITeX\TeX\LaTeX\required\graphics\keyval.sty
Package: keyval 1999/03/16 v1.13 key=value parser (DPC)
\KV@toks@=\toks22
)
(C:\sw55\TCITeX\TeX\LaTeX\required\graphics\graphics.sty
Package: graphics 2001/07/07 v1.0n Standard LaTeX Graphics (DPC,SPQR)

(C:\sw55\TCITeX\TeX\LaTeX\required\graphics\trig.sty
Package: trig 1999/03/16 v1.09 sin cos tan (DPC)
)
(C:\sw55\TCITeX\TeX\LaTeX\required\graphics\graphics.cfg
File: graphics.cfg 
)
Package graphics Info: Driver file: tcidvi.def on input line 80.

(C:\sw55\TCITeX\TeX\LaTeX\required\graphics\tcidvi.def
File: tcidvi.def 1999/02/16 v3.0i Driver-dependant file (DPC,SPQR)
))
\Gin@req@height=\dimen111
\Gin@req@width=\dimen112
)
\c@theorem=\count105

No file swp0000.aux.
LaTeX Font Info:    Checking defaults for OML/cmm/m/it on input line 40.
LaTeX Font Info:    ... okay on input line 40.
LaTeX Font Info:    Checking defaults for T1/cmr/m/n on input line 40.
LaTeX Font Info:    ... okay on input line 40.
LaTeX Font Info:    Checking defaults for OT1/cmr/m/n on input line 40.
LaTeX Font Info:    ... okay on input line 40.
LaTeX Font Info:    Checking defaults for OMS/cmsy/m/n on input line 40.
LaTeX Font Info:    ... okay on input line 40.
LaTeX Font Info:    Checking defaults for OMX/cmex/m/n on input line 40.
LaTeX Font Info:    ... okay on input line 40.
LaTeX Font Info:    Checking defaults for U/cmr/m/n on input line 40.
LaTeX Font Info:    ... okay on input line 40.
Class revtex4 Info: Patching LaTeX tabular. on input line 40.
Class revtex4 Info: cite was not loaded (OK!) on input line 40.
Class revtex4 Info: multicol was not loaded (OK!) on input line 40.

Class revtex4 Warning: If you want your PACS to appear in your output, use docu
ment class option showpacs.


Class revtex4 Warning: If you want your keywords to appear in your output, use 
document class option showkeys.

[101] (.\swp0000.toc
Overfull \hbox (16.56926pt too wide) detected at line 4
 \T1/cmr/m/n/12 A.
 []

LaTeX Font Info:    Try loading font information for U+msa on input line 4.
(C:\sw55\TCITeX\TeX\LaTeX\amsfonts\umsa.fd
File: umsa.fd 2002/01/19 v2.2g AMS font definitions
)
LaTeX Font Info:    Try loading font information for U+msb on input line 4.

(C:\sw55\TCITeX\TeX\LaTeX\amsfonts\umsb.fd
File: umsb.fd 2002/01/19 v2.2g AMS font definitions
)
Overfull \hbox (17.6207pt too wide) detected at line 4
 \T1/cmr/m/n/12 102
 []


Overfull \hbox (16.08188pt too wide) detected at line 8
 \T1/cmr/m/n/12 B.
 []


Overfull \hbox (17.6207pt too wide) detected at line 8
 \T1/cmr/m/n/12 106
 []


Overfull \hbox (13.63664pt too wide) detected at line 10
 \T1/cmr/m/n/12 1.
 []


Overfull \hbox (17.6207pt too wide) detected at line 10
 \T1/cmr/m/n/12 108
 []


Overfull \hbox (13.63664pt too wide) detected at line 12
 \T1/cmr/m/n/12 2.
 []


Overfull \hbox (17.6207pt too wide) detected at line 12
 \T1/cmr/m/n/12 115
 []


Overfull \hbox (16.24712pt too wide) detected at line 14
 \T1/cmr/m/n/12 C.
 []


Overfull \hbox (17.6207pt too wide) detected at line 14
 \T1/cmr/m/n/12 119
 []


Overfull \hbox (16.7345pt too wide) detected at line 15
 \T1/cmr/m/n/12 D.
 []


Overfull \hbox (17.6207pt too wide) detected at line 15
 \T1/cmr/m/n/12 121
 []


Overfull \hbox (13.27563pt too wide) detected at line 16
 \T1/cmr/bx/n/12 I.
 []


Overfull \hbox (17.6207pt too wide) detected at line 16
 \T1/cmr/m/n/12 126
 []


Overfull \hbox (18.6771pt too wide) detected at line 17
 \T1/cmr/bx/n/12 II.
 []


Overfull \hbox (17.6207pt too wide) detected at line 17
 \T1/cmr/m/n/12 129
 []

)
\tf@toc=\write3
 [102]
LaTeX Font Info:    Try loading font information for U+euf on input line 188.
 (C:\sw55\TCITeX\TeX\LaTeX\amsfonts\ueuf.fd
File: ueuf.fd 2002/01/19 v2.2g AMS font definitions
) [103] [104]
Overfull \hbox (15.61853pt too wide) detected at line 370
\U/euf/m/n/12 C[] \OT1/cmr/m/n/12 = [] [][] + [] [][] = [] [][] + \OML/cmm/m/it
/12 J[] [] [][] \OT1/cmr/m/n/12 = [] [] [] \OML/cmm/m/it/12 ;
 []

[105]
Overfull \hbox (126.08337pt too wide) detected at line 463
[] [] \OT1/cmr/m/n/12 = [] [] + [] [] = [] \OML/cmm/m/it/12 a[] \OT1/cmr/m/n/12
 + [] \OML/cmm/m/it/12 a[] \OT1/cmr/m/n/12 = [] \OML/cmm/m/it/12 R[] [] \OMS/cm
sy/m/n/12 ^^Q [] \OML/cmm/m/it/12 R[] [] :
 []

[106]
Overfull \hbox (15.61853pt too wide) detected at line 645
\U/euf/m/n/12 C[] \OT1/cmr/m/n/12 = [] [][] + [] [][] = [] [][] + \OML/cmm/m/it
/12 J[] [] [][] \OT1/cmr/m/n/12 = [] [] [] \OML/cmm/m/it/12 ;
 []

[107] [108]
Overfull \hbox (127.29408pt too wide) in paragraph at lines 776--776
[] 
 []


Overfull \hbox (153.86386pt too wide) in paragraph at lines 863--863
[] 
 []

[109]
Overfull \hbox (11.80913pt too wide) in paragraph at lines 912--912
[] 
 []

[110] [111] [112]
Overfull \hbox (6.01108pt too wide) detected at line 1397
\U/euf/m/n/12 C[] \OT1/cmr/m/n/12 = [] [] + [] [] + [] [] + [] [] = [] [] [] \O
ML/cmm/m/it/12 ;
 []


Overfull \hbox (77.8923pt too wide) detected at line 1431
\U/euf/m/n/12 C[] \OT1/cmr/m/n/12 = [] [][] + [] [][] + [] [][] + [] [][] = [] 
[] [] \OML/cmm/m/it/12 :
 []

[113]
Overfull \hbox (0.91771pt too wide) in paragraph at lines 1444--1444
[] 
 []


Overfull \hbox (63.72511pt too wide) in paragraph at lines 1458--1458
[] 
 []


Overfull \hbox (102.02348pt too wide) detected at line 1491
\U/euf/m/n/12 C[] [] \OT1/cmr/m/n/12 = [] = [] = [] \OML/cmm/m/it/12 R[] [] \OT
1/cmr/m/n/12 = \U/euf/m/n/12 C[] [] \OT1/cmr/m/n/12 = \U/euf/m/n/12 C[] [] \OML
/cmm/m/it/12 ;
 []

[114]
Overfull \hbox (63.33243pt too wide) in paragraph at lines 1650--1650
[] 
 []

[115] [116] [117]
Overfull \hbox (17.08649pt too wide) in paragraph at lines 2029--2029
[] 
 []

[118]
LaTeX Font Info:    Try loading font information for OMS+cmr on input line 2079
.
 (C:\sw55\TCITeX\TeX\LaTeX\base\omscmr.fd
File: omscmr.fd 1999/05/25 v2.5h Standard LaTeX font definitions
)
LaTeX Font Info:    Font shape `OMS/cmr/m/n' in size <12> not available
(Font)              Font shape `OMS/cmsy/m/n' tried instead on input line 2079.

 [119]
Overfull \hbox (29.01115pt too wide) detected at line 2215
\OML/cmm/m/it/12 T[] \OT1/cmr/m/n/12 = [] [] [] = [] \OML/cmm/m/it/12 R[] [] []
 R[] [] []
 []

[120] [121]
Overfull \hbox (35.62341pt too wide) in paragraph at lines 2402--2402
[] 
 []

[122] [123] [124]
Overfull \hbox (12.29686pt too wide) detected at line 2843
[] \OT1/cmr/m/n/12 = [] [] [] \OMS/cmsy/m/n/12 ^^@ [] [] [] \OT1/cmr/m/n/12 = [
] [] \OMS/cmsy/m/n/12 ^^@ [] [] \OT1/cmr/m/n/12 = [] \OML/cmm/m/it/12 :
 []

[125] [126]
Overfull \hbox (29.72717pt too wide) detected at line 2976
\OML/cmm/m/it/12 z[]z[] \OT1/cmr/m/n/12 = [] [] = [] + \OML/cmm/m/it/12 i []
 []


Overfull \hbox (135.88057pt too wide) in paragraph at lines 2991--2991
[] 
 []

[127] [128] [129] [130] [131] (.\swp0000.aux)

LaTeX Warning: Label(s) may have changed. Rerun to get cross-references right .


 )
Here is how much of TeX's memory you used:
3128 strings out of 25820
34806 string characters out of 247698
112169 words of memory out of 262141
6043 multiletter control sequences out of 20000
20206 words of font info for 61 fonts, out of 300000 for 255
22 hyphenation exceptions out of 607
27i,21n,27p,327b,324s stack positions out of 300i,40n,60p,5000b,10000s

Output written on swp0000.dvi (31 pages, 132896 bytes).
