This is pdfeTeXk, Version 3.141592-1.11a-2.1 (Web2c 7.5.2) (format=pdflatex_ml 2004.5.10)  16 JAN 2009 12:41
 %&-line parsing enabled.
 (c:\sw55\TCITeX/web2c/cp8bit.tcx)
**&pdflatex_ml C:/Users/bqw/AppData/Local/Temp/swp0000.tex
(c:/Users/bqw/AppData/Local/Temp/swp0000.tex{c:\sw55\TCITeX/pdftex/config/pdfte
x.cfg}
LaTeX2e <2003/12/01>
Babel <v3.8a> and hyphenation patterns for american, english, french, german, n
german, loaded.
(c:\sw55\TCITeX/tex/latex/contrib/revtex4/revtex4.cls
Document Class: revtex4 2001/08/03 v4.0 (http://publish.aps.org/revtex4/ for do
cumentation)
 Copyright (c) 2001 The American Physical Society.
 mailto:revtex@aps.org
 Licensed under the LPPL:
http://www.ctan.org/tex-archive/macros/latex/base/lppl.txt
 Arthur Ogawa <ogawa@teleport.com>
 Based on work by David Carlisle <david@dcarlisle.demon.co.uk>.
ltxutil: portions licensed from W. E. Baxter (web@superscript.com)
Class revtex4 Info: Repairing broken LateX \@sect on input line 596.
\intertabularlinepenalty=\count79
\@tbpen=\count80
\@arstrutbox@hline=\box26
Class revtex4 Info: Repairing broken LaTeX \@xbitor on input line 1610.
ltxgrid: portions licensed from W. E. Baxter (web@superscript.com)
\c@linecount=\count81
\output=\toks14
\@protection@box=\box27
\@topmark@saved=\toks15
\footins@saved=\box28
\pagesofar=\box29
\footbox=\box30
\pagegrid@col=\count82
Class revtex4 Info: Incorporating package {textcase}  [1998/11/12 v0.06 Text on
ly upper/lower case changing (DPC)]. on input line 3682.
(c:\sw55\TCITeX/tex/latex/contrib/misc/url.sty
\Urlmuskip=\muskip10
Package: url 2005/06/27  ver 3.2  Verb mode for urls, etc.
)
\c@affil=\count83
\absbox=\box31
\c@part=\count84
\c@section=\count85
\c@subsection=\count86
\c@subsubsection=\count87
\c@paragraph=\count88
\c@subparagraph=\count89
\abovecaptionskip=\skip41
\belowcaptionskip=\skip42
\c@figure=\count90
\c@table=\count91

(c:\sw55\TCITeX/tex/latex/contrib/natbib/natbib.sty
Package: natbib 2003/06/06 7.1 (PWD)
\bibhang=\skip43
\bibsep=\skip44
LaTeX Info: Redefining \cite on input line 518.
\c@NAT@ctr=\count92
)
\widetext@top=\box32
\widetext@bot=\box33

(c:\sw55\TCITeX/tex/latex/contrib/revtex4/revsymb.sty
Package: revsymb 2001/08/03 v4.0 (http://publish.aps.org/revtex4/ for documenta
tion)
LaTeX Info: Redefining \REV@mathfrak on input line 118.
))
(c:\sw55\TCITeX/tex/latex/contrib/revtex4/aps.rtx
File: aps.rtx 2001/08/03 v4.0 (http://publish.aps.org/revtex4/ for documentatio
n)
)
(c:\sw55\TCITeX/tex/latex/contrib/revtex4/12pt.rtx
File: 12pt.rtx 2001/08/03 v4.0 (http://publish.aps.org/revtex4/ for documentati
on)
)
(c:\sw55\TCITeX/tex/latex/amsfonts/amsfonts.sty
Package: amsfonts 2001/10/25 v2.2f
\@emptytoks=\toks16
\symAMSa=\mathgroup4
\symAMSb=\mathgroup5
LaTeX Font Info:    Overwriting math alphabet `\mathfrak' in version `bold'
(Font)                  U/euf/m/n --> U/euf/b/n on input line 132.
LaTeX Info: Redefining \frak on input line 135.
LaTeX Info: Redefining \Bbb on input line 137.
)
(c:\sw55\TCITeX/tex/latex/amsmath/amsmath.sty
Package: amsmath 2000/07/18 v2.13 AMS math features
\@mathmargin=\skip45

For additional information on amsmath, use the `?' option.
(c:\sw55\TCITeX/tex/latex/amsmath/amstext.sty
Package: amstext 2000/06/29 v2.01

(c:\sw55\TCITeX/tex/latex/amsmath/amsgen.sty
File: amsgen.sty 1999/11/30 v2.0
\@emptytoks=\toks17
\ex@=\dimen102
))
(c:\sw55\TCITeX/tex/latex/amsmath/amsbsy.sty
Package: amsbsy 1999/11/29 v1.2d
\pmbraise@=\dimen103
)
(c:\sw55\TCITeX/tex/latex/amsmath/amsopn.sty
Package: amsopn 1999/12/14 v2.01 operator names
)
\inf@bad=\count93
LaTeX Info: Redefining \frac on input line 211.
\uproot@=\count94
\leftroot@=\count95
LaTeX Info: Redefining \overline on input line 307.
\classnum@=\count96
\DOTSCASE@=\count97
LaTeX Info: Redefining \ldots on input line 379.
LaTeX Info: Redefining \dots on input line 382.
LaTeX Info: Redefining \cdots on input line 467.
\Mathstrutbox@=\box34
\strutbox@=\box35
\big@size=\dimen104
LaTeX Font Info:    Redeclaring font encoding OML on input line 567.
LaTeX Font Info:    Redeclaring font encoding OMS on input line 568.
\macc@depth=\count98
\c@MaxMatrixCols=\count99
\dotsspace@=\muskip11
\c@parentequation=\count100
\dspbrk@lvl=\count101
\tag@help=\toks18
\row@=\count102
\column@=\count103
\maxfields@=\count104
\andhelp@=\toks19
\eqnshift@=\dimen105
\alignsep@=\dimen106
\tagshift@=\dimen107
\tagwidth@=\dimen108
\totwidth@=\dimen109
\lineht@=\dimen110
\@envbody=\toks20
\multlinegap=\skip46
\multlinetaggap=\skip47
\mathdisplay@stack=\toks21
LaTeX Info: Redefining \[ on input line 2666.
LaTeX Info: Redefining \] on input line 2667.
)
(c:\sw55\TCITeX/tex/latex/amsfonts/amssymb.sty
Package: amssymb 2002/01/22 v2.2d
)
(c:\sw55\TCITeX/tex/latex/required/graphics/graphicx.sty
Package: graphicx 1999/02/16 v1.0f Enhanced LaTeX Graphics (DPC,SPQR)

(c:\sw55\TCITeX/tex/latex/required/graphics/keyval.sty
Package: keyval 1999/03/16 v1.13 key=value parser (DPC)
\KV@toks@=\toks22
)
(c:\sw55\TCITeX/tex/latex/required/graphics/graphics.sty
Package: graphics 2001/07/07 v1.0n Standard LaTeX Graphics (DPC,SPQR)

(c:\sw55\TCITeX/tex/latex/required/graphics/trig.sty
Package: trig 1999/03/16 v1.09 sin cos tan (DPC)
)
(c:\sw55\TCITeX/tex/latex/required/graphics/graphics.cfg
File: graphics.cfg 
)
Package graphics Info: Driver file: pdftex.def on input line 80.

(c:\sw55\TCITeX/tex/latex/required/graphics/pdftex.def
File: pdftex.def 2002/06/19 v0.03k graphics/color for pdftex
\Gread@gobject=\count105
))
\Gin@req@height=\dimen111
\Gin@req@width=\dimen112
)
\c@theorem=\count106
\msipdfoutput=\count107
 (./swp0000.aux)
\openout1 = `swp0000.aux'.

LaTeX Font Info:    Checking defaults for OML/cmm/m/it on input line 52.
LaTeX Font Info:    ... okay on input line 52.
LaTeX Font Info:    Checking defaults for T1/cmr/m/n on input line 52.
LaTeX Font Info:    ... okay on input line 52.
LaTeX Font Info:    Checking defaults for OT1/cmr/m/n on input line 52.
LaTeX Font Info:    ... okay on input line 52.
LaTeX Font Info:    Checking defaults for OMS/cmsy/m/n on input line 52.
LaTeX Font Info:    ... okay on input line 52.
LaTeX Font Info:    Checking defaults for OMX/cmex/m/n on input line 52.
LaTeX Font Info:    ... okay on input line 52.
LaTeX Font Info:    Checking defaults for U/cmr/m/n on input line 52.
LaTeX Font Info:    ... okay on input line 52.
Class revtex4 Info: Patching LaTeX tabular. on input line 52.
Class revtex4 Info: cite was not loaded (OK!) on input line 52.
Class revtex4 Info: multicol was not loaded (OK!) on input line 52.

[1{c:\sw55\TCITeX/pdftex/config/TrueTeX.map}{c:\sw55\TCITeX/pdftex/config/WinFo
nts.map}{c:\sw55\TCITeX/pdftex/config/msi.map}] (./swp0000.toc
Overfull \hbox (0.87357pt too wide) detected at line 4
 /dcr12/3
 []


Overfull \hbox (0.87357pt too wide) detected at line 5
 /dcr12/5
 []


Overfull \hbox (0.87357pt too wide) detected at line 6
 /dcr12/5
 []


Overfull \hbox (0.87357pt too wide) detected at line 7
 /dcr12/7
 []


Overfull \hbox (0.87357pt too wide) detected at line 8
 /dcr12/8
 []


Overfull \hbox (6.74713pt too wide) detected at line 9
 /dcr12/10
 []


Overfull \hbox (6.74713pt too wide) detected at line 10
 /dcr12/11
 []


Overfull \hbox (6.74713pt too wide) detected at line 11
 /dcr12/12
 []


Overfull \hbox (6.74713pt too wide) detected at line 12
 /dcr12/12
 []


Overfull \hbox (6.74713pt too wide) detected at line 13
 /dcr12/13
 []


Overfull \hbox (6.74713pt too wide) detected at line 14
 /dcr12/14
 []


Overfull \hbox (6.74713pt too wide) detected at line 15
 /dcr12/16
 []


Overfull \hbox (6.74713pt too wide) detected at line 16
 /dcr12/21
 []


Overfull \hbox (6.74713pt too wide) detected at line 17
 /dcr12/25
 []


Overfull \hbox (6.74713pt too wide) detected at line 18
 /dcr12/25
 []


Overfull \hbox (6.74713pt too wide) detected at line 19
 /dcr12/26
 []


Overfull \hbox (6.74713pt too wide) detected at line 20
 /dcr12/26
 []


Overfull \hbox (6.74713pt too wide) detected at line 21
 /dcr12/29
 []


Overfull \hbox (6.74713pt too wide) detected at line 23
 /dcr12/29
 []


Overfull \hbox (6.74713pt too wide) detected at line 24
 /dcr12/30
 []


Overfull \hbox (6.74713pt too wide) detected at line 25
 /dcr12/30
 []


Overfull \hbox (6.74713pt too wide) detected at line 26
 /dcr12/31
 []


Overfull \hbox (6.74713pt too wide) detected at line 27
 /dcr12/31
 []


Overfull \hbox (6.74713pt too wide) detected at line 28
 /dcr12/31
 []


Overfull \hbox (6.74713pt too wide) detected at line 29
 /dcr12/32
 []

[2]
Overfull \hbox (6.74713pt too wide) detected at line 30
 /dcr12/32
 []


Overfull \hbox (6.74713pt too wide) detected at line 31
 /dcr12/32
 []


Overfull \hbox (6.74713pt too wide) detected at line 32
 /dcr12/32
 []

)
\tf@toc=\write3
\openout3 = `swp0000.toc'.

LaTeX Font Info:    Try loading font information for OMS+cmr on input line 99.
 (c:\sw55\TCITeX/tex/latex/base/omscmr.fd
File: omscmr.fd 1999/05/25 v2.5h Standard LaTeX font definitions
)
LaTeX Font Info:    Font shape `OMS/cmr/m/n' in size <12> not available
(Font)              Font shape `OMS/cmsy/m/n' tried instead on input line 99.
LaTeX Font Info:    Try loading font information for U+msa on input line 121.

(c:\sw55\TCITeX/tex/latex/amsfonts/umsa.fd
File: umsa.fd 2002/01/19 v2.2g AMS font definitions
)
LaTeX Font Info:    Try loading font information for U+msb on input line 121.

(c:\sw55\TCITeX/tex/latex/amsfonts/umsb.fd
File: umsb.fd 2002/01/19 v2.2g AMS font definitions
) [3]

! LaTeX Error: Command \bfseries invalid in math mode.

See the LaTeX manual or LaTeX Companion for explanation.
Type  H <return>  for immediate help.
 ...                                              
                                                  
l.138 $U\left(  1\right)  $ $\cite{Gilmore_{b}ook}
                                                  $, e.g. Density Matrix and...

? 

Package natbib Warning: Citation `Gilmore_{b}ook' on page 4 undefined on input 
line 138.

[4] [5] [6] [7] [8]
Underfull \hbox (badness 10000) in paragraph at lines 446--451
/dcr12/where $[]$ is the scalar prod-uct be-tween the dual spaces
 []

[9] [10] [11] [12] [13] [14]
LaTeX Font Info:    Try loading font information for U+euf on input line 824.
 (c:\sw55\TCITeX/tex/latex/amsfonts/ueuf.fd
File: ueuf.fd 2002/01/19 v2.2g AMS font definitions
)
[15] [16] [17] [18]
Overfull \hbox (9.60211pt too wide) detected at line 1179
[] /cmr12/= [] = /cmmi12/"[] [] /cmsy10@12.0pt/^^@ /cmmi12/^^V [] ;
 []

[19] [20] [21]
Underfull \hbox (badness 8094) in paragraph at lines 1413--1419
/dcr12/If the con-strained min-i-mum of $/cmmi12/K[]$ /dcr12/is de-gen-er-ate, 
e.g. cor-re-spond-ing to
 []


Underfull \hbox (badness 1062) in paragraph at lines 1413--1419
/dcr12/FORDOs$[]$ of the sta-tion-ary states $[]$ of $/cmmi12/K /cmsy10@12.0pt/
^^@
 []

[22] [23] [24]

Package natbib Warning: Citation `Kramers Deg' on page 25 undefined on input li
ne 1562.


Overfull \hbox (88.41782pt too wide) detected at line 1587
[] /cmr12/= [][] [] /cmmi12/n[] [] n[] [] /cmr12/= [][] [] [] /cmmi12/;
 []

[25]
Overfull \hbox (23.02089pt too wide) in paragraph at lines 1640--1640
[] 
 []

[26] [27] [28] [29] [30]

Package natbib Warning: Citation `Hestenes' on page 31 undefined on input line 
1963.

(./swp0000.bbl [31])

Package natbib Warning: There were undefined citations.

[32] (./swp0000.aux) ) 
Here is how much of TeX's memory you used:
 3169 strings out of 95282
 37251 string characters out of 1187734
 109025 words of memory out of 1547175
 6164 multiletter control sequences out of 10000+50000
 23011 words of font info for 65 fonts, out of 1000000 for 2000
 22 hyphenation exceptions out of 1000
 27i,19n,22p,268b,292s stack positions out of 5000i,500n,6000p,200000b,40000s
 165 PDF objects out of 300000
 0 named destinations out of 131072
 1 words of extra memory for PDF output out of 65536
{c:\sw55\TCITeX/fonts/type1/cmbx8.enc}<c:\sw55\TCITeX/fon
ts/truetype/cmbx8.ttf>{c:\sw55\TCITeX/fonts/type1/eufm10.enc}<c:\sw55\TCITeX/fo
nts/truetype/eufm10.ttf>{c:\sw55\TCITeX/fonts/type1/cmbsy10.enc}<c:\sw55\TCITeX
/fonts/truetype/cmbsy10.ttf>{c:\sw55\TCITeX/fonts/type1/cmmib8.enc}<c:\sw55\TCI
TeX/fonts/truetype/cmmib8.ttf><c:\sw55\TCITeX/fonts/truetype/eufm10.ttf>{c:\sw5
5\TCITeX/fonts/type1/cmmi6.enc}<c:\sw55\TCITeX/fonts/truetype/cmmi6.ttf>{c:\sw5
5\TCITeX/fonts/type1/cmr6.enc}<c:\sw55\TCITeX/fonts/truetype/cmr6.ttf><c:\sw55\
TCITeX/fonts/truetype/cmbsy10.ttf>{c:\sw55\TCITeX/fonts/type1/cmmi8.enc}<c:\sw5
5\TCITeX/fonts/truetype/cmmi8.ttf>{c:\sw55\TCITeX/fonts/type1/msbm10.enc}<c:\sw
55\TCITeX/fonts/truetype/msbm10.ttf>{c:\sw55\TCITeX/fonts/type1/cmsy8.enc}<c:\s
w55\TCITeX/fonts/truetype/cmsy8.ttf>{c:\sw55\TCITeX/fonts/type1/cmbx12.enc}<c:\
sw55\TCITeX/fonts/truetype/cmbx12.ttf>{c:\sw55\TCITeX/fonts/type1/cmex10.enc}<c
:\sw55\TCITeX/fonts/truetype/cmex10.ttf>{c:\sw55\TCITeX/fonts/type1/cmmib10.enc
}<c:\sw55\TCITeX/fonts/truetype/cmmib10.ttf>{c:\sw55\TCITeX/fonts/type1/cmr8.en
c}<c:\sw55\TCITeX/fonts/truetype/cmr8.ttf>{c:\sw55\TCITeX/fonts/type1/cmr12.enc
}<c:\sw55\TCITeX/fonts/truetype/cmr12.ttf>{c:\sw55\TCITeX/fonts/type1/cmmi12.en
c}<c:\sw55\TCITeX/fonts/truetype/cmmi12.ttf>{c:\sw55\TCITeX/fonts/type1/cmsy10.
enc}<c:\sw55\TCITeX/fonts/truetype/cmsy10.ttf>{c:\sw55\TCITeX/fonts/type1/dcti1
0.enc}<c:\sw55\TCITeX/fonts/truetype/dcti10.ttf>{c:\sw55\TCITeX/fonts/type1/dcr
10.enc}<c:\sw55\TCITeX/fonts/truetype/dcr10.ttf>{c:\sw55\TCITeX/fonts/type1/dcb
x10.enc}<c:\sw55\TCITeX/fonts/truetype/dcbx10.ttf>
Output written on swp0000.pdf (32 pages, 240486 bytes).
