\BOOKMARK [1][-]{section*.1}{\376\377\000C\000o\000n\000t\000e\000n\000t\000s}{}% 1
\BOOKMARK [0][-]{part.1}{\376\377\000I\000\040\000D\000u\000a\000l\000\040\000S\000p\000a\000c\000e\000\040\000T\000h\000e\000o\000r\000y}{}% 2
\BOOKMARK [1][-]{section*.2}{\376\377\000I\000n\000t\000r\000o\000d\000u\000c\000t\000i\000o\000n}{part.1}% 3
\BOOKMARK [1][-]{section*.3}{\376\377\000I\000n\000i\000t\000i\000a\000l\000\040\000Q\000u\000e\000s\000t\000i\000o\000n\000:\000\040\000T\000r\000i\000p\000l\000e\000\040\000D\000u\000a\000l\000\040\000I\000s\000o\000m\000o\000r\000p\000h\000i\000s\000m}{part.1}% 4
\BOOKMARK [2][-]{section*.4}{\376\377\000F\000i\000n\000i\000t\000e\000-\000D\000i\000m\000e\000n\000s\000i\000o\000n\000a\000l\000\040\000C\000a\000s\000e}{section*.3}% 5
\BOOKMARK [2][-]{section*.5}{\376\377\000I\000n\000f\000i\000n\000i\000t\000e\000-\000D\000i\000m\000e\000n\000s\000i\000o\000n\000a\000l\000\040\000C\000a\000s\000e}{section*.3}% 6
\BOOKMARK [2][-]{section*.6}{\376\377\000C\000o\000n\000c\000r\000e\000t\000e\000\040\000E\000x\000a\000m\000p\000l\000e\000:\000\040\0001\000\040\000a\000n\000d\000\040}{section*.3}% 7
\BOOKMARK [2][-]{section*.7}{\376\377\000C\000o\000n\000c\000l\000u\000s\000i\000o\000n\000\040\000a\000n\000d\000\040\000S\000u\000m\000m\000a\000r\000y}{section*.3}% 8
\BOOKMARK [1][-]{section*.8}{\376\377\000H\000i\000g\000h\000e\000r\000\040\000O\000r\000d\000e\000r\000\040\000D\000u\000a\000l\000s}{part.1}% 9
\BOOKMARK [2][-]{section*.9}{\376\377\000G\000e\000n\000e\000r\000a\000l\000\040\000C\000a\000s\000e\000:\000\040\000N\000o\000\040\000S\000t\000a\000b\000i\000l\000i\000z\000a\000t\000i\000o\000n}{section*.8}% 10
\BOOKMARK [2][-]{section*.10}{\376\377\000S\000p\000e\000c\000i\000a\000l\000\040\000C\000a\000s\000e\000:\000\040\000R\000e\000f\000l\000e\000x\000i\000v\000e\000\040\000S\000p\000a\000c\000e\000s}{section*.8}% 11
\BOOKMARK [2][-]{section*.11}{\376\377\000B\000i\000z\000a\000r\000r\000e\000\040\000C\000a\000s\000e\000:\000\040\000J\000a\000m\000e\000s\000'\000\040\000S\000p\000a\000c\000e}{section*.8}% 12
\BOOKMARK [2][-]{section*.12}{\376\377\000S\000u\000m\000m\000a\000r\000y}{section*.8}% 13
\BOOKMARK [1][-]{section*.13}{\376\377\000N\000a\000t\000u\000r\000a\000l\000\040\000M\000a\000p\000\040\000v\000s\000\040\000I\000s\000o\000m\000o\000r\000p\000h\000i\000s\000m}{part.1}% 14
\BOOKMARK [2][-]{section*.14}{\376\377\000I\000s\000o\000m\000o\000r\000p\000h\000i\000s\000m}{section*.13}% 15
\BOOKMARK [2][-]{section*.15}{\376\377\000N\000a\000t\000u\000r\000a\000l\000\040\000E\000m\000b\000e\000d\000d\000i\000n\000g}{section*.13}% 16
\BOOKMARK [2][-]{section*.16}{\376\377\000T\000w\000o\000\040\000D\000i\000f\000f\000e\000r\000e\000n\000t\000\040\000M\000a\000p\000s}{section*.13}% 17
\BOOKMARK [2][-]{section*.17}{\376\377\000A\000p\000p\000l\000i\000c\000a\000t\000i\000o\000n\000\040\000t\000o\000\040\000D\000i\000f\000f\000e\000r\000e\000n\000t\000\040\000C\000a\000s\000e\000s}{section*.13}% 18
\BOOKMARK [3][-]{section*.18}{\376\377\000F\000i\000n\000i\000t\000e\000-\000D\000i\000m\000e\000n\000s\000i\000o\000n\000a\000l\000\040\000S\000p\000a\000c\000e\000s}{section*.17}% 19
\BOOKMARK [3][-]{section*.19}{\376\377\000R\000e\000f\000l\000e\000x\000i\000v\000e\000\040\000B\000a\000n\000a\000c\000h\000\040\000S\000p\000a\000c\000e\000s}{section*.17}% 20
\BOOKMARK [3][-]{section*.20}{\376\377\000J\000a\000m\000e\000s\000'\000\040\000S\000p\000a\000c\000e\000\040\000J}{section*.17}% 21
\BOOKMARK [2][-]{section*.21}{\376\377\000S\000u\000m\000m\000a\000r\000y}{section*.13}% 22
\BOOKMARK [1][-]{section*.22}{\376\377\000B\000i\000o\000r\000t\000h\000o\000g\000o\000n\000a\000l\000\040\000I\000n\000j\000e\000c\000t\000i\000o\000n\000s}{part.1}% 23
\BOOKMARK [2][-]{section*.23}{\376\377\000F\000i\000n\000i\000t\000e\000-\000D\000i\000m\000e\000n\000s\000i\000o\000n\000a\000l\000\040\000C\000a\000s\000e\000:\000\040\000P\000e\000r\000f\000e\000c\000t\000\040\000B\000i\000o\000r\000t\000h\000o\000g\000o\000n\000a\000l\000i\000t\000y}{section*.22}% 24
\BOOKMARK [2][-]{section*.24}{\376\377\000I\000n\000f\000i\000n\000i\000t\000e\000-\000D\000i\000m\000e\000n\000s\000i\000o\000n\000a\000l\000\040\000C\000h\000a\000l\000l\000e\000n\000g\000e}{section*.22}% 25
\BOOKMARK [3][-]{section*.25}{\376\377\000H\000a\000m\000e\000l\000\040\000B\000a\000s\000e\000s\000\040\000a\000n\000d\000\040\000T\000h\000e\000i\000r\000\040\000L\000i\000m\000i\000t\000a\000t\000i\000o\000n\000s}{section*.24}% 26
\BOOKMARK [3][-]{section*.26}{\376\377\000M\000i\000n\000i\000m\000a\000l\000\040\000R\000e\000q\000u\000i\000r\000e\000m\000e\000n\000t\000:\000\040\000A\000\040\000B\000i\000o\000r\000t\000h\000o\000g\000o\000n\000a\000l\000\040\000S\000y\000s\000t\000e\000m}{section*.24}% 27
\BOOKMARK [2][-]{section*.27}{\376\377\000W\000h\000e\000n\000\040\000B\000i\000o\000r\000t\000h\000o\000g\000o\000n\000a\000l\000i\000t\000y\000\040\000G\000i\000v\000e\000s\000\040\000N\000i\000c\000e\000\040\000I\000n\000j\000e\000c\000t\000i\000o\000n\000s}{section*.22}% 28
\BOOKMARK [3][-]{section*.28}{\376\377\000H\000i\000l\000b\000e\000r\000t\000\040\000S\000p\000a\000c\000e\000s\000\040\000\050\000T\000h\000e\000\040\000N\000i\000c\000e\000s\000t\000\040\000C\000a\000s\000e\000\051}{section*.27}% 29
\BOOKMARK [3][-]{section*.29}{\376\377\000B\000a\000n\000a\000c\000h\000\040\000S\000p\000a\000c\000e\000s\000\040\000w\000i\000t\000h\000\040\000S\000c\000h\000a\000u\000d\000e\000r\000\040\000B\000a\000s\000e\000s}{section*.27}% 30
\BOOKMARK [3][-]{section*.30}{\376\377\000R\000e\000p\000r\000o\000d\000u\000c\000i\000n\000g\000\040\000K\000e\000r\000n\000e\000l\000\040\000H\000i\000l\000b\000e\000r\000t\000\040\000S\000p\000a\000c\000e\000s\000\040\000\050\000R\000K\000H\000S\000\051}{section*.27}% 31
\BOOKMARK [2][-]{section*.31}{\376\377\000O\000b\000s\000t\000r\000u\000c\000t\000i\000o\000n\000s\000\040\000a\000n\000d\000\040\000L\000i\000m\000i\000t\000a\000t\000i\000o\000n\000s}{section*.22}% 32
\BOOKMARK [3][-]{section*.32}{\376\377\000J\000a\000m\000e\000s\000'\000\040\000S\000p\000a\000c\000e\000\040\000S\000t\000r\000i\000k\000e\000s\000\040\000A\000g\000a\000i\000n}{section*.31}% 33
\BOOKMARK [3][-]{section*.33}{\376\377\000I\000s\000s\000u\000e\000\040\000o\000f\000\040\000C\000o\000m\000p\000l\000e\000t\000e\000n\000e\000s\000s}{section*.31}% 34
\BOOKMARK [3][-]{section*.34}{\376\377\000C\000o\000u\000n\000t\000e\000r\000e\000x\000a\000m\000p\000l\000e\000s\000\040\000E\000x\000i\000s\000t}{section*.31}% 35
\BOOKMARK [2][-]{section*.35}{\376\377\000S\000u\000m\000m\000a\000r\000y}{section*.22}% 36
\BOOKMARK [1][-]{section*.36}{\376\377\000H\000a\000m\000e\000l\000\040\000v\000s\000\040\000S\000c\000h\000a\000u\000d\000e\000r\000\040\000B\000a\000s\000e\000s}{part.1}% 37
\BOOKMARK [2][-]{section*.37}{\376\377\000D\000e\000f\000i\000n\000i\000t\000i\000o\000n\000s\000\040\000C\000l\000a\000r\000i\000f\000i\000e\000d}{section*.36}% 38
\BOOKMARK [3][-]{section*.38}{\376\377\000H\000a\000m\000e\000l\000\040\000B\000a\000s\000i\000s\000\040\000\050\000A\000l\000g\000e\000b\000r\000a\000i\000c\000\040\000B\000a\000s\000i\000s\000\051}{section*.37}% 39
\BOOKMARK [3][-]{section*.39}{\376\377\000O\000r\000t\000h\000o\000n\000o\000r\000m\000a\000l\000\040\000B\000a\000s\000i\000s\000\040\000\050\000H\000i\000l\000b\000e\000r\000t\000\040\000S\000p\000a\000c\000e\000\040\000B\000a\000s\000i\000s\000\051}{section*.37}% 40
\BOOKMARK [2][-]{section*.40}{\376\377\000W\000h\000y\000\040\000a\000\040\000H\000a\000m\000e\000l\000\040\000B\000a\000s\000i\000s\000\040\000M\000u\000s\000t\000\040\000B\000e\000\040\000U\000n\000c\000o\000u\000n\000t\000a\000b\000l\000e}{section*.36}% 41
\BOOKMARK [2][-]{section*.41}{\376\377\000P\000r\000a\000c\000t\000i\000c\000a\000l\000\040\000I\000m\000p\000l\000i\000c\000a\000t\000i\000o\000n\000s}{section*.36}% 42
\BOOKMARK [3][-]{section*.42}{\376\377\000F\000o\000r\000\040\000t\000h\000e\000\040\000O\000r\000t\000h\000o\000n\000o\000r\000m\000a\000l\000\040\000B\000a\000s\000i\000s\000:}{section*.41}% 43
\BOOKMARK [3][-]{section*.43}{\376\377\000F\000o\000r\000\040\000t\000h\000e\000\040\000H\000a\000m\000e\000l\000\040\000B\000a\000s\000i\000s\000:}{section*.41}% 44
\BOOKMARK [2][-]{section*.44}{\376\377\000W\000h\000y\000\040\000T\000h\000i\000s\000\040\000M\000a\000t\000t\000e\000r\000s\000\040\000f\000o\000r\000\040\000D\000u\000a\000l\000\040\000S\000p\000a\000c\000e\000s}{section*.36}% 45
\BOOKMARK [2][-]{section*.45}{\376\377\000T\000h\000e\000\040\000B\000i\000g\000\040\000P\000i\000c\000t\000u\000r\000e}{section*.36}% 46
\BOOKMARK [1][-]{section*.46}{\376\377\000S\000c\000h\000a\000u\000d\000e\000r\000\040\000B\000a\000s\000i\000s\000\040\000D\000e\000f\000i\000n\000i\000t\000i\000o\000n}{part.1}% 47
\BOOKMARK [2][-]{section*.47}{\376\377\000F\000o\000r\000m\000a\000l\000\040\000D\000e\000f\000i\000n\000i\000t\000i\000o\000n}{section*.46}% 48
\BOOKMARK [2][-]{section*.48}{\376\377\000K\000e\000y\000\040\000P\000r\000o\000p\000e\000r\000t\000i\000e\000s\000\040\000a\000n\000d\000\040\000C\000o\000n\000s\000e\000q\000u\000e\000n\000c\000e\000s}{section*.46}% 49
\BOOKMARK [3][-]{section*.49}{\376\377\000U\000n\000i\000q\000u\000e\000n\000e\000s\000s\000\040\000o\000f\000\040\000R\000e\000p\000r\000e\000s\000e\000n\000t\000a\000t\000i\000o\000n}{section*.48}% 50
\BOOKMARK [3][-]{section*.50}{\376\377\000C\000o\000o\000r\000d\000i\000n\000a\000t\000e\000\040\000F\000u\000n\000c\000t\000i\000o\000n\000a\000l\000s}{section*.48}% 51
\BOOKMARK [3][-]{section*.51}{\376\377\000B\000a\000s\000i\000s\000\040\000C\000o\000n\000s\000t\000a\000n\000t}{section*.48}% 52
\BOOKMARK [2][-]{section*.52}{\376\377\000E\000x\000a\000m\000p\000l\000e\000s}{section*.46}% 53
\BOOKMARK [3][-]{section*.53}{\376\377\000S\000t\000a\000n\000d\000a\000r\000d\000\040\000B\000a\000s\000i\000s\000\040\000i\000n\000\040\000p\000\040\000\050\0001\000\040\000p\000\040\000<\000\040\000\051}{section*.52}% 54
\BOOKMARK [3][-]{section*.54}{\376\377\000T\000r\000i\000g\000o\000n\000o\000m\000e\000t\000r\000i\000c\000\040\000S\000y\000s\000t\000e\000m\000\040\000i\000n\000\040\000L\000p\000[\0000\000,\0001\000]}{section*.52}% 55
\BOOKMARK [3][-]{section*.55}{\376\377\000H\000a\000a\000r\000\040\000S\000y\000s\000t\000e\000m\000\040\000i\000n\000\040\000L\000p\000[\0000\000,\0001\000]}{section*.52}% 56
\BOOKMARK [2][-]{section*.56}{\376\377\000I\000m\000p\000o\000r\000t\000a\000n\000t\000\040\000T\000h\000e\000o\000r\000e\000m\000s}{section*.46}% 57
\BOOKMARK [3][-]{section*.57}{\376\377\000B\000a\000n\000a\000c\000h\000'\000s\000\040\000B\000a\000s\000i\000s\000\040\000T\000h\000e\000o\000r\000e\000m}{section*.56}% 58
\BOOKMARK [3][-]{section*.58}{\376\377\000A\000p\000p\000r\000o\000x\000i\000m\000a\000t\000i\000o\000n\000\040\000P\000r\000o\000p\000e\000r\000t\000y}{section*.56}% 59
\BOOKMARK [2][-]{section*.59}{\376\377\000C\000o\000m\000p\000a\000r\000i\000s\000o\000n\000\040\000w\000i\000t\000h\000\040\000O\000t\000h\000e\000r\000\040\000B\000a\000s\000i\000s\000\040\000C\000o\000n\000c\000e\000p\000t\000s}{section*.46}% 60
\BOOKMARK [2][-]{section*.60}{\376\377\000L\000i\000m\000i\000t\000a\000t\000i\000o\000n\000s\000\040\000a\000n\000d\000\040\000I\000m\000p\000o\000r\000t\000a\000n\000t\000\040\000F\000a\000c\000t\000s}{section*.46}% 61
\BOOKMARK [1][-]{section*.61}{\376\377\000D\000i\000f\000f\000e\000r\000e\000n\000t\000\040\000B\000a\000s\000e\000s\000\040\000G\000i\000v\000e\000\040\000D\000i\000f\000f\000e\000r\000e\000n\000t\000\040\000I\000n\000j\000e\000c\000t\000i\000o\000n\000s}{part.1}% 62
\BOOKMARK [2][-]{section*.62}{\376\377\000G\000e\000n\000e\000r\000a\000l\000\040\000C\000o\000n\000s\000t\000r\000u\000c\000t\000i\000o\000n}{section*.61}% 63
\BOOKMARK [2][-]{section*.63}{\376\377\000W\000h\000y\000\040\000D\000i\000f\000f\000e\000r\000e\000n\000t\000\040\000B\000a\000s\000e\000s\000\040\000G\000i\000v\000e\000\040\000D\000i\000f\000f\000e\000r\000e\000n\000t\000\040\000I\000n\000j\000e\000c\000t\000i\000o\000n\000s}{section*.61}% 64
\BOOKMARK [3][-]{section*.64}{\376\377\000D\000i\000f\000f\000e\000r\000e\000n\000t\000\040\000C\000o\000o\000r\000d\000i\000n\000a\000t\000e\000\040\000S\000y\000s\000t\000e\000m\000s}{section*.63}% 65
\BOOKMARK [3][-]{section*.65}{\376\377\000D\000i\000f\000f\000e\000r\000e\000n\000t\000\040\000R\000a\000n\000g\000e\000s}{section*.63}% 66
\BOOKMARK [2][-]{section*.66}{\376\377\000C\000o\000n\000c\000r\000e\000t\000e\000\040\000E\000x\000a\000m\000p\000l\000e\000\040\000i\000n\000\040\000p}{section*.61}% 67
\BOOKMARK [3][-]{section*.67}{\376\377\000B\000a\000s\000i\000s\000\040\0001\000:\000\040\000S\000t\000a\000n\000d\000a\000r\000d\000\040\000B\000a\000s\000i\000s}{section*.66}% 68
\BOOKMARK [3][-]{section*.68}{\376\377\000B\000a\000s\000i\000s\000\040\0002\000:\000\040\000"\000S\000h\000i\000f\000t\000e\000d\000"\000\040\000B\000a\000s\000i\000s}{section*.66}% 69
\BOOKMARK [2][-]{section*.69}{\376\377\000E\000v\000e\000n\000\040\000M\000o\000r\000e\000\040\000D\000r\000a\000m\000a\000t\000i\000c\000\040\000E\000x\000a\000m\000p\000l\000e}{section*.61}% 70
\BOOKMARK [3][-]{section*.70}{\376\377\000U\000n\000c\000o\000n\000d\000i\000t\000i\000o\000n\000a\000l\000\040\000B\000a\000s\000i\000s\000:}{section*.69}% 71
\BOOKMARK [3][-]{section*.71}{\376\377\000C\000o\000n\000d\000i\000t\000i\000o\000n\000a\000l\000\040\000B\000a\000s\000i\000s\000:}{section*.69}% 72
\BOOKMARK [2][-]{section*.72}{\376\377\000P\000r\000o\000p\000e\000r\000t\000i\000e\000s\000\040\000T\000h\000a\000t\000\040\000C\000a\000n\000\040\000D\000i\000f\000f\000e\000r}{section*.61}% 73
\BOOKMARK [2][-]{section*.73}{\376\377\000S\000p\000e\000c\000i\000a\000l\000\040\000C\000a\000s\000e\000:\000\040\000E\000q\000u\000i\000v\000a\000l\000e\000n\000t\000\040\000B\000a\000s\000e\000s}{section*.61}% 74
\BOOKMARK [2][-]{section*.74}{\376\377\000S\000u\000m\000m\000a\000r\000y}{section*.61}% 75
\BOOKMARK [1][-]{section*.75}{\376\377\000S\000p\000a\000c\000e\000s\000\040\000w\000i\000t\000h\000\040\000S\000c\000h\000a\000u\000d\000e\000r\000\040\000B\000a\000s\000e\000s}{part.1}% 76
\BOOKMARK [2][-]{section*.76}{\376\377\000S\000p\000a\000c\000e\000s\000\040\000w\000i\000t\000h\000\040\000t\000h\000e\000\040\000"\000B\000a\000s\000i\000s\000\040\000P\000r\000o\000p\000e\000r\000t\000y\000"}{section*.75}% 77
\BOOKMARK [2][-]{section*.77}{\376\377\000M\000o\000r\000e\000\040\000P\000r\000e\000c\000i\000s\000e\000l\000y\000:\000\040\000S\000p\000a\000c\000e\000s\000\040\000w\000i\000t\000h\000\040\000t\000h\000e\000\040\000"\000A\000p\000p\000r\000o\000x\000i\000m\000a\000t\000i\000o\000n\000\040\000P\000r\000o\000p\000e\000r\000t\000y\000"}{section*.75}% 78
\BOOKMARK [2][-]{section*.78}{\376\377\000I\000m\000p\000o\000r\000t\000a\000n\000t\000\040\000S\000u\000b\000c\000l\000a\000s\000s\000e\000s}{section*.75}% 79
\BOOKMARK [3][-]{section*.79}{\376\377\000S\000p\000a\000c\000e\000s\000\040\000w\000i\000t\000h\000\040\000U\000n\000c\000o\000n\000d\000i\000t\000i\000o\000n\000a\000l\000\040\000B\000a\000s\000e\000s}{section*.78}% 80
\BOOKMARK [3][-]{section*.80}{\376\377\000S\000p\000a\000c\000e\000s\000\040\000w\000i\000t\000h\000\040\000B\000o\000u\000n\000d\000e\000d\000l\000y\000\040\000C\000o\000m\000p\000l\000e\000t\000e\000\040\000B\000a\000s\000e\000s}{section*.78}% 81
\BOOKMARK [3][-]{section*.81}{\376\377\000S\000p\000a\000c\000e\000s\000\040\000w\000i\000t\000h\000\040\000S\000h\000r\000i\000n\000k\000i\000n\000g\000\040\000B\000a\000s\000e\000s}{section*.78}% 82
\BOOKMARK [2][-]{section*.82}{\376\377\000M\000a\000j\000o\000r\000\040\000O\000p\000e\000n\000\040\000P\000r\000o\000b\000l\000e\000m\000s\000\040\000\050\000N\000o\000w\000\040\000M\000o\000s\000t\000l\000y\000\040\000R\000e\000s\000o\000l\000v\000e\000d\000\051}{section*.75}% 83
\BOOKMARK [3][-]{section*.83}{\376\377\000T\000h\000e\000\040\000B\000a\000s\000i\000s\000\040\000P\000r\000o\000b\000l\000e\000m}{section*.82}% 84
\BOOKMARK [3][-]{section*.84}{\376\377\000T\000h\000e\000\040\000A\000p\000p\000r\000o\000x\000i\000m\000a\000t\000i\000o\000n\000\040\000P\000r\000o\000p\000e\000r\000t\000y\000\040\000P\000r\000o\000b\000l\000e\000m}{section*.82}% 85
\BOOKMARK [2][-]{section*.85}{\376\377\000P\000o\000s\000i\000t\000i\000v\000e\000\040\000R\000e\000s\000u\000l\000t\000s\000:\000\040\000I\000m\000p\000o\000r\000t\000a\000n\000t\000\040\000C\000l\000a\000s\000s\000e\000s\000\040\000T\000h\000a\000t\000\040\000A\000l\000w\000a\000y\000s\000\040\000H\000a\000v\000e\000\040\000B\000a\000s\000e\000s}{section*.75}% 86
\BOOKMARK [2][-]{section*.86}{\376\377\000M\000o\000d\000e\000r\000n\000\040\000T\000e\000r\000m\000i\000n\000o\000l\000o\000g\000y}{section*.75}% 87
\BOOKMARK [2][-]{section*.87}{\376\377\000S\000u\000m\000m\000a\000r\000y}{section*.75}% 88
\BOOKMARK [1][-]{section*.88}{\376\377\000D\000i\000s\000t\000r\000i\000b\000u\000t\000i\000o\000n\000\040\000T\000h\000e\000o\000r\000y\000\040\000a\000n\000d\000\040\000T\000V\000S}{part.1}% 89
\BOOKMARK [2][-]{section*.89}{\376\377\000B\000a\000s\000i\000c\000\040\000S\000e\000t\000u\000p}{section*.88}% 90
\BOOKMARK [3][-]{section*.90}{\376\377\000T\000e\000s\000t\000\040\000F\000u\000n\000c\000t\000i\000o\000n\000s}{section*.89}% 91
\BOOKMARK [3][-]{section*.91}{\376\377\000D\000i\000s\000t\000r\000i\000b\000u\000t\000i\000o\000n\000s\000\040\000a\000s\000\040\000D\000u\000a\000l\000s}{section*.89}% 92
\BOOKMARK [2][-]{section*.92}{\376\377\000T\000V\000S\000\040\000S\000t\000r\000u\000c\000t\000u\000r\000e\000\040\000M\000a\000t\000t\000e\000r\000s\000\040\000C\000r\000u\000c\000i\000a\000l\000l\000y}{section*.88}% 93
\BOOKMARK [3][-]{section*.93}{\376\377\000W\000h\000y\000\040\000t\000h\000e\000\040\000T\000o\000p\000o\000l\000o\000g\000y\000\040\000i\000s\000\040\000C\000a\000r\000e\000f\000u\000l\000l\000y\000\040\000C\000h\000o\000s\000e\000n}{section*.92}% 94
\BOOKMARK [3][-]{section*.94}{\376\377\000C\000o\000n\000s\000e\000q\000u\000e\000n\000c\000e\000s\000\040\000f\000o\000r\000\040\000D\000i\000s\000t\000r\000i\000b\000u\000t\000i\000o\000n\000s}{section*.92}% 95
\BOOKMARK [2][-]{section*.95}{\376\377\000O\000p\000e\000r\000a\000t\000i\000o\000n\000s\000\040\000v\000i\000a\000\040\000D\000u\000a\000l\000i\000t\000y}{section*.88}% 96
\BOOKMARK [3][-]{section*.96}{\376\377\000D\000i\000f\000f\000e\000r\000e\000n\000t\000i\000a\000t\000i\000o\000n}{section*.95}% 97
\BOOKMARK [3][-]{section*.97}{\376\377\000M\000u\000l\000t\000i\000p\000l\000i\000c\000a\000t\000i\000o\000n\000\040\000b\000y\000\040\000S\000m\000o\000o\000t\000h\000\040\000F\000u\000n\000c\000t\000i\000o\000n\000s}{section*.95}% 98
\BOOKMARK [3][-]{section*.98}{\376\377\000F\000o\000u\000r\000i\000e\000r\000\040\000T\000r\000a\000n\000s\000f\000o\000r\000m\000\040\000\050\000f\000o\000r\000\040\000t\000e\000m\000p\000e\000r\000e\000d\000\040\000d\000i\000s\000t\000r\000i\000b\000u\000t\000i\000o\000n\000s\000\051}{section*.95}% 99
\BOOKMARK [2][-]{section*.99}{\376\377\000I\000m\000p\000o\000r\000t\000a\000n\000t\000\040\000T\000h\000e\000o\000r\000e\000m\000s\000\040\000f\000r\000o\000m\000\040\000T\000V\000S\000\040\000T\000h\000e\000o\000r\000y}{section*.88}% 100
\BOOKMARK [3][-]{section*.100}{\376\377\000H\000a\000h\000n\000-\000B\000a\000n\000a\000c\000h\000\040\000T\000h\000e\000o\000r\000e\000m}{section*.99}% 101
\BOOKMARK [3][-]{section*.101}{\376\377\000U\000n\000i\000f\000o\000r\000m\000\040\000B\000o\000u\000n\000d\000e\000d\000n\000e\000s\000s\000\040\000P\000r\000i\000n\000c\000i\000p\000l\000e}{section*.99}% 102
\BOOKMARK [3][-]{section*.102}{\376\377\000S\000c\000h\000w\000a\000r\000t\000z\000\040\000K\000e\000r\000n\000e\000l\000\040\000T\000h\000e\000o\000r\000e\000m}{section*.99}% 103
\BOOKMARK [3][-]{section*.103}{\376\377\000M\000o\000n\000t\000e\000l\000\040\000S\000p\000a\000c\000e\000s}{section*.99}% 104
\BOOKMARK [2][-]{section*.104}{\376\377\000C\000o\000m\000p\000a\000r\000i\000s\000o\000n\000\040\000w\000i\000t\000h\000\040\000O\000t\000h\000e\000r\000\040\000D\000u\000a\000l\000i\000t\000i\000e\000s}{section*.88}% 105
\BOOKMARK [2][-]{section*.105}{\376\377\000W\000h\000y\000\040\000T\000h\000i\000s\000\040\000F\000o\000u\000n\000d\000a\000t\000i\000o\000n\000\040\000M\000a\000t\000t\000e\000r\000s}{section*.88}% 106
\BOOKMARK [2][-]{section*.106}{\376\377\000S\000u\000m\000m\000a\000r\000y}{section*.88}% 107
\BOOKMARK [1][-]{section*.107}{\376\377\000B\000a\000s\000e\000s\000\040\000i\000n\000\040\000D\000i\000s\000t\000r\000i\000b\000u\000t\000i\000o\000n\000\040\000S\000p\000a\000c\000e\000s}{part.1}% 108
\BOOKMARK [2][-]{section*.108}{\376\377\000T\000h\000e\000\040\000S\000c\000h\000w\000a\000r\000t\000z\000\040\000S\000p\000a\000c\000e\000\040\000S\000\050\000R\000n\000\051}{section*.107}% 109
\BOOKMARK [3][-]{section*.109}{\376\377\000H\000e\000r\000m\000i\000t\000e\000\040\000B\000a\000s\000i\000s}{section*.108}% 110
\BOOKMARK [3][-]{section*.110}{\376\377\000M\000u\000l\000t\000i\000-\000d\000i\000m\000e\000n\000s\000i\000o\000n\000a\000l\000\040\000C\000a\000s\000e}{section*.108}% 111
\BOOKMARK [2][-]{section*.111}{\376\377\000T\000h\000e\000\040\000S\000p\000a\000c\000e\000\040\000D\000\050\000\051\000\040\000=\000\040\000C\000c\000\050\000\051}{section*.107}% 112
\BOOKMARK [3][-]{section*.112}{\376\377\000F\000u\000n\000d\000a\000m\000e\000n\000t\000a\000l\000\040\000O\000b\000s\000t\000r\000u\000c\000t\000i\000o\000n}{section*.111}% 113
\BOOKMARK [3][-]{section*.113}{\376\377\000N\000e\000g\000a\000t\000i\000v\000e\000\040\000R\000e\000s\000u\000l\000t\000s}{section*.111}% 114
\BOOKMARK [3][-]{section*.114}{\376\377\000W\000h\000y\000\040\000T\000h\000i\000s\000\040\000M\000a\000t\000t\000e\000r\000s}{section*.111}% 115
\BOOKMARK [2][-]{section*.115}{\376\377\000D\000i\000s\000t\000r\000i\000b\000u\000t\000i\000o\000n\000\040\000S\000p\000a\000c\000e\000s\000\040\000D\000'\000\050\000\051\000\040\000a\000n\000d\000\040\000S\000'\000\050\000R\000n\000\051}{section*.107}% 116
\BOOKMARK [3][-]{section*.116}{\376\377\000S\000'\000\050\000R\000n\000\051\000\040\000-\000\040\000T\000e\000m\000p\000e\000r\000e\000d\000\040\000D\000i\000s\000t\000r\000i\000b\000u\000t\000i\000o\000n\000s}{section*.115}% 117
\BOOKMARK [3][-]{section*.117}{\376\377\000D\000'\000\050\000\051\000\040\000-\000\040\000G\000e\000n\000e\000r\000a\000l\000\040\000D\000i\000s\000t\000r\000i\000b\000u\000t\000i\000o\000n\000s}{section*.115}% 118
\BOOKMARK [2][-]{section*.118}{\376\377\000W\000h\000a\000t\000\040\000A\000b\000o\000u\000t\000\040\000"\000G\000e\000n\000e\000r\000a\000l\000i\000z\000e\000d\000"\000\040\000B\000a\000s\000e\000s\000?}{section*.107}% 119
\BOOKMARK [3][-]{section*.119}{\376\377\000A\000b\000s\000o\000l\000u\000t\000e\000\040\000B\000a\000s\000e\000s}{section*.118}% 120
\BOOKMARK [3][-]{section*.120}{\376\377\000G\000e\000n\000e\000r\000a\000l\000i\000z\000e\000d\000\040\000S\000c\000h\000a\000u\000d\000e\000r\000\040\000B\000a\000s\000e\000s}{section*.118}% 121
\BOOKMARK [3][-]{section*.121}{\376\377\000W\000a\000v\000e\000l\000e\000t\000\040\000B\000a\000s\000e\000s}{section*.118}% 122
\BOOKMARK [2][-]{section*.122}{\376\377\000T\000h\000e\000\040\000B\000i\000g\000\040\000P\000i\000c\000t\000u\000r\000e}{section*.107}% 123
\BOOKMARK [2][-]{section*.123}{\376\377\000P\000r\000a\000c\000t\000i\000c\000a\000l\000\040\000I\000m\000p\000l\000i\000c\000a\000t\000i\000o\000n\000s}{section*.107}% 124
\BOOKMARK [3][-]{section*.124}{\376\377\000W\000h\000y\000\040\000T\000h\000i\000s\000\040\000M\000a\000t\000t\000e\000r\000s\000\040\000f\000o\000r\000\040\000D\000i\000s\000t\000r\000i\000b\000u\000t\000i\000o\000n\000\040\000T\000h\000e\000o\000r\000y}{section*.123}% 125
\BOOKMARK [3][-]{section*.125}{\376\377\000A\000p\000p\000r\000o\000x\000i\000m\000a\000t\000i\000o\000n\000\040\000T\000h\000e\000o\000r\000y}{section*.123}% 126
\BOOKMARK [2][-]{section*.126}{\376\377\000S\000u\000m\000m\000a\000r\000y}{section*.107}% 127
