This is TeX, Version 3.14159 (preloaded format=latex_ml 7.10.13)  17 SEP 2013 11:35
**&latex_ml C:/Users/bqw/AppData/Local/Temp/swp0001.tex
(C:/Users/bqw/AppData/Local/Temp/swp0001.tex
LaTeX2e <2003/12/01>
Babel <v3.8a> and hyphenation patterns for american, english, french, german, n
german, loaded.
(C:\sw55\TCITeX\TeX\LaTeX\contrib\revtex4\revtex4.cls
Document Class: revtex4 2001/08/03 v4.0 (http://publish.aps.org/revtex4/ for do
cumentation)
 Copyright (c) 2001 The American Physical Society.
 mailto:revtex@aps.org
 Licensed under the LPPL:
http://www.ctan.org/tex-archive/macros/latex/base/lppl.txt
 Arthur Ogawa <ogawa@teleport.com>
 Based on work by David Carlisle <david@dcarlisle.demon.co.uk>.
ltxutil: portions licensed from W. E. Baxter (web@superscript.com)
Class revtex4 Info: Repairing broken LateX \@sect on input line 596.
\intertabularlinepenalty=\count79
\@tbpen=\count80
\@arstrutbox@hline=\box26
Class revtex4 Info: Repairing broken LaTeX \@xbitor on input line 1610.
ltxgrid: portions licensed from W. E. Baxter (web@superscript.com)
\c@linecount=\count81
\output=\toks14
\@protection@box=\box27
\@topmark@saved=\toks15
\footins@saved=\box28
\pagesofar=\box29
\footbox=\box30
\pagegrid@col=\count82
Class revtex4 Info: Incorporating package {textcase}  [1998/11/12 v0.06 Text on
ly upper/lower case changing (DPC)]. on input line 3682.
(C:\sw55\TCITeX\TeX\LaTeX\contrib\misc\url.sty
\Urlmuskip=\muskip10
Package: url 2006/04/12  ver 3.3  Verb mode for urls, etc.
)
\c@affil=\count83
\absbox=\box31
\c@part=\count84
\c@section=\count85
\c@subsection=\count86
\c@subsubsection=\count87
\c@paragraph=\count88
\c@subparagraph=\count89
\abovecaptionskip=\skip41
\belowcaptionskip=\skip42
\c@figure=\count90
\c@table=\count91

(C:\sw55\TCITeX\TeX\LaTeX\contrib\natbib\natbib.sty
Package: natbib 2009/02/02 8.3 (PWD, AO)
\bibhang=\skip43
\bibsep=\skip44
LaTeX Info: Redefining \cite on input line 694.
\c@NAT@ctr=\count92
)
\widetext@top=\box32
\widetext@bot=\box33

(C:\sw55\TCITeX\TeX\LaTeX\contrib\revtex4\revsymb.sty
Package: revsymb 2001/08/03 v4.0 (http://publish.aps.org/revtex4/ for documenta
tion)
LaTeX Info: Redefining \REV@mathfrak on input line 118.
))
(C:\sw55\TCITeX\TeX\LaTeX\contrib\revtex4\aps.rtx
File: aps.rtx 2001/08/03 v4.0 (http://publish.aps.org/revtex4/ for documentatio
n)
)
(C:\sw55\TCITeX\TeX\LaTeX\contrib\revtex4\12pt.rtx
File: 12pt.rtx 2001/08/03 v4.0 (http://publish.aps.org/revtex4/ for documentati
on)
)
(C:\sw55\TCITeX\TeX\LaTeX\amsfonts\amssymb.sty
Package: amssymb 2002/01/22 v2.2d

(C:\sw55\TCITeX\TeX\LaTeX\amsfonts\amsfonts.sty
Package: amsfonts 2001/10/25 v2.2f
\@emptytoks=\toks16
\symAMSa=\mathgroup4
\symAMSb=\mathgroup5
LaTeX Font Info:    Overwriting math alphabet `\mathfrak' in version `bold'
(Font)                  U/euf/m/n --> U/euf/b/n on input line 132.
LaTeX Info: Redefining \frak on input line 135.
LaTeX Info: Redefining \Bbb on input line 137.
))
(C:\sw55\TCITeX\TeX\LaTeX\amsmath\amsmath.sty
Package: amsmath 2000/07/18 v2.13 AMS math features
\@mathmargin=\skip45

For additional information on amsmath, use the `?' option.
(C:\sw55\TCITeX\TeX\LaTeX\amsmath\amstext.sty
Package: amstext 2000/06/29 v2.01

(C:\sw55\TCITeX\TeX\LaTeX\amsmath\amsgen.sty
File: amsgen.sty 1999/11/30 v2.0
\@emptytoks=\toks17
\ex@=\dimen102
))
(C:\sw55\TCITeX\TeX\LaTeX\amsmath\amsbsy.sty
Package: amsbsy 1999/11/29 v1.2d
\pmbraise@=\dimen103
)
(C:\sw55\TCITeX\TeX\LaTeX\amsmath\amsopn.sty
Package: amsopn 1999/12/14 v2.01 operator names
)
\inf@bad=\count93
LaTeX Info: Redefining \frac on input line 211.
\uproot@=\count94
\leftroot@=\count95
LaTeX Info: Redefining \overline on input line 307.
\classnum@=\count96
\DOTSCASE@=\count97
LaTeX Info: Redefining \ldots on input line 379.
LaTeX Info: Redefining \dots on input line 382.
LaTeX Info: Redefining \cdots on input line 467.
\Mathstrutbox@=\box34
\strutbox@=\box35
\big@size=\dimen104
LaTeX Font Info:    Redeclaring font encoding OML on input line 567.
LaTeX Font Info:    Redeclaring font encoding OMS on input line 568.
\macc@depth=\count98
\c@MaxMatrixCols=\count99
\dotsspace@=\muskip11
\c@parentequation=\count100
\dspbrk@lvl=\count101
\tag@help=\toks18
\row@=\count102
\column@=\count103
\maxfields@=\count104
\andhelp@=\toks19
\eqnshift@=\dimen105
\alignsep@=\dimen106
\tagshift@=\dimen107
\tagwidth@=\dimen108
\totwidth@=\dimen109
\lineht@=\dimen110
\@envbody=\toks20
\multlinegap=\skip46
\multlinetaggap=\skip47
\mathdisplay@stack=\toks21
LaTeX Info: Redefining \[ on input line 2666.
LaTeX Info: Redefining \] on input line 2667.
)
(C:\sw55\TCITeX\TeX\LaTeX\required\graphics\graphicx.sty
Package: graphicx 1999/02/16 v1.0f Enhanced LaTeX Graphics (DPC,SPQR)

(C:\sw55\TCITeX\TeX\LaTeX\required\graphics\keyval.sty
Package: keyval 1999/03/16 v1.13 key=value parser (DPC)
\KV@toks@=\toks22
)
(C:\sw55\TCITeX\TeX\LaTeX\required\graphics\graphics.sty
Package: graphics 2001/07/07 v1.0n Standard LaTeX Graphics (DPC,SPQR)

(C:\sw55\TCITeX\TeX\LaTeX\required\graphics\trig.sty
Package: trig 1999/03/16 v1.09 sin cos tan (DPC)
)
(C:\sw55\TCITeX\TeX\LaTeX\required\graphics\graphics.cfg
File: graphics.cfg 
)
Package graphics Info: Driver file: tcidvi.def on input line 80.

(C:\sw55\TCITeX\TeX\LaTeX\required\graphics\tcidvi.def
File: tcidvi.def 1999/02/16 v3.0i Driver-dependant file (DPC,SPQR)
))
\Gin@req@height=\dimen111
\Gin@req@width=\dimen112
)
\c@theorem=\count105
 (.\swp0001.aux)
LaTeX Font Info:    Checking defaults for OML/cmm/m/it on input line 41.
LaTeX Font Info:    ... okay on input line 41.
LaTeX Font Info:    Checking defaults for T1/cmr/m/n on input line 41.
LaTeX Font Info:    ... okay on input line 41.
LaTeX Font Info:    Checking defaults for OT1/cmr/m/n on input line 41.
LaTeX Font Info:    ... okay on input line 41.
LaTeX Font Info:    Checking defaults for OMS/cmsy/m/n on input line 41.
LaTeX Font Info:    ... okay on input line 41.
LaTeX Font Info:    Checking defaults for OMX/cmex/m/n on input line 41.
LaTeX Font Info:    ... okay on input line 41.
LaTeX Font Info:    Checking defaults for U/cmr/m/n on input line 41.
LaTeX Font Info:    ... okay on input line 41.
Class revtex4 Info: Patching LaTeX tabular. on input line 41.
Class revtex4 Info: cite was not loaded (OK!) on input line 41.
Class revtex4 Info: multicol was not loaded (OK!) on input line 41.


Class revtex4 Warning: If you want your PACS to appear in your output, use docu
ment class option showpacs.


Class revtex4 Warning: If you want your keywords to appear in your output, use 
document class option showkeys.

[1] (.\swp0001.toc
Overfull \hbox (0.87357pt too wide) detected at line 4
 \T1/cmr/m/n/12 3
 []


Overfull \hbox (0.87357pt too wide) detected at line 5
 \T1/cmr/m/n/12 5
 []

Runaway argument?
{\numberline {}odd\def 
! Paragraph ended before \contentsline was complete.
<to be read again> 
                   \par 
l.8 ...ragraph}{\numberline {}odd\def \par
                                           }{5}{}
? 
! Extra }, or forgotten \endgroup.
l.8 ...graph}{\numberline {}odd\def \par }
                                          {5}{}
? 
Runaway argument?
{\numberline {}odd\def 
! Paragraph ended before \contentsline was complete.
<to be read again> 
                   \par 
l.11 ...agraph}{\numberline {}odd\def \par
                                           }{6}{}
? 
! Extra }, or forgotten \endgroup.
l.11 ...raph}{\numberline {}odd\def \par }
                                          {6}{}
? 

Overfull \hbox (0.87357pt too wide) detected at line 12
 \T1/cmr/m/n/12 7
 []


Overfull \hbox (0.87357pt too wide) detected at line 13
 \T1/cmr/m/n/12 7
 []


Overfull \hbox (0.87357pt too wide) detected at line 14
 \T1/cmr/m/n/12 8
 []


Overfull \hbox (0.87357pt too wide) detected at line 15
 \T1/cmr/m/n/12 9
 []


Overfull \hbox (0.87357pt too wide) detected at line 16
 \T1/cmr/m/n/12 9
 []


Overfull \hbox (6.74713pt too wide) detected at line 17
 \T1/cmr/m/n/12 10
 []


Overfull \hbox (6.74713pt too wide) detected at line 18
 \T1/cmr/m/n/12 10
 []


Overfull \hbox (6.74713pt too wide) detected at line 19
 \T1/cmr/m/n/12 13
 []


Overfull \hbox (6.74713pt too wide) detected at line 20
 \T1/cmr/m/n/12 13
 []


Overfull \hbox (6.74713pt too wide) detected at line 21
 \T1/cmr/m/n/12 14
 []


Overfull \hbox (6.74713pt too wide) detected at line 22
 \T1/cmr/m/n/12 14
 []


Overfull \hbox (6.74713pt too wide) detected at line 23
 \T1/cmr/m/n/12 15
 []


Overfull \hbox (6.74713pt too wide) detected at line 24
 \T1/cmr/m/n/12 15
 []


Overfull \hbox (6.74713pt too wide) detected at line 25
 \T1/cmr/m/n/12 16
 []


Overfull \hbox (6.74713pt too wide) detected at line 26
 \T1/cmr/m/n/12 17
 []


Overfull \hbox (6.74713pt too wide) detected at line 27
 \T1/cmr/m/n/12 19
 []


Overfull \hbox (6.74713pt too wide) detected at line 28
 \T1/cmr/m/n/12 19
 []


Overfull \hbox (6.74713pt too wide) detected at line 29
 \T1/cmr/m/n/12 19
 []


Overfull \hbox (6.74713pt too wide) detected at line 30
 \T1/cmr/m/n/12 20
 []


Overfull \hbox (6.74713pt too wide) detected at line 31
 \T1/cmr/m/n/12 20
 []


Overfull \hbox (6.74713pt too wide) detected at line 32
 \T1/cmr/m/n/12 21
 []


Overfull \hbox (6.74713pt too wide) detected at line 33
 \T1/cmr/m/n/12 22
 []


Overfull \hbox (6.74713pt too wide) detected at line 34
 \T1/cmr/m/n/12 23
 []


Overfull \hbox (6.74713pt too wide) detected at line 35
 \T1/cmr/m/n/12 25
 []


Overfull \hbox (6.74713pt too wide) detected at line 36
 \T1/cmr/m/n/12 27
 []


Overfull \hbox (6.74713pt too wide) detected at line 37
 \T1/cmr/m/n/12 27
 []

[2]
Overfull \hbox (6.74713pt too wide) detected at line 38
 \T1/cmr/m/n/12 28
 []


Overfull \hbox (6.74713pt too wide) detected at line 39
 \T1/cmr/m/n/12 28
 []


Overfull \hbox (6.74713pt too wide) detected at line 42
 \T1/cmr/m/n/12 29
 []


Overfull \hbox (6.74713pt too wide) detected at line 43
 \T1/cmr/m/n/12 29
 []


Overfull \hbox (6.74713pt too wide) detected at line 44
 \T1/cmr/m/n/12 31
 []


Overfull \hbox (6.74713pt too wide) detected at line 45
 \T1/cmr/m/n/12 32
 []


Overfull \hbox (6.74713pt too wide) detected at line 46
 \T1/cmr/m/n/12 34
 []

LaTeX Font Info:    Try loading font information for U+msa on input line 47.
(C:\sw55\TCITeX\TeX\LaTeX\amsfonts\umsa.fd
File: umsa.fd 2002/01/19 v2.2g AMS font definitions
)
LaTeX Font Info:    Try loading font information for U+msb on input line 47.

(C:\sw55\TCITeX\TeX\LaTeX\amsfonts\umsb.fd
File: umsb.fd 2002/01/19 v2.2g AMS font definitions
)
Overfull \hbox (6.74713pt too wide) detected at line 47
 \T1/cmr/m/n/12 34
 []


Overfull \hbox (6.74713pt too wide) detected at line 48
 \T1/cmr/m/n/12 40
 []


Overfull \hbox (6.74713pt too wide) detected at line 49
 \T1/cmr/m/n/12 44
 []


Overfull \hbox (6.74713pt too wide) detected at line 50
 \T1/cmr/m/n/12 45
 []


Overfull \hbox (6.74713pt too wide) detected at line 51
 \T1/cmr/m/n/12 45
 []


Overfull \hbox (6.74713pt too wide) detected at line 52
 \T1/cmr/m/n/12 46
 []


Overfull \hbox (6.74713pt too wide) detected at line 53
 \T1/cmr/m/n/12 48
 []


Overfull \hbox (6.74713pt too wide) detected at line 54
 \T1/cmr/m/n/12 49
 []


Overfull \hbox (6.74713pt too wide) detected at line 55
 \T1/cmr/m/n/12 53
 []

)
\tf@toc=\write3
 [3] [4]
! Argument of \@sect@ltx has an extra }.
<inserted text> 
                \par 
l.284 \paragraph
                {r=2 then}
? 
Runaway argument?
{\normalfont \normalsize \bfseries }{\def \@currenvir {equatio\ETC.
! Paragraph ended before \@sect@ltx was complete.
<to be read again> 
                   \par 
l.284 \paragraph
                {r=2 then}
? 
[5]
! Argument of \@sect@ltx has an extra }.
<inserted text> 
                \par 
l.332 \subsection
                 {Fock Space Representations}
? 
Runaway argument?
{\normalfont \normalsize \bfseries }{\def \@currenvir {equatio\ETC.
! Paragraph ended before \@sect@ltx was complete.
<to be read again> 
                   \par 
l.332 \subsection
                 {Fock Space Representations}
? 
[6] [7] [8] [9]
Overfull \hbox (42.58804pt too wide) detected at line 532
\OML/cmm/m/it/12 AB \OT1/cmr/m/n/12 = \OML/cmm/m/it/12 A[] [] \OT1/cmr/m/n/12 +
 \OML/cmm/m/it/12 A[] [] \OT1/cmr/m/n/12 + \OML/cmm/m/it/12 A[] [] :
 []


Overfull \hbox (28.61153pt too wide) in paragraph at lines 563--563
[] 
 []

[10]
Overfull \hbox (109.16519pt too wide) in paragraph at lines 607--607
[] 
 []


Overfull \hbox (16.84703pt too wide) in paragraph at lines 627--627
[] 
 []

[11] [12] [13] [14] [15]
Overfull \hbox (2.06297pt too wide) in paragraph at lines 914--914
[] 
 []

[16]
Overfull \hbox (7.5972pt too wide) detected at line 955
\OML/cmm/m/it/12 A[]\OMS/cmsy/m/n/12 c\OML/cmm/m/it/12 C \OT1/cmr/m/n/12 = [] [
][] = [][] + [][] + [][] + [][] + [][] + [] + [][]
 []

[17] [18] [19] [20] [21]
LaTeX Font Info:    Try loading font information for U+euf on input line 1186.
 (C:\sw55\TCITeX\TeX\LaTeX\amsfonts\ueuf.fd
File: ueuf.fd 2002/01/19 v2.2g AMS font definitions
)

! LaTeX Error: \mathfrak allowed only in math mode.

See the LaTeX manual or LaTeX Companion for explanation.
Type  H <return>  for immediate help.
 ...                                      
                                          
l.1203 ...1\forall p\in\emph{\mathfrak{P}}
                                          \quad\&\quad
? 
[22]
Overfull \hbox (51.43701pt too wide) in paragraph at lines 1309--1309
[] 
 []

[23] [24] [25] [26] [27] [28]
Underfull \hbox (badness 2521) in paragraph at lines 1628--1633
[]\T1/cmr/m/n/12 Let $[]$ be an or-tho-nor-mal ba-sis of $\OMS/cmsy/m/n/12 F[]$
 \T1/cmr/m/n/12 that gen-er-ates the ba-sis
 []


Overfull \hbox (4.36266pt too wide) in paragraph at lines 1654--1654
[] 
 []

[29] [30] [31]
Overfull \hbox (2.09602pt too wide) in paragraph at lines 1913--1913
[] 
 []

[32] [33]
Overfull \hbox (15.21754pt too wide) in paragraph at lines 2077--2077
[] 
 []

[34]
Overfull \hbox (18.22165pt too wide) in paragraph at lines 2142--2142
[] 
 []


Overfull \hbox (65.60503pt too wide) in paragraph at lines 2186--2186
[] 
 []

[35]
Overfull \hbox (53.73114pt too wide) in paragraph at lines 2238--2238
[] 
 []

[36] [37] [38] [39] [40] [41] [42]
Overfull \hbox (37.87007pt too wide) in paragraph at lines 2565--2565
[] 
 []

[43] [44] [45] [46]
Overfull \hbox (36.17668pt too wide) in paragraph at lines 2768--2768
[] 
 []

[47] [48]
Overfull \hbox (106.8852pt too wide) in paragraph at lines 2897--2897
[] 
 []


Overfull \hbox (86.36928pt too wide) in paragraph at lines 2914--2914
[] 
 []

[49]
Overfull \hbox (10.63257pt too wide) in paragraph at lines 2985--2985
[] 
 []

[50]
Overfull \hbox (102.99371pt too wide) in paragraph at lines 3026--3026
[] 
 []

[51] [52] [53] (.\swp0001.aux) )
Here is how much of TeX's memory you used:
3107 strings out of 25820
34581 string characters out of 247698
118247 words of memory out of 262141
6027 multiletter control sequences out of 20000
18543 words of font info for 58 fonts, out of 300000 for 255
22 hyphenation exceptions out of 607
27i,19n,24p,330b,285s stack positions out of 300i,40n,60p,5000b,10000s

Output written on swp0001.dvi (53 pages, 194148 bytes).
