This is pdfTeX, Version 3.1415926-2.5-1.40.14 (MiKTeX 2.9 64-bit) (preloaded format=latex 2014.5.8)  8 MAY 2014 12:24
entering extended mode
**C:/sw55/Docs/Geometric*Alg*08012013.tex
("C:/sw55/Docs/Geometric Alg 08012013.tex"
LaTeX2e <2014/05/01>
Babel <v3.8m> and hyphenation patterns for english, afrikaans, ancientgreek, ar
abic, armenian, assamese, basque, bengali, bokmal, bulgarian, catalan, coptic, 
croatian, czech, danish, dutch, esperanto, estonian, farsi, finnish, french, ga
lician, german, german-x-2013-05-26, greek, gujarati, hindi, hungarian, iceland
ic, indonesian, interlingua, irish, italian, kannada, kurmanji, latin, latvian,
 lithuanian, malayalam, marathi, mongolian, mongolianlmc, monogreek, ngerman, n
german-x-2013-05-26, nynorsk, oriya, panjabi, pinyin, polish, portuguese, roman
ian, russian, sanskrit, serbian, slovak, slovenian, spanish, swedish, swissgerm
an, tamil, telugu, turkish, turkmen, ukenglish, ukrainian, uppersorbian, usengl
ishmax, welsh, loaded.
("C:\Program Files\MiKTeX 2.9\tex\latex\revtex4\revtex4.cls"
Document Class: revtex4 2001/08/03 v4.0 (http://publish.aps.org/revtex4/ for do
cumentation)
 Copyright (c) 2001 The American Physical Society.
 mailto:revtex@aps.org
 Licensed under the LPPL:
http://www.ctan.org/tex-archive/macros/latex/base/lppl.txt
 Arthur Ogawa <ogawa@teleport.com>
 Based on work by David Carlisle <david@dcarlisle.demon.co.uk>.
ltxutil: portions licensed from W. E. Baxter (web@superscript.com)
Class revtex4 Info: Repairing broken LateX \@sect on input line 596.
\intertabularlinepenalty=\count79
\@tbpen=\count80
\@arstrutbox@hline=\box26
Class revtex4 Info: Repairing broken LaTeX \@xbitor on input line 1610.
ltxgrid: portions licensed from W. E. Baxter (web@superscript.com)
\c@linecount=\count81
\output=\toks14
\@protection@box=\box27
\@topmark@saved=\toks15
\footins@saved=\box28
\pagesofar=\box29
\footbox=\box30
\pagegrid@col=\count82
Class revtex4 Info: Incorporating package {textcase}  [1998/11/12 v0.06 Text on
ly upper/lower case changing (DPC)]. on input line 3682.
("C:\Program Files\MiKTeX 2.9\tex\latex\url\url.sty"
\Urlmuskip=\muskip10
Package: url 2013/09/16  ver 3.4  Verb mode for urls, etc.
)
\c@affil=\count83
\absbox=\box31
\c@part=\count84
\c@section=\count85
\c@subsection=\count86
\c@subsubsection=\count87
\c@paragraph=\count88
\c@subparagraph=\count89
\abovecaptionskip=\skip41
\belowcaptionskip=\skip42
\c@figure=\count90
\c@table=\count91

("C:\Program Files\MiKTeX 2.9\tex\latex\natbib\natbib.sty"
Package: natbib 2010/09/13 8.31b (PWD, AO)
\bibhang=\skip43
\bibsep=\skip44
LaTeX Info: Redefining \cite on input line 694.
\c@NAT@ctr=\count92
)
\widetext@top=\box32
\widetext@bot=\box33

("C:\Program Files\MiKTeX 2.9\tex\latex\revtex4\revsymb.sty"
Package: revsymb 2001/08/03 v4.0 (http://publish.aps.org/revtex4/ for documenta
tion)
LaTeX Info: Redefining \REV@mathfrak on input line 118.
))
("C:\Program Files\MiKTeX 2.9\tex\latex\revtex4\aps.rtx"
File: aps.rtx 2001/08/03 v4.0 (http://publish.aps.org/revtex4/ for documentatio
n)
)
("C:\Program Files\MiKTeX 2.9\tex\latex\revtex4\12pt.rtx"
File: 12pt.rtx 2001/08/03 v4.0 (http://publish.aps.org/revtex4/ for documentati
on)
)
("C:\Program Files\MiKTeX 2.9\tex\latex\amsfonts\amssymb.sty"
Package: amssymb 2013/01/14 v3.01 AMS font symbols

("C:\Program Files\MiKTeX 2.9\tex\latex\amsfonts\amsfonts.sty"
Package: amsfonts 2013/01/14 v3.01 Basic AMSFonts support
\@emptytoks=\toks16
\symAMSa=\mathgroup4
\symAMSb=\mathgroup5
LaTeX Font Info:    Overwriting math alphabet `\mathfrak' in version `bold'
(Font)                  U/euf/m/n --> U/euf/b/n on input line 106.
LaTeX Info: Redefining \frak on input line 111.
LaTeX Info: Redefining \Bbb on input line 113.
))
("C:\Program Files\MiKTeX 2.9\tex\latex\amsmath\amsmath.sty"
Package: amsmath 2013/01/14 v2.14 AMS math features
\@mathmargin=\skip45

For additional information on amsmath, use the `?' option.
("C:\Program Files\MiKTeX 2.9\tex\latex\amsmath\amstext.sty"
Package: amstext 2000/06/29 v2.01

("C:\Program Files\MiKTeX 2.9\tex\latex\amsmath\amsgen.sty"
File: amsgen.sty 1999/11/30 v2.0
\@emptytoks=\toks17
\ex@=\dimen102
))
("C:\Program Files\MiKTeX 2.9\tex\latex\amsmath\amsbsy.sty"
Package: amsbsy 1999/11/29 v1.2d
\pmbraise@=\dimen103
)
("C:\Program Files\MiKTeX 2.9\tex\latex\amsmath\amsopn.sty"
Package: amsopn 1999/12/14 v2.01 operator names
)
\inf@bad=\count93
LaTeX Info: Redefining \frac on input line 210.
\uproot@=\count94
\leftroot@=\count95
LaTeX Info: Redefining \overline on input line 306.
\classnum@=\count96
\DOTSCASE@=\count97
LaTeX Info: Redefining \ldots on input line 378.
LaTeX Info: Redefining \dots on input line 381.
LaTeX Info: Redefining \cdots on input line 466.
\Mathstrutbox@=\box34
\strutbox@=\box35
\big@size=\dimen104
LaTeX Font Info:    Redeclaring font encoding OML on input line 566.
LaTeX Font Info:    Redeclaring font encoding OMS on input line 567.
\macc@depth=\count98
\c@MaxMatrixCols=\count99
\dotsspace@=\muskip11
\c@parentequation=\count100
\dspbrk@lvl=\count101
\tag@help=\toks18
\row@=\count102
\column@=\count103
\maxfields@=\count104
\andhelp@=\toks19
\eqnshift@=\dimen105
\alignsep@=\dimen106
\tagshift@=\dimen107
\tagwidth@=\dimen108
\totwidth@=\dimen109
\lineht@=\dimen110
\@envbody=\toks20
\multlinegap=\skip46
\multlinetaggap=\skip47
\mathdisplay@stack=\toks21
LaTeX Info: Redefining \[ on input line 2665.
LaTeX Info: Redefining \] on input line 2666.
)
("C:\Program Files\MiKTeX 2.9\tex\latex\graphics\graphicx.sty"
Package: graphicx 2014/04/25 v1.0g Enhanced LaTeX Graphics (DPC,SPQR)

("C:\Program Files\MiKTeX 2.9\tex\latex\graphics\keyval.sty"
Package: keyval 2014/04/25 v1.14 key=value parser (DPC)
\KV@toks@=\toks22
)
("C:\Program Files\MiKTeX 2.9\tex\latex\graphics\graphics.sty"
Package: graphics 2009/02/05 v1.0o Standard LaTeX Graphics (DPC,SPQR)

("C:\Program Files\MiKTeX 2.9\tex\latex\graphics\trig.sty"
Package: trig 1999/03/16 v1.09 sin cos tan (DPC)
)
("C:\Program Files\MiKTeX 2.9\tex\latex\00miktex\graphics.cfg"
File: graphics.cfg 2007/01/18 v1.5 graphics configuration of teTeX/TeXLive
)
Package graphics Info: Driver file: dvips.def on input line 91.

("C:\Program Files\MiKTeX 2.9\tex\latex\graphics\dvips.def"
File: dvips.def 2014/04/23 v3.0j Driver-dependant file (DPC,SPQR)
))
\Gin@req@height=\dimen111
\Gin@req@width=\dimen112
)
\c@theorem=\count105

("C:\sw55\Docs\Geometric Alg 08012013.aux")
LaTeX Font Info:    Checking defaults for OML/cmm/m/it on input line 41.
LaTeX Font Info:    ... okay on input line 41.
LaTeX Font Info:    Checking defaults for T1/cmr/m/n on input line 41.
LaTeX Font Info:    ... okay on input line 41.
LaTeX Font Info:    Checking defaults for OT1/cmr/m/n on input line 41.
LaTeX Font Info:    ... okay on input line 41.
LaTeX Font Info:    Checking defaults for OMS/cmsy/m/n on input line 41.
LaTeX Font Info:    ... okay on input line 41.
LaTeX Font Info:    Checking defaults for OMX/cmex/m/n on input line 41.
LaTeX Font Info:    ... okay on input line 41.
LaTeX Font Info:    Checking defaults for U/cmr/m/n on input line 41.
LaTeX Font Info:    ... okay on input line 41.
Class revtex4 Info: Patching LaTeX tabular. on input line 41.
Class revtex4 Info: cite was not loaded (OK!) on input line 41.
Class revtex4 Info: multicol was not loaded (OK!) on input line 41.
 [1]
("C:\sw55\Docs\Geometric Alg 08012013.toc"
Overfull \hbox (0.87494pt too wide) detected at line 4
 \OT1/cmr/m/n/12 4
 []


Overfull \hbox (0.87494pt too wide) detected at line 5
 \OT1/cmr/m/n/12 6
 []

Runaway argument?
{\numberline {}odd\def 
! Paragraph ended before \contentsline was complete.
<to be read again> 
                   \par 
l.8 ...e {subparagraph}{\numberline {}odd\def \par
                                                   }{6}{}
? 
! Extra }, or forgotten \endgroup.
l.8 ...{subparagraph}{\numberline {}odd\def \par }
                                                  {6}{}
? 
Runaway argument?
{\numberline {}odd\def 
! Paragraph ended before \contentsline was complete.
<to be read again> 
                   \par 
l.11 ... {subparagraph}{\numberline {}odd\def \par
                                                   }{7}{}
? 
! Extra }, or forgotten \endgroup.
l.11 ...subparagraph}{\numberline {}odd\def \par }
                                                  {7}{}
? 

Overfull \hbox (0.87494pt too wide) detected at line 12
 \OT1/cmr/m/n/12 8
 []


Overfull \hbox (0.87494pt too wide) detected at line 13
 \OT1/cmr/m/n/12 8
 []


Overfull \hbox (0.87494pt too wide) detected at line 14
 \OT1/cmr/m/n/12 9
 []


Overfull \hbox (6.74988pt too wide) detected at line 15
 \OT1/cmr/m/n/12 11
 []


Overfull \hbox (6.74988pt too wide) detected at line 16
 \OT1/cmr/m/n/12 11
 []

LaTeX Font Info:    Try loading font information for U+msa on input line 17.
("C:\Program Files\MiKTeX 2.9\tex\latex\amsfonts\umsa.fd"
File: umsa.fd 2013/01/14 v3.01 AMS symbols A
)
LaTeX Font Info:    Try loading font information for U+msb on input line 17.

("C:\Program Files\MiKTeX 2.9\tex\latex\amsfonts\umsb.fd"
File: umsb.fd 2013/01/14 v3.01 AMS symbols B
)
! Undefined control sequence.
<argument> ...B}Basis of $M\left ( 2^{r},\@mathbb 
                                                  {C}\right ) $
l.17 ...left ( 2^{r},\@mathbb {C}\right ) $}{13}{}
                                                  
? 

Overfull \hbox (6.74988pt too wide) detected at line 17
 \OT1/cmr/m/n/12 13
 []


Overfull \hbox (6.74988pt too wide) detected at line 18
 \OT1/cmr/m/n/12 14
 []


Overfull \hbox (6.74988pt too wide) detected at line 19
 \OT1/cmr/m/n/12 14
 []


Overfull \hbox (6.74988pt too wide) detected at line 20
 \OT1/cmr/m/n/12 17
 []


Overfull \hbox (6.74988pt too wide) detected at line 21
 \OT1/cmr/m/n/12 17
 []

Runaway argument?
{\numberline {}where $\dagger $ is reversion composed with complex co\ETC.
! Paragraph ended before \contentsline was complete.
<to be read again> 
                   \par 
l.22 ...omposed with complex conjugation \def \par
                                                   }{17}{}
? 
! Extra }, or forgotten \endgroup.
l.22 ...posed with complex conjugation \def \par }
                                                  {17}{}
? 

Overfull \hbox (6.74988pt too wide) detected at line 23
 \OT1/cmr/m/n/12 18
 []


Overfull \hbox (6.74988pt too wide) detected at line 24
 \OT1/cmr/m/n/12 18
 []


Overfull \hbox (6.74988pt too wide) detected at line 25
 \OT1/cmr/m/n/12 19
 []


Overfull \hbox (6.74988pt too wide) detected at line 26
 \OT1/cmr/m/n/12 20
 []


Overfull \hbox (6.74988pt too wide) detected at line 27
 \OT1/cmr/m/n/12 20
 []


Overfull \hbox (6.74988pt too wide) detected at line 28
 \OT1/cmr/m/n/12 21
 []


Overfull \hbox (6.74988pt too wide) detected at line 29
 \OT1/cmr/m/n/12 23
 []


Overfull \hbox (6.74988pt too wide) detected at line 30
 \OT1/cmr/m/n/12 23
 []


Overfull \hbox (6.74988pt too wide) detected at line 31
 \OT1/cmr/m/n/12 23
 []


Overfull \hbox (6.74988pt too wide) detected at line 32
 \OT1/cmr/m/n/12 24
 []


Overfull \hbox (6.74988pt too wide) detected at line 33
 \OT1/cmr/m/n/12 24
 []


Overfull \hbox (6.74988pt too wide) detected at line 34
 \OT1/cmr/m/n/12 25
 []


Overfull \hbox (6.74988pt too wide) detected at line 35
 \OT1/cmr/m/n/12 26
 []


Overfull \hbox (6.74988pt too wide) detected at line 36
 \OT1/cmr/m/n/12 26
 []


Overfull \hbox (6.74988pt too wide) detected at line 37
 \OT1/cmr/m/n/12 29
 []


Overfull \hbox (6.74988pt too wide) detected at line 38
 \OT1/cmr/m/n/12 31
 []

[2]
Overfull \hbox (6.74988pt too wide) detected at line 39
 \OT1/cmr/m/n/12 31
 []


Overfull \hbox (6.74988pt too wide) detected at line 40
 \OT1/cmr/m/n/12 32
 []


Overfull \hbox (6.74988pt too wide) detected at line 41
 \OT1/cmr/m/n/12 32
 []


Overfull \hbox (6.74988pt too wide) detected at line 44
 \OT1/cmr/m/n/12 33
 []


Overfull \hbox (6.74988pt too wide) detected at line 45
 \OT1/cmr/m/n/12 35
 []


Overfull \hbox (6.74988pt too wide) detected at line 46
 \OT1/cmr/m/n/12 36
 []


Overfull \hbox (6.74988pt too wide) detected at line 47
 \OT1/cmr/m/n/12 38
 []


Overfull \hbox (6.74988pt too wide) detected at line 48
 \OT1/cmr/m/n/12 40
 []

! Undefined control sequence.
<recently read> \@mathcal 
                          
l.49 ...al {F}_{2}\oplus \@mathcal {F}_{4}$}{40}{}
                                                  
? 
! Undefined control sequence.
<argument> ... {F}_{\left ( 4\right ) }=\@mathcal 
                                                  {F}_{0}\oplus \@mathcal {F...
l.49 ...al {F}_{2}\oplus \@mathcal {F}_{4}$}{40}{}
                                                  
? 
! Undefined control sequence.
<argument> ...}=\@mathcal {F}_{0}\oplus \@mathcal 
                                                  {F}_{2}\oplus \@mathcal {F...
l.49 ...al {F}_{2}\oplus \@mathcal {F}_{4}$}{40}{}
                                                  
? 
! Undefined control sequence.
<argument> ...s \@mathcal {F}_{2}\oplus \@mathcal 
                                                  {F}_{4}$
l.49 ...al {F}_{2}\oplus \@mathcal {F}_{4}$}{40}{}
                                                  
? 

Overfull \hbox (6.74988pt too wide) detected at line 49
 \OT1/cmr/m/n/12 40
 []


Overfull \hbox (6.74988pt too wide) detected at line 50
 \OT1/cmr/m/n/12 46
 []


Overfull \hbox (6.74988pt too wide) detected at line 51
 \OT1/cmr/m/n/12 50
 []


Overfull \hbox (6.74988pt too wide) detected at line 52
 \OT1/cmr/m/n/12 51
 []


Overfull \hbox (6.74988pt too wide) detected at line 53
 \OT1/cmr/m/n/12 51
 []


Overfull \hbox (6.74988pt too wide) detected at line 54
 \OT1/cmr/m/n/12 52
 []


Overfull \hbox (6.74988pt too wide) detected at line 55
 \OT1/cmr/m/n/12 54
 []


Overfull \hbox (6.74988pt too wide) detected at line 56
 \OT1/cmr/m/n/12 55
 []


Overfull \hbox (6.74988pt too wide) detected at line 57
 \OT1/cmr/m/n/12 59
 []


Overfull \hbox (6.74988pt too wide) detected at line 58
 \OT1/cmr/m/n/12 60
 []

)
\tf@toc=\write3
 [3] [4] [5]
! Argument of \@sect@ltx has an extra }.
<inserted text> 
                \par 
l.400 \paragraph
                {r=2 then}
? 
Runaway argument?
{\normalfont \normalsize \bfseries }{\def \@currenvir {equation}\edef \ETC.
! Paragraph ended before \@sect@ltx was complete.
<to be read again> 
                   \par 
l.400 \paragraph
                {r=2 then}
? 
[6]
! Argument of \@sect@ltx has an extra }.
<inserted text> 
                \par 
l.452 \subsection
                 {Fock Space Representations}
? 
Runaway argument?
{\normalfont \normalsize \bfseries }{\def \@currenvir {equation}\edef \ETC.
! Paragraph ended before \@sect@ltx was complete.
<to be read again> 
                   \par 
l.452 \subsection
                 {Fock Space Representations}
? 
[7] [8] [9]
Overfull \hbox (46.46718pt too wide) detected at line 662
\OML/cmm/m/it/12 a[]a[] [] \OT1/cmr/m/n/12 = [] \OMS/cmsy/m/n/12  \OML/cmm/m/i
t/12 a[]a[] [] \OT1/cmr/m/n/12 = []
 []


Overfull \hbox (56.6382pt too wide) in paragraph at lines 799--799
[] 
 []


Overfull \hbox (46.46718pt too wide) in paragraph at lines 812--812
[] 
 []

[10]
Overfull \hbox (41.97159pt too wide) in paragraph at lines 949--949
[] 
 []

[11]
Overfull \hbox (135.78291pt too wide) detected at line 1090
[] \OT1/cmr/m/n/12 = [] \OMS/cmsy/m/n/12  [][] 
 [] 
 [][] 
 [] 
 [][] 
 [] 
 [][] \OML/cmm/m/it/12 :
 []

[12]
Overfull \hbox (15.66472pt too wide) detected at line 1179
[] \OML/cmm/m/it/12 ;
 []


Underfull \hbox (badness 10000) in paragraph at lines 1189--1192
[][]\OT1/cmr/m/n/12 The ma-trix el-e-ments of this ba-sis wrt the conb
 []

[13]
Overfull \hbox (42.58804pt too wide) detected at line 1235
\OML/cmm/m/it/12 AB \OT1/cmr/m/n/12 = \OML/cmm/m/it/12 A[] [] \OT1/cmr/m/n/12 +
 \OML/cmm/m/it/12 A[] [] \OT1/cmr/m/n/12 + \OML/cmm/m/it/12 A[] [] :
 []

[14]
Overfull \hbox (28.61153pt too wide) in paragraph at lines 1266--1266
[] 
 []


Overfull \hbox (109.16519pt too wide) in paragraph at lines 1310--1310
[] 
 []

[15]
Overfull \hbox (16.84703pt too wide) in paragraph at lines 1330--1330
[] 
 []

[16] [17]
! Argument of \@sect@ltx has an extra }.
<inserted text> 
                \par 
l.1420 \subparagraph
                    {the scaler product%
? 
Runaway argument?
{\normalfont \normalsize \bfseries }{\def \@currenvir {equation}\edef \ETC.
! Paragraph ended before \@sect@ltx was complete.
<to be read again> 
                   \par 
l.1420 \subparagraph
                    {the scaler product%
? 
! Argument of \@sect@ltx has an extra }.
<inserted text> 
                \par 
l.1427 \subparagraph
                    {the norm
? 
Runaway argument?
{\normalfont \normalsize \bfseries }{\def \@currenvir {equation}\edef \ETC.
! Paragraph ended before \@sect@ltx was complete.
<to be read again> 
                   \par 
l.1427 \subparagraph
                    {the norm
? 
! Argument of \@sect@ltx has an extra }.
<inserted text> 
                \par 
l.1435 \subparagraph
                    {Clifford conjugation
? 
Runaway argument?
{\normalfont \normalsize \bfseries }{\def \@currenvir {equation}\edef \ETC.
! Paragraph ended before \@sect@ltx was complete.
<to be read again> 
                   \par 
l.1435 \subparagraph
                    {Clifford conjugation
? 
! Argument of \@sect@ltx has an extra }.
<inserted text> 
                \par 
l.1443 \subsection
                  {Inner Products}%
? 
Runaway argument?
{\normalfont \normalsize \bfseries }{\def \@currenvir {equation}\edef \ETC.
! Paragraph ended before \@sect@ltx was complete.
<to be read again> 
                   \par 
l.1443 \subsection
                  {Inner Products}%
? 
[18] [19]
Overfull \hbox (2.06297pt too wide) in paragraph at lines 1556--1556
[] 
 []

[20] [21]
Overfull \hbox (7.5972pt too wide) detected at line 1674
\OML/cmm/m/it/12 A[]\OMS/cmsy/m/n/12 c\OML/cmm/m/it/12 C \OT1/cmr/m/n/12 = [] [
][] = [][] + [][] + [][] + [][] + [][] + [] + [][]
 []

[22] [23] [24] [25]
LaTeX Font Info:    Try loading font information for U+euf on input line 1906.
 ("C:\Program Files\MiKTeX 2.9\tex\latex\amsfonts\ueuf.fd"
File: ueuf.fd 2013/01/14 v3.01 Euler Fraktur
)
[26]

! LaTeX Error: \mathfrak allowed only in math mode.

See the LaTeX manual or LaTeX Companion for explanation.
Type  H <return>  for immediate help.
 ...                                              
                                                  
l.1920 ...t)  \leq1\forall p\in\emph{\mathfrak{P}}
                                                  \quad\&\quad
? 
[27]
Overfull \hbox (51.43701pt too wide) in paragraph at lines 2026--2026
[] 
 []

[28] [29] [30] [31] [32]
Overfull \hbox (3.20248pt too wide) in paragraph at lines 2307--2307
[] 
 []

[33]
Overfull \hbox (42.35258pt too wide) detected at line 2400
\OML/cmm/m/it/12 g[]g \OT1/cmr/m/n/12 = [] \OML/cmm/m/it/12 g[][]a[]a[]a[]a[] \
OT1/cmr/m/n/12 = [] [] [] \OML/cmm/m/it/12 g[][] [] [] ;
 []


Overfull \hbox (169.30997pt too wide) in paragraph at lines 2442--2442
[] 
 []

[34]
Overfull \hbox (54.70302pt too wide) in paragraph at lines 2460--2460
[] 
 []

[35]
Underfull \hbox (badness 2512) in paragraph at lines 2480--2485
[][]\OT1/cmr/m/n/12 Let $[]$ be an or-thonor-mal ba-sis of $\OMS/cmsy/m/n/12 F[
]$ \OT1/cmr/m/n/12 that gen-er-ates the ba-sis
 []


Overfull \hbox (4.36266pt too wide) in paragraph at lines 2506--2506
[] 
 []

[36] [37] [38]
Overfull \hbox (2.09602pt too wide) in paragraph at lines 2765--2765
[] 
 []

[39] [40]
Overfull \hbox (15.21754pt too wide) in paragraph at lines 2929--2929
[] 
 []

[41]
Overfull \hbox (18.22165pt too wide) in paragraph at lines 2994--2994
[] 
 []


Overfull \hbox (65.60503pt too wide) in paragraph at lines 3038--3038
[] 
 []

[42]
Overfull \hbox (53.73114pt too wide) in paragraph at lines 3090--3090
[] 
 []

[43] [44] [45] [46] [47] [48] [49]
Overfull \hbox (37.9456pt too wide) in paragraph at lines 3417--3417
[] 
 []

[50] [51] [52] [53]
Overfull \hbox (36.17668pt too wide) in paragraph at lines 3620--3620
[] 
 []

[54] [55]
Overfull \hbox (106.8852pt too wide) in paragraph at lines 3749--3749
[] 
 []


Overfull \hbox (86.36928pt too wide) in paragraph at lines 3766--3766
[] 
 []

[56]
Overfull \hbox (10.63257pt too wide) in paragraph at lines 3837--3837
[] 
 []

[57]
Overfull \hbox (102.99371pt too wide) in paragraph at lines 3878--3878
[] 
 []

[58] [59] [60] [61]

! LaTeX Error: Something's wrong--perhaps a missing \item.

See the LaTeX manual or LaTeX Companion for explanation.
Type  H <return>  for immediate help.
 ...                                              
                                                  
l.4145 \item $
              T=0$ $\Rightarrow$ Fock Representation of the Clifford Algebra...

? 

! LaTeX Error: Something's wrong--perhaps a missing \item.

See the LaTeX manual or LaTeX Companion for explanation.
Type  H <return>  for immediate help.
 ...                                              
                                                  
l.4145 \item $
              T=0$ $\Rightarrow$ Fock Representation of the Clifford Algebra...

? 

! LaTeX Error: Something's wrong--perhaps a missing \item.

See the LaTeX manual or LaTeX Companion for explanation.
Type  H <return>  for immediate help.
 ...                                              
                                                  
l.4145 \item $
              T=0$ $\Rightarrow$ Fock Representation of the Clifford Algebra...

? 
LaTeX Font Info:    Try loading font information for OMS+cmr on input line 4145
.
("C:\Program Files\MiKTeX 2.9\tex\latex\base\omscmr.fd"
File: omscmr.fd 1999/05/25 v2.5h Standard LaTeX font definitions
)
LaTeX Font Info:    Font shape `OMS/cmr/m/n' in size <12> not available
(Font)              Font shape `OMS/cmsy/m/n' tried instead on input line 4145.



! LaTeX Error: Something's wrong--perhaps a missing \item.

See the LaTeX manual or LaTeX Companion for explanation.
Type  H <return>  for immediate help.
 ...                                              
                                                  
l.4148 \item $
              T=\frac{1}{2}I\Rightarrow$ Pauli Representation of the Clifford
? 

! LaTeX Error: Something's wrong--perhaps a missing \item.

See the LaTeX manual or LaTeX Companion for explanation.
Type  H <return>  for immediate help.
 ...                                              
                                                  
l.4148 \item $
              T=\frac{1}{2}I\Rightarrow$ Pauli Representation of the Clifford
? 

! LaTeX Error: Something's wrong--perhaps a missing \item.

See the LaTeX manual or LaTeX Companion for explanation.
Type  H <return>  for immediate help.
 ...                                              
                                                  
l.4148 \item $
              T=\frac{1}{2}I\Rightarrow$ Pauli Representation of the Clifford
? 

! LaTeX Error: Something's wrong--perhaps a missing \item.

See the LaTeX manual or LaTeX Companion for explanation.
Type  H <return>  for immediate help.
 ...                                              
                                                  
l.4151 \item $
              \frac{1}{2}I\geq T\geq0\Rightarrow$ w$^{\ast}$-algebra type
? 

! LaTeX Error: Something's wrong--perhaps a missing \item.

See the LaTeX manual or LaTeX Companion for explanation.
Type  H <return>  for immediate help.
 ...                                              
                                                  
l.4151 \item $
              \frac{1}{2}I\geq T\geq0\Rightarrow$ w$^{\ast}$-algebra type
? 

! LaTeX Error: Something's wrong--perhaps a missing \item.

See the LaTeX manual or LaTeX Companion for explanation.
Type  H <return>  for immediate help.
 ...                                              
                                                  
l.4151 \item $
              \frac{1}{2}I\geq T\geq0\Rightarrow$ w$^{\ast}$-algebra type
? 

! LaTeX Error: Something's wrong--perhaps a missing \item.

See the LaTeX manual or LaTeX Companion for explanation.
Type  H <return>  for immediate help.
 ...                                              
                                                  
l.4154 \end{itemize}
                    
? 

Overfull \hbox (166.0831pt too wide) in paragraph at lines 4198--4198
[] 
 []

[62]
Overfull \hbox (294.68976pt too wide) in paragraph at lines 4257--4257
[] 
 []

[63]
Overfull \hbox (3.1401pt too wide) in paragraph at lines 4339--4339
[] 
 []

[64] ("C:\sw55\Docs\Geometric Alg 08012013.aux")

LaTeX Warning: Label(s) may have changed. Rerun to get cross-references right .


 ) 
Here is how much of TeX's memory you used:
 3111 strings out of 493922
 37588 string characters out of 3147306
 132525 words of memory out of 3000000
 6394 multiletter control sequences out of 15000+200000
 14012 words of font info for 52 fonts, out of 3000000 for 9000
 841 hyphenation exceptions out of 8191
 27i,19n,26p,261b,214s stack positions out of 5000i,500n,10000p,200000b,50000s

Output written on "Geometric Alg 08012013.dvi" (64 pages, 275152 bytes).
