This is TeX, Version 3.14159 (preloaded format=latex_ml 7.10.13)  10 DEC 2009 11:14
**&latex_ml C:/Users/bqw/AppData/Local/Temp/swp0000.tex
(C:/Users/bqw/AppData/Local/Temp/swp0000.tex
LaTeX2e <2003/12/01>
Babel <v3.8a> and hyphenation patterns for american, english, french, german, n
german, loaded.
(C:\sw55\TCITeX\TeX\LaTeX\contrib\revtex4\revtex4.cls
Document Class: revtex4 2001/08/03 v4.0 (http://publish.aps.org/revtex4/ for do
cumentation)
 Copyright (c) 2001 The American Physical Society.
 mailto:revtex@aps.org
 Licensed under the LPPL:
http://www.ctan.org/tex-archive/macros/latex/base/lppl.txt
 Arthur Ogawa <ogawa@teleport.com>
 Based on work by David Carlisle <david@dcarlisle.demon.co.uk>.
ltxutil: portions licensed from W. E. Baxter (web@superscript.com)
Class revtex4 Info: Repairing broken LateX \@sect on input line 596.
\intertabularlinepenalty=\count79
\@tbpen=\count80
\@arstrutbox@hline=\box26
Class revtex4 Info: Repairing broken LaTeX \@xbitor on input line 1610.
ltxgrid: portions licensed from W. E. Baxter (web@superscript.com)
\c@linecount=\count81
\output=\toks14
\@protection@box=\box27
\@topmark@saved=\toks15
\footins@saved=\box28
\pagesofar=\box29
\footbox=\box30
\pagegrid@col=\count82
Class revtex4 Info: Incorporating package {textcase}  [1998/11/12 v0.06 Text on
ly upper/lower case changing (DPC)]. on input line 3682.
(C:\sw55\TCITeX\TeX\LaTeX\contrib\misc\url.sty
\Urlmuskip=\muskip10
Package: url 2006/04/12  ver 3.3  Verb mode for urls, etc.
)
\c@affil=\count83
\absbox=\box31
\c@part=\count84
\c@section=\count85
\c@subsection=\count86
\c@subsubsection=\count87
\c@paragraph=\count88
\c@subparagraph=\count89
\abovecaptionskip=\skip41
\belowcaptionskip=\skip42
\c@figure=\count90
\c@table=\count91

(C:\sw55\TCITeX\TeX\LaTeX\contrib\natbib\natbib.sty
Package: natbib 2009/02/02 8.3 (PWD, AO)
\bibhang=\skip43
\bibsep=\skip44
LaTeX Info: Redefining \cite on input line 694.
\c@NAT@ctr=\count92
)
\widetext@top=\box32
\widetext@bot=\box33

(C:\sw55\TCITeX\TeX\LaTeX\contrib\revtex4\revsymb.sty
Package: revsymb 2001/08/03 v4.0 (http://publish.aps.org/revtex4/ for documenta
tion)
LaTeX Info: Redefining \REV@mathfrak on input line 118.
))
(C:\sw55\TCITeX\TeX\LaTeX\contrib\revtex4\aps.rtx
File: aps.rtx 2001/08/03 v4.0 (http://publish.aps.org/revtex4/ for documentatio
n)
)
(C:\sw55\TCITeX\TeX\LaTeX\contrib\revtex4\12pt.rtx
File: 12pt.rtx 2001/08/03 v4.0 (http://publish.aps.org/revtex4/ for documentati
on)
)
(C:\sw55\TCITeX\TeX\LaTeX\amsfonts\amsfonts.sty
Package: amsfonts 2001/10/25 v2.2f
\@emptytoks=\toks16
\symAMSa=\mathgroup4
\symAMSb=\mathgroup5
LaTeX Font Info:    Overwriting math alphabet `\mathfrak' in version `bold'
(Font)                  U/euf/m/n --> U/euf/b/n on input line 132.
LaTeX Info: Redefining \frak on input line 135.
LaTeX Info: Redefining \Bbb on input line 137.
)
(C:\sw55\TCITeX\TeX\LaTeX\amsmath\amsmath.sty
Package: amsmath 2000/07/18 v2.13 AMS math features
\@mathmargin=\skip45

For additional information on amsmath, use the `?' option.
(C:\sw55\TCITeX\TeX\LaTeX\amsmath\amstext.sty
Package: amstext 2000/06/29 v2.01

(C:\sw55\TCITeX\TeX\LaTeX\amsmath\amsgen.sty
File: amsgen.sty 1999/11/30 v2.0
\@emptytoks=\toks17
\ex@=\dimen102
))
(C:\sw55\TCITeX\TeX\LaTeX\amsmath\amsbsy.sty
Package: amsbsy 1999/11/29 v1.2d
\pmbraise@=\dimen103
)
(C:\sw55\TCITeX\TeX\LaTeX\amsmath\amsopn.sty
Package: amsopn 1999/12/14 v2.01 operator names
)
\inf@bad=\count93
LaTeX Info: Redefining \frac on input line 211.
\uproot@=\count94
\leftroot@=\count95
LaTeX Info: Redefining \overline on input line 307.
\classnum@=\count96
\DOTSCASE@=\count97
LaTeX Info: Redefining \ldots on input line 379.
LaTeX Info: Redefining \dots on input line 382.
LaTeX Info: Redefining \cdots on input line 467.
\Mathstrutbox@=\box34
\strutbox@=\box35
\big@size=\dimen104
LaTeX Font Info:    Redeclaring font encoding OML on input line 567.
LaTeX Font Info:    Redeclaring font encoding OMS on input line 568.
\macc@depth=\count98
\c@MaxMatrixCols=\count99
\dotsspace@=\muskip11
\c@parentequation=\count100
\dspbrk@lvl=\count101
\tag@help=\toks18
\row@=\count102
\column@=\count103
\maxfields@=\count104
\andhelp@=\toks19
\eqnshift@=\dimen105
\alignsep@=\dimen106
\tagshift@=\dimen107
\tagwidth@=\dimen108
\totwidth@=\dimen109
\lineht@=\dimen110
\@envbody=\toks20
\multlinegap=\skip46
\multlinetaggap=\skip47
\mathdisplay@stack=\toks21
LaTeX Info: Redefining \[ on input line 2666.
LaTeX Info: Redefining \] on input line 2667.
)
(C:\sw55\TCITeX\TeX\LaTeX\amsfonts\amssymb.sty
Package: amssymb 2002/01/22 v2.2d
)
(C:\sw55\TCITeX\TeX\LaTeX\required\graphics\graphicx.sty
Package: graphicx 1999/02/16 v1.0f Enhanced LaTeX Graphics (DPC,SPQR)

(C:\sw55\TCITeX\TeX\LaTeX\required\graphics\keyval.sty
Package: keyval 1999/03/16 v1.13 key=value parser (DPC)
\KV@toks@=\toks22
)
(C:\sw55\TCITeX\TeX\LaTeX\required\graphics\graphics.sty
Package: graphics 2001/07/07 v1.0n Standard LaTeX Graphics (DPC,SPQR)

(C:\sw55\TCITeX\TeX\LaTeX\required\graphics\trig.sty
Package: trig 1999/03/16 v1.09 sin cos tan (DPC)
)
(C:\sw55\TCITeX\TeX\LaTeX\required\graphics\graphics.cfg
File: graphics.cfg 
)
Package graphics Info: Driver file: tcidvi.def on input line 80.

(C:\sw55\TCITeX\TeX\LaTeX\required\graphics\tcidvi.def
File: tcidvi.def 1999/02/16 v3.0i Driver-dependant file (DPC,SPQR)
))
\Gin@req@height=\dimen111
\Gin@req@width=\dimen112
)
\c@theorem=\count105
 (.\swp0000.aux)
LaTeX Font Info:    Checking defaults for OML/cmm/m/it on input line 41.
LaTeX Font Info:    ... okay on input line 41.
LaTeX Font Info:    Checking defaults for T1/cmr/m/n on input line 41.
LaTeX Font Info:    ... okay on input line 41.
LaTeX Font Info:    Checking defaults for OT1/cmr/m/n on input line 41.
LaTeX Font Info:    ... okay on input line 41.
LaTeX Font Info:    Checking defaults for OMS/cmsy/m/n on input line 41.
LaTeX Font Info:    ... okay on input line 41.
LaTeX Font Info:    Checking defaults for OMX/cmex/m/n on input line 41.
LaTeX Font Info:    ... okay on input line 41.
LaTeX Font Info:    Checking defaults for U/cmr/m/n on input line 41.
LaTeX Font Info:    ... okay on input line 41.
Class revtex4 Info: Patching LaTeX tabular. on input line 41.
Class revtex4 Info: cite was not loaded (OK!) on input line 41.
Class revtex4 Info: multicol was not loaded (OK!) on input line 41.

[1] (.\swp0000.toc
Overfull \hbox (0.87357pt too wide) detected at line 4
 \T1/cmr/m/n/12 3
 []


Overfull \hbox (0.87357pt too wide) detected at line 5
 \T1/cmr/m/n/12 5
 []


Overfull \hbox (0.87357pt too wide) detected at line 6
 \T1/cmr/m/n/12 5
 []


Overfull \hbox (0.87357pt too wide) detected at line 7
 \T1/cmr/m/n/12 8
 []


Overfull \hbox (0.87357pt too wide) detected at line 8
 \T1/cmr/m/n/12 9
 []


Overfull \hbox (6.74713pt too wide) detected at line 9
 \T1/cmr/m/n/12 11
 []


Overfull \hbox (6.74713pt too wide) detected at line 10
 \T1/cmr/m/n/12 13
 []


Overfull \hbox (6.74713pt too wide) detected at line 11
 \T1/cmr/m/n/12 13
 []


Overfull \hbox (6.74713pt too wide) detected at line 12
 \T1/cmr/m/n/12 14
 []


Overfull \hbox (6.74713pt too wide) detected at line 13
 \T1/cmr/m/n/12 15
 []


Overfull \hbox (6.74713pt too wide) detected at line 14
 \T1/cmr/m/n/12 15
 []


Overfull \hbox (6.74713pt too wide) detected at line 15
 \T1/cmr/m/n/12 18
 []


Overfull \hbox (6.74713pt too wide) detected at line 16
 \T1/cmr/m/n/12 19
 []


Overfull \hbox (6.74713pt too wide) detected at line 17
 \T1/cmr/m/n/12 21
 []


Overfull \hbox (6.74713pt too wide) detected at line 18
 \T1/cmr/m/n/12 22
 []


Overfull \hbox (6.74713pt too wide) detected at line 19
 \T1/cmr/m/n/12 26
 []


Overfull \hbox (6.74713pt too wide) detected at line 20
 \T1/cmr/m/n/12 27
 []


Overfull \hbox (6.74713pt too wide) detected at line 21
 \T1/cmr/m/n/12 28
 []


Overfull \hbox (6.74713pt too wide) detected at line 22
 \T1/cmr/m/n/12 28
 []


Overfull \hbox (6.74713pt too wide) detected at line 23
 \T1/cmr/m/n/12 31
 []


Overfull \hbox (6.74713pt too wide) detected at line 25
 \T1/cmr/m/n/12 31
 []


Overfull \hbox (6.74713pt too wide) detected at line 26
 \T1/cmr/m/n/12 31
 []


Overfull \hbox (6.74713pt too wide) detected at line 27
 \T1/cmr/m/n/12 32
 []


Overfull \hbox (6.74713pt too wide) detected at line 28
 \T1/cmr/m/n/12 33
 []


Overfull \hbox (6.74713pt too wide) detected at line 29
 \T1/cmr/m/n/12 34
 []


Overfull \hbox (6.74713pt too wide) detected at line 30
 \T1/cmr/m/n/12 34
 []


Overfull \hbox (6.74713pt too wide) detected at line 31
 \T1/cmr/m/n/12 37
 []

[2]
Overfull \hbox (6.74713pt too wide) detected at line 32
 \T1/cmr/m/n/12 38
 []


Overfull \hbox (6.74713pt too wide) detected at line 33
 \T1/cmr/m/n/12 40
 []


Overfull \hbox (6.74713pt too wide) detected at line 34
 \T1/cmr/m/n/12 42
 []


Overfull \hbox (6.74713pt too wide) detected at line 35
 \T1/cmr/m/n/12 42
 []


Overfull \hbox (6.74713pt too wide) detected at line 36
 \T1/cmr/m/n/12 43
 []


Overfull \hbox (6.74713pt too wide) detected at line 37
 \T1/cmr/m/n/12 43
 []


Overfull \hbox (6.74713pt too wide) detected at line 38
 \T1/cmr/m/n/12 47
 []

LaTeX Font Info:    Try loading font information for U+msa on input line 39.
(C:\sw55\TCITeX\TeX\LaTeX\amsfonts\umsa.fd
File: umsa.fd 2002/01/19 v2.2g AMS font definitions
)
LaTeX Font Info:    Try loading font information for U+msb on input line 39.

(C:\sw55\TCITeX\TeX\LaTeX\amsfonts\umsb.fd
File: umsb.fd 2002/01/19 v2.2g AMS font definitions
)
Overfull \hbox (6.74713pt too wide) detected at line 39
 \T1/cmr/m/n/12 48
 []


Overfull \hbox (6.74713pt too wide) detected at line 40
 \T1/cmr/m/n/12 48
 []


Overfull \hbox (6.74713pt too wide) detected at line 41
 \T1/cmr/m/n/12 49
 []


Overfull \hbox (6.74713pt too wide) detected at line 42
 \T1/cmr/m/n/12 49
 []


Overfull \hbox (6.74713pt too wide) detected at line 43
 \T1/cmr/m/n/12 49
 []


Overfull \hbox (6.74713pt too wide) detected at line 44
 \T1/cmr/m/n/12 49
 []

)
\tf@toc=\write3
LaTeX Font Info:    Try loading font information for OMS+cmr on input line 88.
 (C:\sw55\TCITeX\TeX\LaTeX\base\omscmr.fd
File: omscmr.fd 1999/05/25 v2.5h Standard LaTeX font definitions
)
LaTeX Font Info:    Font shape `OMS/cmr/m/n' in size <12> not available
(Font)              Font shape `OMS/cmsy/m/n' tried instead on input line 88.
 [3]

! LaTeX Error: Command \bfseries invalid in math mode.

See the LaTeX manual or LaTeX Companion for explanation.
Type  H <return>  for immediate help.
 ...                                      
                                          
l.128 ...\right)  $ $\cite{Gilmore_{b}ook}
                                          $, e.g. Density Matrix and ...
? 

Package natbib Warning: Citation `Gilmore_{b}ook' on page 4 undefined on input 
line 128.

[4] [5]
LaTeX Font Info:    Try loading font information for U+euf on input line 233.
 (C:\sw55\TCITeX\TeX\LaTeX\amsfonts\ueuf.fd
File: ueuf.fd 2002/01/19 v2.2g AMS font definitions
) [6]
Underfull \hbox (badness 1616) in paragraph at lines 254--270
\T1/cmr/m/n/12 has the value $[] \OMS/cmsy/m/n/12 2$ $\OML/cmm/m/it/12 L[] []$ 
\T1/cmr/m/n/12 at the point $\OML/cmm/m/it/12 D$ \T1/cmr/m/n/12 and the value $
[] [] \OT1/cmr/m/n/12 =
 []

[7] [8] [9]
Underfull \hbox (badness 10000) in paragraph at lines 491--496
\T1/cmr/m/n/12 where $[]$ is the scalar prod-uct be-tween the dual spaces
 []

[10]

LaTeX Warning: Reference `HKO' on page 11 undefined on input line 590.

[11] [12] [13] [14] [15] [16] [17] [18] [19] [20]
Overfull \hbox (9.60211pt too wide) detected at line 1267
[] \OT1/cmr/m/n/12 = [] = \OML/cmm/m/it/12 "[] [] \OMS/cmsy/m/n/12 ^^@ \OML/cmm
/m/it/12 ^^V [] ;
 []

[21] [22] [23]
Underfull \hbox (badness 8094) in paragraph at lines 1502--1508
\T1/cmr/m/n/12 If the con-strained min-i-mum of $\OML/cmm/m/it/12 K[]$ \T1/cmr/
m/n/12 is de-gen-er-ate, e.g. cor-re-spond-ing to
 []


Underfull \hbox (badness 1062) in paragraph at lines 1502--1508
\T1/cmr/m/n/12 FORDOs$[]$ of the sta-tion-ary states $[]$ of $\OML/cmm/m/it/12 
K \OMS/cmsy/m/n/12 ^^@
 []

[24] [25]

Package natbib Warning: Citation `Kramers Deg' on page 26 undefined on input li
ne 1651.

[26]
Overfull \hbox (88.41782pt too wide) detected at line 1676
[] \OT1/cmr/m/n/12 = [][] [] \OML/cmm/m/it/12 n[] [] n[] [] \OT1/cmr/m/n/12 = [
][] [] [] \OML/cmm/m/it/12 ;
 []


Overfull \hbox (23.02089pt too wide) in paragraph at lines 1729--1729
[] 
 []

[27] [28] [29] [30] [31]

Package natbib Warning: Citation `KummerI' on page 32 undefined on input line 2
020.

[32]
Overfull \hbox (19.41235pt too wide) in paragraph at lines 2138--2138
[] 
 []

[33]

Package natbib Warning: Citation `Bohm' on page 34 undefined on input line 2192
.


Package natbib Warning: Citation `Bogolubov' on page 34 undefined on input line
 2210.

[34]

Package natbib Warning: Citation `Bohm' on page 35 undefined on input line 2221
.

[35] [36]

Package natbib Warning: Citation `Thirring' on page 37 undefined on input line 
2402.

[37]

Package natbib Warning: Citation `Thirring' on page 38 undefined on input line 
2419.

[38]
Overfull \hbox (3.18303pt too wide) detected at line 2527
[]
 []

[39] [40] [41] [42] [43] [44] [45] [46]

Package natbib Warning: Citation `Hestenes' on page 47 undefined on input line 
3181.


Overfull \hbox (39.32355pt too wide) in paragraph at lines 3172--3185
[]\T1/cmr/m/n/12 One can show that $[]$
 []

[47] [48] (.\swp0000.bbl [49])

Package natbib Warning: There were undefined citations.

[50] (.\swp0000.aux)

LaTeX Warning: There were undefined references.

 )
Here is how much of TeX's memory you used:
3309 strings out of 25820
36674 string characters out of 247698
108397 words of memory out of 262141
6208 multiletter control sequences out of 20000
23441 words of font info for 71 fonts, out of 300000 for 255
22 hyphenation exceptions out of 607
27i,19n,24p,273b,351s stack positions out of 300i,40n,60p,5000b,10000s

Output written on swp0000.dvi (50 pages, 194116 bytes).
