This is TeX, Version 3.14159 (preloaded format=latex_ml 4.5.10)  9 JAN 2012 13:05
**&latex_ml C:/Users/bqw/AppData/Local/Temp/swp0000.tex
(C:/Users/bqw/AppData/Local/Temp/swp0000.tex
LaTeX2e <2003/12/01>
Babel <v3.8a> and hyphenation patterns for american, english, french, german, n
german, loaded.
(C:\sw55\TCITeX\TeX\LaTeX\base\article.cls
Document Class: article 2004/02/16 v1.4f Standard LaTeX document class
(C:\sw55\TCITeX\TeX\LaTeX\base\size12.clo
File: size12.clo 2004/02/16 v1.4f Standard LaTeX file (size option)
)
\c@part=\count79
\c@section=\count80
\c@subsection=\count81
\c@subsubsection=\count82
\c@paragraph=\count83
\c@subparagraph=\count84
\c@figure=\count85
\c@table=\count86
\abovecaptionskip=\skip41
\belowcaptionskip=\skip42
\bibindent=\dimen102
)
(C:\sw55\TCITeX\TeX\LaTeX\amsmath\amsmath.sty
Package: amsmath 2000/07/18 v2.13 AMS math features
\@mathmargin=\skip43

For additional information on amsmath, use the `?' option.
(C:\sw55\TCITeX\TeX\LaTeX\amsmath\amstext.sty
Package: amstext 2000/06/29 v2.01

(C:\sw55\TCITeX\TeX\LaTeX\amsmath\amsgen.sty
File: amsgen.sty 1999/11/30 v2.0
\@emptytoks=\toks14
\ex@=\dimen103
))
(C:\sw55\TCITeX\TeX\LaTeX\amsmath\amsbsy.sty
Package: amsbsy 1999/11/29 v1.2d
\pmbraise@=\dimen104
)
(C:\sw55\TCITeX\TeX\LaTeX\amsmath\amsopn.sty
Package: amsopn 1999/12/14 v2.01 operator names
)
\inf@bad=\count87
LaTeX Info: Redefining \frac on input line 211.
\uproot@=\count88
\leftroot@=\count89
LaTeX Info: Redefining \overline on input line 307.
\classnum@=\count90
\DOTSCASE@=\count91
LaTeX Info: Redefining \ldots on input line 379.
LaTeX Info: Redefining \dots on input line 382.
LaTeX Info: Redefining \cdots on input line 467.
\Mathstrutbox@=\box26
\strutbox@=\box27
\big@size=\dimen105
LaTeX Font Info:    Redeclaring font encoding OML on input line 567.
LaTeX Font Info:    Redeclaring font encoding OMS on input line 568.
\macc@depth=\count92
\c@MaxMatrixCols=\count93
\dotsspace@=\muskip10
\c@parentequation=\count94
\dspbrk@lvl=\count95
\tag@help=\toks15
\row@=\count96
\column@=\count97
\maxfields@=\count98
\andhelp@=\toks16
\eqnshift@=\dimen106
\alignsep@=\dimen107
\tagshift@=\dimen108
\tagwidth@=\dimen109
\totwidth@=\dimen110
\lineht@=\dimen111
\@envbody=\toks17
\multlinegap=\skip44
\multlinetaggap=\skip45
\mathdisplay@stack=\toks18
LaTeX Info: Redefining \[ on input line 2666.
LaTeX Info: Redefining \] on input line 2667.
)
(C:\sw55\TCITeX\TeX\LaTeX\amsfonts\amsfonts.sty
Package: amsfonts 2001/10/25 v2.2f
\symAMSa=\mathgroup4
\symAMSb=\mathgroup5
LaTeX Font Info:    Overwriting math alphabet `\mathfrak' in version `bold'
(Font)                  U/euf/m/n --> U/euf/b/n on input line 132.
)
(C:\sw55\TCITeX\TeX\latex209\contrib\misc\mitpress.sty
LaTeX style for MIT Press format.
)
\c@theorem=\count99
\dummy=\dimen112
 (C:\sw55\TCITeX\TeX\LaTeX\SWmacros\tcilatex.tex
TCILATEX Macros for Scientific Word and Scientific WorkPlace 5.5 <06 Oct 2005>.

NOTICE: This macro file is NOT proprietary and may be freely copied and distrib
uted.
\msipdfoutput=\count100
\@hour=\count101
\@minute=\count102
\GRAPHICSTYPE=\count103
\@msidraft=\count104
\dispkind=\count105
\c@chapter=\count106
\theight=\dimen113
LaTeX Info: Redefining \rm on input line 653.
LaTeX Info: Redefining \sf on input line 654.
LaTeX Info: Redefining \tt on input line 655.
LaTeX Info: Redefining \bf on input line 656.
LaTeX Info: Redefining \it on input line 657.
LaTeX Info: Redefining \sl on input line 658.
LaTeX Info: Redefining \sc on input line 659.
\c@equationnumber=\count107
\temptoksa=\toks19
\temptoksb=\toks20
\temptoksc=\toks21
) (.\swp0000.aux)
LaTeX Font Info:    Checking defaults for OML/cmm/m/it on input line 48.
LaTeX Font Info:    ... okay on input line 48.
LaTeX Font Info:    Checking defaults for T1/cmr/m/n on input line 48.
LaTeX Font Info:    ... okay on input line 48.
LaTeX Font Info:    Checking defaults for OT1/cmr/m/n on input line 48.
LaTeX Font Info:    ... okay on input line 48.
LaTeX Font Info:    Checking defaults for OMS/cmsy/m/n on input line 48.
LaTeX Font Info:    ... okay on input line 48.
LaTeX Font Info:    Checking defaults for OMX/cmex/m/n on input line 48.
LaTeX Font Info:    ... okay on input line 48.
LaTeX Font Info:    Checking defaults for U/cmr/m/n on input line 48.
LaTeX Font Info:    ... okay on input line 48.
LaTeX Font Info:    Try loading font information for U+msa on input line 63.
 (C:\sw55\TCITeX\TeX\LaTeX\amsfonts\umsa.fd
File: umsa.fd 2002/01/19 v2.2g AMS font definitions
)
LaTeX Font Info:    Try loading font information for U+msb on input line 63.

(C:\sw55\TCITeX\TeX\LaTeX\amsfonts\umsb.fd
File: umsb.fd 2002/01/19 v2.2g AMS font definitions
)
Overfull \hbox (110.5255pt too wide) in alignment at lines 76--120
 [][][] []
 []

[1

]
Overfull \hbox (8.64758pt too wide) in alignment at lines 121--131
 [][][] []
 []


Overfull \hbox (88.59564pt too wide) in alignment at lines 160--195
 [][][] []
 []

[2]
Overfull \hbox (81.24405pt too wide) detected at line 207
[][] \OT1/cmr/m/n/12 = ^^@[] []
 []


Overfull \hbox (9.0002pt too wide) in alignment at lines 209--221
 [][][] []
 []


Overfull \hbox (32.55576pt too wide) in alignment at lines 223--240
 [][][] []
 []


Overfull \hbox (23.22244pt too wide) in alignment at lines 242--259
 [][][] []
 []

[3]
Overfull \hbox (105.05763pt too wide) in alignment at lines 275--290
 [][][] []
 []


Overfull \hbox (87.76906pt too wide) in alignment at lines 310--326
 [][][] []
 []


Overfull \hbox (27.79166pt too wide) in alignment at lines 328--351
 [][][] []
 []

[4] [5]
Overfull \hbox (129.16225pt too wide) in alignment at lines 466--478
 [][][] []
 []

[6]
Overfull \hbox (109.11398pt too wide) in alignment at lines 522--534
 [][][] []
 []


Overfull \hbox (78.89314pt too wide) in alignment at lines 568--583
 [][][] []
 []

[7] [8]
Overfull \hbox (62.22643pt too wide) in alignment at lines 649--679
 [][][] []
 []

[9]
Overfull \hbox (95.79716pt too wide) in alignment at lines 733--742
 [][][] []
 []

[10]
Overfull \hbox (87.1643pt too wide) detected at line 799
\OT1/cmr/m/n/12 9^^@[] [][] \OMS/cmsy/m/n/12 ^^@ \OT1/cmr/m/n/12 3^^@[] [] + 9 
[] + 9^^@[] [][] \OMS/cmsy/m/n/12 ^^@ \OT1/cmr/m/n/12 3^^@[] [] = 0
 []


Overfull \hbox (4.94395pt too wide) in alignment at lines 800--811
 [][][] []
 []


Overfull \hbox (8.0688pt too wide) in alignment at lines 813--825
 [][][] []
 []

[11]
Overfull \hbox (75.08966pt too wide) detected at line 878
[] \OT1/cmr/m/n/12 = []
 []


Overfull \hbox (23.87416pt too wide) in alignment at lines 888--905
 [][][] []
 []


Overfull \hbox (62.22643pt too wide) in alignment at lines 918--949
 [][][] []
 []

[12] [13]
Overfull \hbox (10.06877pt too wide) in alignment at lines 1017--1027
 [][][] []
 []


Overfull \hbox (37.48082pt too wide) detected at line 1034
[] \OT1/cmr/m/n/12 = \OMS/cmsy/m/n/12 ^^@\OT1/cmr/m/n/12 1[] [] = 0\OML/cmm/m/i
t/12 :
 []

[14]
Overfull \hbox (99.06192pt too wide) in paragraph at lines 1126--1126
[] 
 []


Overfull \hbox (82.66013pt too wide) in alignment at lines 1140--1159
 [][][] []
 []


Overfull \hbox (76.31877pt too wide) in alignment at lines 1161--1167
 [][][] []
 []

LaTeX Font Info:    Try loading font information for U+euf on input line 1170.
(C:\sw55\TCITeX\TeX\LaTeX\amsfonts\ueuf.fd
File: ueuf.fd 2002/01/19 v2.2g AMS font definitions
) [15]
Overfull \hbox (43.16254pt too wide) in alignment at lines 1184--1192
 [][][] []
 []


Overfull \hbox (65.96933pt too wide) in alignment at lines 1223--1239
 [][][] []
 []


Overfull \hbox (76.59433pt too wide) in alignment at lines 1241--1265
 [][][] []
 []

[16]
Overfull \hbox (82.00531pt too wide) in alignment at lines 1284--1291
 [][][] []
 []


Overfull \hbox (119.70688pt too wide) in alignment at lines 1296--1308
 [][][] []
 []


Overfull \hbox (43.03687pt too wide) detected at line 1316
\U/euf/m/n/12 S[] [][] \OT1/cmr/m/n/12 = [] [][] ; 1 \OMS/cmsy/m/n/12 ^^T \OML/
cmm/m/it/12 j[] < j[] < j[] < j[] \OMS/cmsy/m/n/12 ^^T \OT1/cmr/m/n/12 4\OML/cm
m/m/it/12 :
 []

[17] [18]
Overfull \hbox (53.72359pt too wide) in alignment at lines 1419--1457
 [][][] []
 []


Overfull \hbox (31.2515pt too wide) in alignment at lines 1458--1480
 [][][] []
 []

[19]
Overfull \hbox (2.25203pt too wide) in alignment at lines 1504--1525
 [][][] []
 []

[20]
Overfull \hbox (111.54118pt too wide) in alignment at lines 1630--1637
 [][][] []
 []

[21]
Overfull \hbox (31.2515pt too wide) in alignment at lines 1700--1722
 [][][] []
 []

[22] [23] [24]
Overfull \hbox (31.2515pt too wide) in alignment at lines 1921--1943
 [][][] []
 []

[25]
Overfull \hbox (89.45998pt too wide) in alignment at lines 1946--1970
 [][][] []
 []


Overfull \hbox (59.57823pt too wide) in alignment at lines 1973--1995
 [][][] []
 []

[26]
Overfull \hbox (2.31473pt too wide) detected at line 2040
[][][][] \OT1/cmr/m/n/12 + [][][][] + [][][][] = 0 \OMS/cmsy/m/n/12 ) [][] \OT1
/cmr/m/n/12 = [][] = [][] = 0
 []


Overfull \hbox (68.74199pt too wide) in alignment at lines 2072--2079
 [][][] []
 []

[27]
Overfull \hbox (29.3342pt too wide) in alignment at lines 2147--2198
 [][][] []
 []

[28]
LaTeX Font Info:    Try loading font information for OMS+cmr on input line 2203
.
 (C:\sw55\TCITeX\TeX\LaTeX\base\omscmr.fd
File: omscmr.fd 1999/05/25 v2.5h Standard LaTeX font definitions
)
LaTeX Font Info:    Font shape `OMS/cmr/m/n' in size <12> not available
(Font)              Font shape `OMS/cmsy/m/n' tried instead on input line 2203.


Overfull \hbox (60.62619pt too wide) in alignment at lines 2204--2226
 [][][] []
 []


Overfull \hbox (109.69588pt too wide) in alignment at lines 2228--2252
 [][][] []
 []

[29]
Overfull \hbox (109.7088pt too wide) in alignment at lines 2253--2275
 [][][] []
 []


Overfull \hbox (31.68942pt too wide) detected at line 2305
[][][][] \OT1/cmr/m/n/12 + [][][][] + [][][][] = 0 \OMS/cmsy/m/n/12 ) [][] \OT1
/cmr/m/n/12 = [][] = [][] = 0
 []


Overfull \hbox (10.99966pt too wide) in alignment at lines 2307--2321
 [][][] []
 []

[30]
Overfull \hbox (18.9572pt too wide) in alignment at lines 2328--2347
 [][][] []
 []


Overfull \hbox (0.50996pt too wide) in alignment at lines 2385--2397
 [][][] []
 []

[31]
Overfull \hbox (60.62619pt too wide) in alignment at lines 2411--2433
 [][][] []
 []


Overfull \hbox (115.97687pt too wide) detected at line 2447
\OT1/cmr/m/n/12 2 [] [][]\OML/cmm/m/it/12 n[]n[]n[] \OT1/cmr/m/n/12 = 4 [] [][]
\OML/cmm/m/it/12 n[]n[] \OT1/cmr/m/n/12 + 2 [] [][]\OML/cmm/m/it/12 n[]n[] \OT1
/cmr/m/n/12 + 2 [] [] [][]\OML/cmm/m/it/12 n[]n[]n[]:
 []

[32]
Overfull \hbox (66.31607pt too wide) in alignment at lines 2449--2465
 [][][] []
 []


Overfull \hbox (88.20276pt too wide) in alignment at lines 2467--2486
 [][][] []
 []


Overfull \hbox (114.16399pt too wide) in alignment at lines 2487--2509
 [][][] []
 []


Overfull \hbox (105.02519pt too wide) in alignment at lines 2511--2532
 [][][] []
 []

[33]
Overfull \hbox (243.2179pt too wide) in paragraph at lines 2581--2581
[] 
 []


Overfull \hbox (46.79921pt too wide) in alignment at lines 2583--2596
 [][][] []
 []

[34]
Overfull \hbox (8.95424pt too wide) in alignment at lines 2598--2620
 [][][] []
 []


Overfull \hbox (128.9354pt too wide) in paragraph at lines 2635--2635
[] 
 []


Overfull \hbox (135.44003pt too wide) in paragraph at lines 2647--2647
[] 
 []

[35] (.\swp0000.aux) )
Here is how much of TeX's memory you used:
1272 strings out of 25820
12300 string characters out of 247699
77887 words of memory out of 262141
4239 multiletter control sequences out of 20000
15767 words of font info for 49 fonts, out of 300000 for 255
22 hyphenation exceptions out of 607
27i,19n,28p,308b,274s stack positions out of 300i,40n,60p,5000b,10000s

Output written on swp0000.dvi (35 pages, 190196 bytes).
