This is pdfTeXk, Version 3.141592-1.40.3 (Web2C 7.5.6) (format=pdflatex_ml 2008.8.22)  7 JUL 2011 12:05
 %&-line parsing enabled.
**&pdflatex_ml C:/Users/bqw/AppData/Local/Temp/swp0000.tex
(c:/Users/bqw/AppData/Local/Temp/swp0000.tex
LaTeX2e <2003/12/01>
Babel <v3.8a> and hyphenation patterns for american, english, french, german, n
german, loaded.
(c:/sw55/TCITeX/tex/latex/contrib/revtex4/revtex4.cls
Document Class: revtex4 2001/08/03 v4.0 (http://publish.aps.org/revtex4/ for do
cumentation)
 Copyright (c) 2001 The American Physical Society.
 mailto:revtex@aps.org
 Licensed under the LPPL:
http://www.ctan.org/tex-archive/macros/latex/base/lppl.txt
 Arthur Ogawa <ogawa@teleport.com>
 Based on work by David Carlisle <david@dcarlisle.demon.co.uk>.
ltxutil: portions licensed from W. E. Baxter (web@superscript.com)
Class revtex4 Info: Repairing broken LateX \@sect on input line 596.
\intertabularlinepenalty=\count79
\@tbpen=\count80
\@arstrutbox@hline=\box26
Class revtex4 Info: Repairing broken LaTeX \@xbitor on input line 1610.
ltxgrid: portions licensed from W. E. Baxter (web@superscript.com)
\c@linecount=\count81
\output=\toks14
\@protection@box=\box27
\@topmark@saved=\toks15
\footins@saved=\box28
\pagesofar=\box29
\footbox=\box30
\pagegrid@col=\count82
Class revtex4 Info: Incorporating package {textcase}  [1998/11/12 v0.06 Text on
ly upper/lower case changing (DPC)]. on input line 3682.
(c:/sw55/TCITeX/tex/latex/contrib/misc/url.sty
\Urlmuskip=\muskip10
Package: url 2006/04/12  ver 3.3  Verb mode for urls, etc.
)
\c@affil=\count83
\absbox=\box31
\c@part=\count84
\c@section=\count85
\c@subsection=\count86
\c@subsubsection=\count87
\c@paragraph=\count88
\c@subparagraph=\count89
\abovecaptionskip=\skip41
\belowcaptionskip=\skip42
\c@figure=\count90
\c@table=\count91

(c:/sw55/TCITeX/tex/latex/contrib/natbib/natbib.sty
Package: natbib 2009/02/02 8.3 (PWD, AO)
\bibhang=\skip43
\bibsep=\skip44
LaTeX Info: Redefining \cite on input line 694.
\c@NAT@ctr=\count92
)
\widetext@top=\box32
\widetext@bot=\box33

(c:/sw55/TCITeX/tex/latex/contrib/revtex4/revsymb.sty
Package: revsymb 2001/08/03 v4.0 (http://publish.aps.org/revtex4/ for documenta
tion)
LaTeX Info: Redefining \REV@mathfrak on input line 118.
))
(c:/sw55/TCITeX/tex/latex/amsfonts/amsfonts.sty
Package: amsfonts 2001/10/25 v2.2f
\@emptytoks=\toks16
\symAMSa=\mathgroup4
\symAMSb=\mathgroup5
LaTeX Font Info:    Overwriting math alphabet `\mathfrak' in version `bold'
(Font)                  U/euf/m/n --> U/euf/b/n on input line 132.
LaTeX Info: Redefining \frak on input line 135.
LaTeX Info: Redefining \Bbb on input line 137.
)
(c:/sw55/TCITeX/tex/latex/amsfonts/amssymb.sty
Package: amssymb 2002/01/22 v2.2d
)
(c:/sw55/TCITeX/tex/latex/contrib/revtex4/aps.rtx
File: aps.rtx 2001/08/03 v4.0 (http://publish.aps.org/revtex4/ for documentatio
n)
)
(c:/sw55/TCITeX/tex/latex/contrib/revtex4/12pt.rtx
File: 12pt.rtx 2001/08/03 v4.0 (http://publish.aps.org/revtex4/ for documentati
on)
)
(c:/sw55/TCITeX/tex/latex/amsmath/amsmath.sty
Package: amsmath 2000/07/18 v2.13 AMS math features
\@mathmargin=\skip45

For additional information on amsmath, use the `?' option.
(c:/sw55/TCITeX/tex/latex/amsmath/amstext.sty
Package: amstext 2000/06/29 v2.01

(c:/sw55/TCITeX/tex/latex/amsmath/amsgen.sty
File: amsgen.sty 1999/11/30 v2.0
\@emptytoks=\toks17
\ex@=\dimen102
))
(c:/sw55/TCITeX/tex/latex/amsmath/amsbsy.sty
Package: amsbsy 1999/11/29 v1.2d
\pmbraise@=\dimen103
)
(c:/sw55/TCITeX/tex/latex/amsmath/amsopn.sty
Package: amsopn 1999/12/14 v2.01 operator names
)
\inf@bad=\count93
LaTeX Info: Redefining \frac on input line 211.
\uproot@=\count94
\leftroot@=\count95
LaTeX Info: Redefining \overline on input line 307.
\classnum@=\count96
\DOTSCASE@=\count97
LaTeX Info: Redefining \ldots on input line 379.
LaTeX Info: Redefining \dots on input line 382.
LaTeX Info: Redefining \cdots on input line 467.
\Mathstrutbox@=\box34
\strutbox@=\box35
\big@size=\dimen104
LaTeX Font Info:    Redeclaring font encoding OML on input line 567.
LaTeX Font Info:    Redeclaring font encoding OMS on input line 568.
\macc@depth=\count98
\c@MaxMatrixCols=\count99
\dotsspace@=\muskip11
\c@parentequation=\count100
\dspbrk@lvl=\count101
\tag@help=\toks18
\row@=\count102
\column@=\count103
\maxfields@=\count104
\andhelp@=\toks19
\eqnshift@=\dimen105
\alignsep@=\dimen106
\tagshift@=\dimen107
\tagwidth@=\dimen108
\totwidth@=\dimen109
\lineht@=\dimen110
\@envbody=\toks20
\multlinegap=\skip46
\multlinetaggap=\skip47
\mathdisplay@stack=\toks21
LaTeX Info: Redefining \[ on input line 2666.
LaTeX Info: Redefining \] on input line 2667.
)
(c:/sw55/TCITeX/tex/latex/required/graphics/graphicx.sty
Package: graphicx 1999/02/16 v1.0f Enhanced LaTeX Graphics (DPC,SPQR)

(c:/sw55/TCITeX/tex/latex/required/graphics/keyval.sty
Package: keyval 1999/03/16 v1.13 key=value parser (DPC)
\KV@toks@=\toks22
)
(c:/sw55/TCITeX/tex/latex/required/graphics/graphics.sty
Package: graphics 2001/07/07 v1.0n Standard LaTeX Graphics (DPC,SPQR)

(c:/sw55/TCITeX/tex/latex/required/graphics/trig.sty
Package: trig 1999/03/16 v1.09 sin cos tan (DPC)
)
(c:/sw55/TCITeX/tex/latex/required/graphics/graphics.cfg
File: graphics.cfg 
)
Package graphics Info: Driver file: pdftex.def on input line 80.

(c:/sw55/TCITeX/tex/latex/required/graphics/pdftex.def
File: pdftex.def 2007/01/08 v0.04d Graphics/color for pdfTeX
\Gread@gobject=\count105
))
\Gin@req@height=\dimen111
\Gin@req@width=\dimen112
)
\c@theorem=\count106
\msipdfoutput=\count107
 (./swp0000.aux)
\openout1 = `swp0000.aux'.

LaTeX Font Info:    Checking defaults for OML/cmm/m/it on input line 52.
LaTeX Font Info:    ... okay on input line 52.
LaTeX Font Info:    Checking defaults for T1/cmr/m/n on input line 52.
LaTeX Font Info:    ... okay on input line 52.
LaTeX Font Info:    Checking defaults for OT1/cmr/m/n on input line 52.
LaTeX Font Info:    ... okay on input line 52.
LaTeX Font Info:    Checking defaults for OMS/cmsy/m/n on input line 52.
LaTeX Font Info:    ... okay on input line 52.
LaTeX Font Info:    Checking defaults for OMX/cmex/m/n on input line 52.
LaTeX Font Info:    ... okay on input line 52.
LaTeX Font Info:    Checking defaults for U/cmr/m/n on input line 52.
LaTeX Font Info:    ... okay on input line 52.
Class revtex4 Info: Patching LaTeX tabular. on input line 52.
Class revtex4 Info: cite was not loaded (OK!) on input line 52.
Class revtex4 Info: multicol was not loaded (OK!) on input line 52.

[0{c:/sw55/TCITeX/fonts/map/pdftex/pdftex.map}] (./swp0000.toc
Overfull \hbox (0.87357pt too wide) detected at line 4
 \T1/cmr/m/n/12 2
 []


Overfull \hbox (0.87357pt too wide) detected at line 5
 \T1/cmr/m/n/12 6
 []


Overfull \hbox (0.87357pt too wide) detected at line 6
 \T1/cmr/m/n/12 7
 []


Overfull \hbox (0.87357pt too wide) detected at line 7
 \T1/cmr/m/n/12 7
 []


Overfull \hbox (0.87357pt too wide) detected at line 8
 \T1/cmr/m/n/12 9
 []


Overfull \hbox (0.87357pt too wide) detected at line 9
 \T1/cmr/m/n/12 9
 []


Overfull \hbox (0.87357pt too wide) detected at line 10
 \T1/cmr/m/n/12 9
 []


Overfull \hbox (0.87357pt too wide) detected at line 11
 \T1/cmr/m/n/12 9
 []


Overfull \hbox (6.74713pt too wide) detected at line 12
 \T1/cmr/m/n/12 10
 []


Overfull \hbox (6.74713pt too wide) detected at line 13
 \T1/cmr/m/n/12 11
 []


Overfull \hbox (6.74713pt too wide) detected at line 14
 \T1/cmr/m/n/12 11
 []


Overfull \hbox (6.74713pt too wide) detected at line 15
 \T1/cmr/m/n/12 11
 []


Overfull \hbox (6.74713pt too wide) detected at line 16
 \T1/cmr/m/n/12 12
 []


Overfull \hbox (6.74713pt too wide) detected at line 17
 \T1/cmr/m/n/12 13
 []

LaTeX Font Info:    Try loading font information for U+msa on input line 18.
(c:/sw55/TCITeX/tex/latex/amsfonts/umsa.fd
File: umsa.fd 2002/01/19 v2.2g AMS font definitions
)
LaTeX Font Info:    Try loading font information for U+msb on input line 18.

(c:/sw55/TCITeX/tex/latex/amsfonts/umsb.fd
File: umsb.fd 2002/01/19 v2.2g AMS font definitions
)
Overfull \hbox (6.74713pt too wide) detected at line 18
 \T1/cmr/m/n/12 14
 []


Overfull \hbox (6.74713pt too wide) detected at line 19
 \T1/cmr/m/n/12 14
 []


Overfull \hbox (6.74713pt too wide) detected at line 20
 \T1/cmr/m/n/12 15
 []


Overfull \hbox (6.74713pt too wide) detected at line 21
 \T1/cmr/m/n/12 15
 []


Overfull \hbox (6.74713pt too wide) detected at line 22
 \T1/cmr/m/n/12 16
 []


Overfull \hbox (6.74713pt too wide) detected at line 23
 \T1/cmr/m/n/12 17
 []


Overfull \hbox (6.74713pt too wide) detected at line 24
 \T1/cmr/m/n/12 17
 []


Overfull \hbox (6.74713pt too wide) detected at line 25
 \T1/cmr/m/n/12 17
 []


Overfull \hbox (6.74713pt too wide) detected at line 26
 \T1/cmr/m/n/12 17
 []


Overfull \hbox (6.74713pt too wide) detected at line 27
 \T1/cmr/m/n/12 18
 []


Overfull \hbox (6.74713pt too wide) detected at line 28
 \T1/cmr/m/n/12 18
 []


Overfull \hbox (6.74713pt too wide) detected at line 29
 \T1/cmr/m/n/12 19
 []


Overfull \hbox (6.74713pt too wide) detected at line 30
 \T1/cmr/m/n/12 19
 []


Overfull \hbox (6.74713pt too wide) detected at line 31
 \T1/cmr/m/n/12 20
 []

[1]
Overfull \hbox (6.74713pt too wide) detected at line 32
 \T1/cmr/m/n/12 21
 []


Overfull \hbox (6.74713pt too wide) detected at line 34
 \T1/cmr/m/n/12 22
 []


Overfull \hbox (6.74713pt too wide) detected at line 35
 \T1/cmr/m/n/12 22
 []


Overfull \hbox (6.74713pt too wide) detected at line 36
 \T1/cmr/m/n/12 23
 []


Overfull \hbox (6.74713pt too wide) detected at line 37
 \T1/cmr/m/n/12 23
 []


Overfull \hbox (6.74713pt too wide) detected at line 38
 \T1/cmr/m/n/12 23
 []


Overfull \hbox (6.74713pt too wide) detected at line 39
 \T1/cmr/m/n/12 24
 []


Overfull \hbox (6.74713pt too wide) detected at line 40
 \T1/cmr/m/n/12 24
 []


Overfull \hbox (6.74713pt too wide) detected at line 41
 \T1/cmr/m/n/12 25
 []


Overfull \hbox (6.74713pt too wide) detected at line 42
 \T1/cmr/m/n/12 25
 []


Overfull \hbox (6.74713pt too wide) detected at line 43
 \T1/cmr/m/n/12 27
 []


Overfull \hbox (6.74713pt too wide) detected at line 44
 \T1/cmr/m/n/12 28
 []


Overfull \hbox (6.74713pt too wide) detected at line 45
 \T1/cmr/m/n/12 33
 []


Overfull \hbox (6.74713pt too wide) detected at line 46
 \T1/cmr/m/n/12 33
 []


Overfull \hbox (6.74713pt too wide) detected at line 47
 \T1/cmr/m/n/12 34
 []


Overfull \hbox (6.74713pt too wide) detected at line 48
 \T1/cmr/m/n/12 35
 []


Overfull \hbox (6.74713pt too wide) detected at line 49
 \T1/cmr/m/n/12 36
 []


Overfull \hbox (6.74713pt too wide) detected at line 50
 \T1/cmr/m/n/12 37
 []


Overfull \hbox (6.74713pt too wide) detected at line 51
 \T1/cmr/m/n/12 37
 []

)
\tf@toc=\write3
\openout3 = `swp0000.toc'.

 [2] [3]
LaTeX Font Info:    Try loading font information for U+euf on input line 176.
 (c:/sw55/TCITeX/tex/latex/amsfonts/ueuf.fd
File: ueuf.fd 2002/01/19 v2.2g AMS font definitions
) [4] [5] [6] [7] [8]
[9] [10] [11] [12] [13] [14] [15] [16] [17] [18] [19] [20] [21] [22] [23]
[24] [25] [26] [27]
Overfull \hbox (0.6281pt too wide) detected at line 1568
[] \OT1/cmr/m/n/12 = [] [] []\OML/cmm/m/it/12 g[] [] \OT1/cmr/m/n/12 =  \OMS/cm
sy/m/n/12 ^^@[] [] []\OML/cmm/m/it/12 g[] [] ;
 []

[28] [29] [30] [31] [32] [33] [34]
Overfull \hbox (13.6927pt too wide) in paragraph at lines 1987--1987
[] 
 []


Overfull \hbox (4.95695pt too wide) detected at line 1996
[] \OT1/cmr/m/n/12 = \OML/cmm/m/it/12 I[]^^N[]^^N[] \OMS/cmsy/m/n/12 ^^@ \OML/c
mm/m/it/12 I[]^^N[]^^N[] \OT1/cmr/m/n/12 + \OML/cmm/m/it/12 a[]a[]^^N[] \OMS/cm
sy/m/n/12 ^^@ \OML/cmm/m/it/12 a[]a[]^^N[] \OMS/cmsy/m/n/12 ^^@ \OML/cmm/m/it/1
2 a[]a[]^^N[] \OT1/cmr/m/n/12 + \OML/cmm/m/it/12 a[]a[]^^N[]:
 []

[35]
Overfull \hbox (50.12067pt too wide) in paragraph at lines 2083--2083
[] 
 []

[36] (./swp0000.bbl [37]) [38] (./swp0000.aux) ) 
Here is how much of TeX's memory you used:
 3304 strings out of 95101
 39611 string characters out of 1183309
 109274 words of memory out of 1500000
 6361 multiletter control sequences out of 10000+50000
 25554 words of font info for 71 fonts, out of 1200000 for 2000
 22 hyphenation exceptions out of 8191
 27i,15n,24p,282b,359s stack positions out of 5000i,500n,6000p,200000b,5000s
{c:/sw55/TCITeX/fonts/type1/cmr
10.enc}<c:/sw55/TCITeX/fonts/truetype/cmr10.ttf>{c:/sw55/TCITeX/fonts/type1/euf
m10.enc}<c:/sw55/TCITeX/fonts/truetype/eufm10.ttf>{c:/sw55/TCITeX/fonts/type1/c
msy6.enc}<c:/sw55/TCITeX/fonts/truetype/cmsy6.ttf>{c:/sw55/TCITeX/fonts/type1/c
mr6.enc}<c:/sw55/TCITeX/fonts/truetype/cmr6.ttf>{c:/sw55/TCITeX/fonts/type1/msb
m10.enc}<c:/sw55/TCITeX/fonts/truetype/msbm10.ttf>{c:/sw55/TCITeX/fonts/type1/c
mex10.enc}<c:/sw55/TCITeX/fonts/truetype/cmex10.ttf><c:/sw55/TCITeX/fonts/truet
ype/eufm10.ttf>{c:/sw55/TCITeX/fonts/type1/cmmi6.enc}<c:/sw55/TCITeX/fonts/true
type/cmmi6.ttf>{c:/sw55/TCITeX/fonts/type1/cmmi8.enc}<c:/sw55/TCITeX/fonts/true
type/cmmi8.ttf>{c:/sw55/TCITeX/fonts/type1/cmmi12.enc}<c:/sw55/TCITeX/fonts/tru
etype/cmmi12.ttf>{c:/sw55/TCITeX/fonts/type1/cmr8.enc}<c:/sw55/TCITeX/fonts/tru
etype/cmr8.ttf>{c:/sw55/TCITeX/fonts/type1/cmsy8.enc}<c:/sw55/TCITeX/fonts/true
type/cmsy8.ttf>{c:/sw55/TCITeX/fonts/type1/cmr12.enc}<c:/sw55/TCITeX/fonts/true
type/cmr12.ttf>{c:/sw55/TCITeX/fonts/type1/cmsy10.enc}<c:/sw55/TCITeX/fonts/tru
etype/cmsy10.ttf>{c:/sw55/TCITeX/fonts/type1/dcti10.enc}<c:/sw55/TCITeX/fonts/t
ruetype/dcti10.ttf>{c:/sw55/TCITeX/fonts/type1/dcr10.enc}<c:/sw55/TCITeX/fonts/
truetype/dcr10.ttf>{c:/sw55/TCITeX/fonts/type1/dcbx10.enc}<c:/sw55/TCITeX/fonts
/truetype/dcbx10.ttf>
Output written on swp0000.pdf (39 pages, 242530 bytes).
PDF statistics:
 197 PDF objects out of 1000 (max. 8388607)
 0 named destinations out of 1000 (max. 131072)
 1 words of extra memory for PDF output out of 10000 (max. 10000000)

