This is pdfTeX, Version 3.1415926-1.40.8-beta-20080627 (MiKTeX 2.7) (preloaded format=pdflatex 2008.9.4)  17 JAN 2009 11:30
entering extended mode
**C:/sw55/Docs/nobo11aN.tex
(C:/sw55/Docs/nobo11aN.tex
LaTeX2e <2005/12/01>
Babel <v3.8j> and hyphenation patterns for english, dumylang, nohyphenation, ge
rman, ngerman, german-x-2008-06-18, ngerman-x-2008-06-18, french, loaded.
("C:\Program Files\MiKTeX 2.7\tex\latex\revtex4\revtex4.cls"
Document Class: revtex4 2001/08/03 v4.0 (http://publish.aps.org/revtex4/ for do
cumentation)
 Copyright (c) 2001 The American Physical Society.
 mailto:revtex@aps.org
 Licensed under the LPPL:
http://www.ctan.org/tex-archive/macros/latex/base/lppl.txt
 Arthur Ogawa <ogawa@teleport.com>
 Based on work by David Carlisle <david@dcarlisle.demon.co.uk>.
ltxutil: portions licensed from W. E. Baxter (web@superscript.com)
Class revtex4 Info: Repairing broken LateX \@sect on input line 596.
\intertabularlinepenalty=\count79
\@tbpen=\count80
\@arstrutbox@hline=\box26
Class revtex4 Info: Repairing broken LaTeX \@xbitor on input line 1610.
ltxgrid: portions licensed from W. E. Baxter (web@superscript.com)
\c@linecount=\count81
\output=\toks14
\@protection@box=\box27
\@topmark@saved=\toks15
\footins@saved=\box28
\pagesofar=\box29
\footbox=\box30
\pagegrid@col=\count82
Class revtex4 Info: Incorporating package {textcase}  [1998/11/12 v0.06 Text on
ly upper/lower case changing (DPC)]. on input line 3682.
("C:\Program Files\MiKTeX 2.7\tex\latex\ltxmisc\url.sty"
\Urlmuskip=\muskip10
Package: url 2006/04/12  ver 3.3  Verb mode for urls, etc.
)
\c@affil=\count83
\absbox=\box31
\c@part=\count84
\c@section=\count85
\c@subsection=\count86
\c@subsubsection=\count87
\c@paragraph=\count88
\c@subparagraph=\count89
\abovecaptionskip=\skip41
\belowcaptionskip=\skip42
\c@figure=\count90
\c@table=\count91

("C:\Program Files\MiKTeX 2.7\tex\latex\natbib\natbib.sty"
Package: natbib 2007/10/30 8.1 (PWD)
\bibhang=\skip43
\bibsep=\skip44
LaTeX Info: Redefining \cite on input line 602.
\c@NAT@ctr=\count92
)
\widetext@top=\box32
\widetext@bot=\box33

("C:\Program Files\MiKTeX 2.7\tex\latex\revtex4\revsymb.sty"
Package: revsymb 2001/08/03 v4.0 (http://publish.aps.org/revtex4/ for documenta
tion)
LaTeX Info: Redefining \REV@mathfrak on input line 118.
))
("C:\Program Files\MiKTeX 2.7\tex\latex\revtex4\aps.rtx"
File: aps.rtx 2001/08/03 v4.0 (http://publish.aps.org/revtex4/ for documentatio
n)
)
("C:\Program Files\MiKTeX 2.7\tex\latex\revtex4\12pt.rtx"
File: 12pt.rtx 2001/08/03 v4.0 (http://publish.aps.org/revtex4/ for documentati
on)
)
("C:\Program Files\MiKTeX 2.7\tex\latex\amsfonts\amsfonts.sty"
Package: amsfonts 2001/10/25 v2.2f
\@emptytoks=\toks16
\symAMSa=\mathgroup4
\symAMSb=\mathgroup5
LaTeX Font Info:    Overwriting math alphabet `\mathfrak' in version `bold'
(Font)                  U/euf/m/n --> U/euf/b/n on input line 132.
LaTeX Info: Redefining \frak on input line 135.
LaTeX Info: Redefining \Bbb on input line 137.
)
("C:\Program Files\MiKTeX 2.7\tex\latex\amsmath\amsmath.sty"
Package: amsmath 2000/07/18 v2.13 AMS math features
\@mathmargin=\skip45

For additional information on amsmath, use the `?' option.
("C:\Program Files\MiKTeX 2.7\tex\latex\amsmath\amstext.sty"
Package: amstext 2000/06/29 v2.01

("C:\Program Files\MiKTeX 2.7\tex\latex\amsmath\amsgen.sty"
File: amsgen.sty 1999/11/30 v2.0
\@emptytoks=\toks17
\ex@=\dimen102
))
("C:\Program Files\MiKTeX 2.7\tex\latex\amsmath\amsbsy.sty"
Package: amsbsy 1999/11/29 v1.2d
\pmbraise@=\dimen103
)
("C:\Program Files\MiKTeX 2.7\tex\latex\amsmath\amsopn.sty"
Package: amsopn 1999/12/14 v2.01 operator names
)
\inf@bad=\count93
LaTeX Info: Redefining \frac on input line 211.
\uproot@=\count94
\leftroot@=\count95
LaTeX Info: Redefining \overline on input line 307.
\classnum@=\count96
\DOTSCASE@=\count97
LaTeX Info: Redefining \ldots on input line 379.
LaTeX Info: Redefining \dots on input line 382.
LaTeX Info: Redefining \cdots on input line 467.
\Mathstrutbox@=\box34
\strutbox@=\box35
\big@size=\dimen104
LaTeX Font Info:    Redeclaring font encoding OML on input line 567.
LaTeX Font Info:    Redeclaring font encoding OMS on input line 568.
\macc@depth=\count98
\c@MaxMatrixCols=\count99
\dotsspace@=\muskip11
\c@parentequation=\count100
\dspbrk@lvl=\count101
\tag@help=\toks18
\row@=\count102
\column@=\count103
\maxfields@=\count104
\andhelp@=\toks19
\eqnshift@=\dimen105
\alignsep@=\dimen106
\tagshift@=\dimen107
\tagwidth@=\dimen108
\totwidth@=\dimen109
\lineht@=\dimen110
\@envbody=\toks20
\multlinegap=\skip46
\multlinetaggap=\skip47
\mathdisplay@stack=\toks21
LaTeX Info: Redefining \[ on input line 2666.
LaTeX Info: Redefining \] on input line 2667.
)
("C:\Program Files\MiKTeX 2.7\tex\latex\amsfonts\amssymb.sty"
Package: amssymb 2002/01/22 v2.2d
)
("C:\Program Files\MiKTeX 2.7\tex\latex\graphics\graphicx.sty"
Package: graphicx 1999/02/16 v1.0f Enhanced LaTeX Graphics (DPC,SPQR)

("C:\Program Files\MiKTeX 2.7\tex\latex\graphics\keyval.sty"
Package: keyval 1999/03/16 v1.13 key=value parser (DPC)
\KV@toks@=\toks22
)
("C:\Program Files\MiKTeX 2.7\tex\latex\graphics\graphics.sty"
Package: graphics 2006/02/20 v1.0o Standard LaTeX Graphics (DPC,SPQR)

("C:\Program Files\MiKTeX 2.7\tex\latex\graphics\trig.sty"
Package: trig 1999/03/16 v1.09 sin cos tan (DPC)
)
("C:\Program Files\MiKTeX 2.7\tex\latex\00miktex\graphics.cfg"
File: graphics.cfg 2007/01/18 v1.5 graphics configuration of teTeX/TeXLive
)
Package graphics Info: Driver file: pdftex.def on input line 90.

("C:\Program Files\MiKTeX 2.7\tex\latex\graphics\pdftex.def"
File: pdftex.def 2007/06/12 v0.04h Graphics/color for pdfTeX
\Gread@gobject=\count105
))
\Gin@req@height=\dimen111
\Gin@req@width=\dimen112
)
\c@theorem=\count106
 (nobo11aN.aux)
LaTeX Font Info:    Checking defaults for OML/cmm/m/it on input line 40.
LaTeX Font Info:    ... okay on input line 40.
LaTeX Font Info:    Checking defaults for T1/cmr/m/n on input line 40.
LaTeX Font Info:    ... okay on input line 40.
LaTeX Font Info:    Checking defaults for OT1/cmr/m/n on input line 40.
LaTeX Font Info:    ... okay on input line 40.
LaTeX Font Info:    Checking defaults for OMS/cmsy/m/n on input line 40.
LaTeX Font Info:    ... okay on input line 40.
LaTeX Font Info:    Checking defaults for OMX/cmex/m/n on input line 40.
LaTeX Font Info:    ... okay on input line 40.
LaTeX Font Info:    Checking defaults for U/cmr/m/n on input line 40.
LaTeX Font Info:    ... okay on input line 40.
Class revtex4 Info: Patching LaTeX tabular. on input line 40.
Class revtex4 Info: cite was not loaded (OK!) on input line 40.
Class revtex4 Info: multicol was not loaded (OK!) on input line 40.

("C:\Program Files\MiKTeX 2.7\tex\context\base\supp-pdf.tex"
[Loading MPS to PDF converter (version 2006.09.02).]
\scratchcounter=\count107
\scratchdimen=\dimen113
\scratchbox=\box36
\nofMPsegments=\count108
\nofMParguments=\count109
\everyMPshowfont=\toks23
\MPscratchCnt=\count110
\MPscratchDim=\dimen114
\MPnumerator=\count111
\everyMPtoPDFconversion=\toks24
)

Class revtex4 Warning: If you want your PACS to appear in your output, use docu
ment class option showpacs.

[1{C:/ProgramData/MiKTeX/2.7/pdftex/config/pdftex.map}] (nobo11aN.toc
Overfull \hbox (0.87494pt too wide) detected at line 4
 \OT1/cmr/m/n/12 3
 []


Overfull \hbox (0.87494pt too wide) detected at line 5
 \OT1/cmr/m/n/12 5
 []


Overfull \hbox (0.87494pt too wide) detected at line 6
 \OT1/cmr/m/n/12 7
 []


Overfull \hbox (6.74988pt too wide) detected at line 7
 \OT1/cmr/m/n/12 11
 []


Overfull \hbox (6.74988pt too wide) detected at line 8
 \OT1/cmr/m/n/12 13
 []


Overfull \hbox (6.74988pt too wide) detected at line 9
 \OT1/cmr/m/n/12 19
 []


Overfull \hbox (6.74988pt too wide) detected at line 10
 \OT1/cmr/m/n/12 21
 []


Overfull \hbox (6.74988pt too wide) detected at line 11
 \OT1/cmr/m/n/12 23
 []

LaTeX Font Info:    Try loading font information for U+msa on input line 13.
("C:\Program Files\MiKTeX 2.7\tex\latex\amsfonts\umsa.fd"
File: umsa.fd 2002/01/19 v2.2g AMS font definitions
)
LaTeX Font Info:    Try loading font information for U+msb on input line 13.

("C:\Program Files\MiKTeX 2.7\tex\latex\amsfonts\umsb.fd"
File: umsb.fd 2002/01/19 v2.2g AMS font definitions
)
! Undefined control sequence.
<recently read> \@mathbf 
                         
l.13 ...the $\@mathbf {c}$ Parameterization}{23}{}
                                                  
? 

Overfull \hbox (6.74988pt too wide) detected at line 13
 \OT1/cmr/m/n/12 23
 []


Overfull \hbox (6.74988pt too wide) detected at line 14
 \OT1/cmr/m/n/12 24
 []


Overfull \hbox (6.74988pt too wide) detected at line 15
 \OT1/cmr/m/n/12 26
 []


Overfull \hbox (6.74988pt too wide) detected at line 16
 \OT1/cmr/m/n/12 27
 []


Overfull \hbox (6.74988pt too wide) detected at line 17
 \OT1/cmr/m/n/12 27
 []


Overfull \hbox (6.74988pt too wide) detected at line 18
 \OT1/cmr/m/n/12 32
 []

! Undefined control sequence.
<recently read> \@mathfrak 
                           
l.19 ...s Adapted to $\@mathfrak {B}_{vec}$}{35}{}
                                                  
? 

Overfull \hbox (6.74988pt too wide) detected at line 19
 \OT1/cmr/m/n/12 35
 []


Overfull \hbox (6.74988pt too wide) detected at line 20
 \OT1/cmr/m/n/12 39
 []


Overfull \hbox (6.74988pt too wide) detected at line 21
 \OT1/cmr/m/n/12 40
 []


Overfull \hbox (6.74988pt too wide) detected at line 22
 \OT1/cmr/m/n/12 41
 []

)
\tf@toc=\write3
 [2] [3] [4]

Package natbib Warning: Citation `HEGexample' on page 5 undefined on input line
 179.


Package natbib Warning: Citation `bareTaylor' on page 5 undefined on input line
 181.


Package natbib Warning: Citation `GrossKohn90' on page 5 undefined on input lin
e 188.


Package natbib Warning: Citation `Fois88' on page 5 undefined on input line 199
.

[5]

Package natbib Warning: Citation `Xchneglect' on page 6 undefined on input line
 218.


Package natbib Warning: Citation `KramSar' on page 6 undefined on input line 23
2.

[6]

Package natbib Warning: Citation `PerdewSavin' on page 7 undefined on input lin
e 268.


Package natbib Warning: Citation `BLWSBT98' on page 7 undefined on input line 2
68.


Package natbib Warning: Citation `SavinSem2' on page 7 undefined on input line 
268.


Package natbib Warning: Citation `KreibGross' on page 7 undefined on input line
 279.

[7] [8]

Package natbib Warning: Citation `Sjoqvist' on page 9 undefined on input line 3
56.


Package natbib Warning: Citation `Bruhat' on page 9 undefined on input line 386
.


Package natbib Warning: Citation `affinebundleref' on page 9 undefined on input
 line 388.

LaTeX Font Info:    Try loading font information for U+euf on input line 388.
("C:\Program Files\MiKTeX 2.7\tex\latex\amsfonts\ueuf.fd"
File: ueuf.fd 2002/01/19 v2.2g AMS font definitions
) [9]

Package natbib Warning: Citation `Yref' on page 10 undefined on input line 427.


[10]

Package natbib Warning: Citation `diffbundle' on page 11 undefined on input lin
e 435.


Package natbib Warning: Citation `KramSar' on page 11 undefined on input line 4
56.

[11]

Package natbib Warning: Citation `etainv' on page 12 undefined on input line 52
1.


Package natbib Warning: Citation `KramSar' on page 12 undefined on input line 5
27.


Package natbib Warning: Citation `BLW94' on page 12 undefined on input line 527
.

[12] [13]

Package natbib Warning: Citation `Bruhat' on page 14 undefined on input line 61
4.

[14]

Package natbib Warning: Citation `congruence' on page 15 undefined on input lin
e 676.

[15] [16] [17]

LaTeX Font Warning: Command \LARGE invalid in math mode on input line 889.


LaTeX Font Warning: Command \LARGE invalid in math mode on input line 889.

[18]

Package natbib Warning: Citation `Ortiz81' on page 19 undefined on input line 9
02.

[19] [20] [21]

Package natbib Warning: Citation `Blaizot86' on page 22 undefined on input line
 1056.

[22] [23] [24] [25]

Package natbib Warning: Citation `Kummer' on page 26 undefined on input line 12
79.

[26]

Package natbib Warning: Citation `BerezinShubin' on page 27 undefined on input 
line 1347.

[27]

Package natbib Warning: Citation `Richtmyer' on page 28 undefined on input line
 1392.

[28] [29] [30] [31] [32] [33] [34] [35] [36] [37] [38] [39]

Package natbib Warning: Citation `Harriman81' on page 40 undefined on input lin
e 2138.

[40] [41] [42]

Package natbib Warning: There were undefined citations.

[43] (nobo11aN.aux)

LaTeX Warning: Label(s) may have changed. Rerun to get cross-references right .


 ) 
Here is how much of TeX's memory you used:
 3517 strings out of 95305
 40954 string characters out of 1183069
 118150 words of memory out of 1500000
 6702 multiletter control sequences out of 110000
 15504 words of font info for 59 fonts, out of 1200000 for 2000
 14 hyphenation exceptions out of 8191
 27i,16n,24p,238b,312s stack positions out of 5000i,500n,10000p,200000b,5000s
<C:/Program Files/MiKTeX 2.7/fonts/type1/bluesky/cm/cmbx10.pfb><C:/Program Fi
les/MiKTeX 2.7/fonts/type1/bluesky/cm/cmbx12.pfb><C:/Program Files/MiKTeX 2.7/f
onts/type1/bluesky/cm/cmbx8.pfb><C:/Program Files/MiKTeX 2.7/fonts/type1/bluesk
y/cm/cmex10.pfb><C:/Program Files/MiKTeX 2.7/fonts/type1/bluesky/cm/cmmi12.pfb>
<C:/Program Files/MiKTeX 2.7/fonts/type1/bluesky/cm/cmmi6.pfb><C:/Program Files
/MiKTeX 2.7/fonts/type1/bluesky/cm/cmmi8.pfb><C:/Program Files/MiKTeX 2.7/fonts
/type1/bluesky/cm/cmr10.pfb><C:/Program Files/MiKTeX 2.7/fonts/type1/bluesky/cm
/cmr12.pfb><C:/Program Files/MiKTeX 2.7/fonts/type1/bluesky/cm/cmr6.pfb><C:/Pro
gram Files/MiKTeX 2.7/fonts/type1/bluesky/cm/cmr8.pfb><C:/Program Files/MiKTeX 
2.7/fonts/type1/bluesky/cm/cmss12.pfb><C:/Program Files/MiKTeX 2.7/fonts/type1/
bluesky/cm/cmss8.pfb><C:/Program Files/MiKTeX 2.7/fonts/type1/bluesky/cm/cmsy10
.pfb><C:/Program Files/MiKTeX 2.7/fonts/type1/bluesky/cm/cmsy6.pfb><C:/Program 
Files/MiKTeX 2.7/fonts/type1/bluesky/cm/cmsy8.pfb><C:/Program Files/MiKTeX 2.7/
fonts/type1/bluesky/cm/cmti10.pfb><C:/Program Files/MiKTeX 2.7/fonts/type1/blue
sky/cm/cmti12.pfb><C:/Program Files/MiKTeX 2.7/fonts/type1/bluesky/cm/cmtt12.pf
b><C:/Program Files/MiKTeX 2.7/fonts/type1/bluesky/ams/eufm10.pfb><C:/Program F
iles/MiKTeX 2.7/fonts/type1/bluesky/ams/msam10.pfb><C:/Program Files/MiKTeX 2.7
/fonts/type1/bluesky/ams/msbm10.pfb><C:/Program Files/MiKTeX 2.7/fonts/type1/bl
uesky/ams/msbm7.pfb>
Output written on nobo11aN.pdf (43 pages, 296292 bytes).
PDF statistics:
 236 PDF objects out of 1000 (max. 8388607)
 0 named destinations out of 1000 (max. 131072)
 1 words of extra memory for PDF output out of 10000 (max. 10000000)

