This is TeX, Version 3.14159 (preloaded format=latex_ml 4.5.10)  18 OCT 2009 10:03
**&latex_ml C:/Users/bqw/AppData/Local/Temp/swp0000.tex
(C:/Users/bqw/AppData/Local/Temp/swp0000.tex
LaTeX2e <2003/12/01>
Babel <v3.8a> and hyphenation patterns for american, english, french, german, n
german, loaded.
(C:\sw55\TCITeX\TeX\LaTeX\contrib\revtex4\revtex4.cls
Document Class: revtex4 2001/08/03 v4.0 (http://publish.aps.org/revtex4/ for do
cumentation)
 Copyright (c) 2001 The American Physical Society.
 mailto:revtex@aps.org
 Licensed under the LPPL:
http://www.ctan.org/tex-archive/macros/latex/base/lppl.txt
 Arthur Ogawa <ogawa@teleport.com>
 Based on work by David Carlisle <david@dcarlisle.demon.co.uk>.
ltxutil: portions licensed from W. E. Baxter (web@superscript.com)
Class revtex4 Info: Repairing broken LateX \@sect on input line 596.
\intertabularlinepenalty=\count79
\@tbpen=\count80
\@arstrutbox@hline=\box26
Class revtex4 Info: Repairing broken LaTeX \@xbitor on input line 1610.
ltxgrid: portions licensed from W. E. Baxter (web@superscript.com)
\c@linecount=\count81
\output=\toks14
\@protection@box=\box27
\@topmark@saved=\toks15
\footins@saved=\box28
\pagesofar=\box29
\footbox=\box30
\pagegrid@col=\count82
Class revtex4 Info: Incorporating package {textcase}  [1998/11/12 v0.06 Text on
ly upper/lower case changing (DPC)]. on input line 3682.
(C:\sw55\TCITeX\TeX\LaTeX\contrib\misc\url.sty
\Urlmuskip=\muskip10
Package: url 2005/06/27  ver 3.2  Verb mode for urls, etc.
)
\c@affil=\count83
\absbox=\box31
\c@part=\count84
\c@section=\count85
\c@subsection=\count86
\c@subsubsection=\count87
\c@paragraph=\count88
\c@subparagraph=\count89
\abovecaptionskip=\skip41
\belowcaptionskip=\skip42
\c@figure=\count90
\c@table=\count91

(C:\sw55\TCITeX\TeX\LaTeX\contrib\natbib\natbib.sty
Package: natbib 2003/06/06 7.1 (PWD)
\bibhang=\skip43
\bibsep=\skip44
LaTeX Info: Redefining \cite on input line 518.
\c@NAT@ctr=\count92
)
\widetext@top=\box32
\widetext@bot=\box33

(C:\sw55\TCITeX\TeX\LaTeX\contrib\revtex4\revsymb.sty
Package: revsymb 2001/08/03 v4.0 (http://publish.aps.org/revtex4/ for documenta
tion)
LaTeX Info: Redefining \REV@mathfrak on input line 118.
))
(C:\sw55\TCITeX\TeX\LaTeX\contrib\revtex4\aps.rtx
File: aps.rtx 2001/08/03 v4.0 (http://publish.aps.org/revtex4/ for documentatio
n)
)
(C:\sw55\TCITeX\TeX\LaTeX\contrib\revtex4\12pt.rtx
File: 12pt.rtx 2001/08/03 v4.0 (http://publish.aps.org/revtex4/ for documentati
on)
)
(C:\sw55\TCITeX\TeX\LaTeX\amsfonts\amsfonts.sty
Package: amsfonts 2001/10/25 v2.2f
\@emptytoks=\toks16
\symAMSa=\mathgroup4
\symAMSb=\mathgroup5
LaTeX Font Info:    Overwriting math alphabet `\mathfrak' in version `bold'
(Font)                  U/euf/m/n --> U/euf/b/n on input line 132.
LaTeX Info: Redefining \frak on input line 135.
LaTeX Info: Redefining \Bbb on input line 137.
)
(C:\sw55\TCITeX\TeX\LaTeX\amsmath\amsmath.sty
Package: amsmath 2000/07/18 v2.13 AMS math features
\@mathmargin=\skip45

For additional information on amsmath, use the `?' option.
(C:\sw55\TCITeX\TeX\LaTeX\amsmath\amstext.sty
Package: amstext 2000/06/29 v2.01

(C:\sw55\TCITeX\TeX\LaTeX\amsmath\amsgen.sty
File: amsgen.sty 1999/11/30 v2.0
\@emptytoks=\toks17
\ex@=\dimen102
))
(C:\sw55\TCITeX\TeX\LaTeX\amsmath\amsbsy.sty
Package: amsbsy 1999/11/29 v1.2d
\pmbraise@=\dimen103
)
(C:\sw55\TCITeX\TeX\LaTeX\amsmath\amsopn.sty
Package: amsopn 1999/12/14 v2.01 operator names
)
\inf@bad=\count93
LaTeX Info: Redefining \frac on input line 211.
\uproot@=\count94
\leftroot@=\count95
LaTeX Info: Redefining \overline on input line 307.
\classnum@=\count96
\DOTSCASE@=\count97
LaTeX Info: Redefining \ldots on input line 379.
LaTeX Info: Redefining \dots on input line 382.
LaTeX Info: Redefining \cdots on input line 467.
\Mathstrutbox@=\box34
\strutbox@=\box35
\big@size=\dimen104
LaTeX Font Info:    Redeclaring font encoding OML on input line 567.
LaTeX Font Info:    Redeclaring font encoding OMS on input line 568.
\macc@depth=\count98
\c@MaxMatrixCols=\count99
\dotsspace@=\muskip11
\c@parentequation=\count100
\dspbrk@lvl=\count101
\tag@help=\toks18
\row@=\count102
\column@=\count103
\maxfields@=\count104
\andhelp@=\toks19
\eqnshift@=\dimen105
\alignsep@=\dimen106
\tagshift@=\dimen107
\tagwidth@=\dimen108
\totwidth@=\dimen109
\lineht@=\dimen110
\@envbody=\toks20
\multlinegap=\skip46
\multlinetaggap=\skip47
\mathdisplay@stack=\toks21
LaTeX Info: Redefining \[ on input line 2666.
LaTeX Info: Redefining \] on input line 2667.
)
(C:\sw55\TCITeX\TeX\LaTeX\amsfonts\amssymb.sty
Package: amssymb 2002/01/22 v2.2d
)
(C:\sw55\TCITeX\TeX\LaTeX\required\tools\bm.sty
Package: bm 2004/02/26 v1.1c Bold Symbol Support (DPC/FMi)
\symboldoperators=\mathgroup6
\symboldletters=\mathgroup7
\symboldsymbols=\mathgroup8
LaTeX Font Info:    Redeclaring math alphabet \mathbf on input line 137.
LaTeX Info: Redefining \bm on input line 203.
)
(C:\sw55\TCITeX\TeX\LaTeX\required\graphics\graphicx.sty
Package: graphicx 1999/02/16 v1.0f Enhanced LaTeX Graphics (DPC,SPQR)

(C:\sw55\TCITeX\TeX\LaTeX\required\graphics\keyval.sty
Package: keyval 1999/03/16 v1.13 key=value parser (DPC)
\KV@toks@=\toks22
)
(C:\sw55\TCITeX\TeX\LaTeX\required\graphics\graphics.sty
Package: graphics 2001/07/07 v1.0n Standard LaTeX Graphics (DPC,SPQR)

(C:\sw55\TCITeX\TeX\LaTeX\required\graphics\trig.sty
Package: trig 1999/03/16 v1.09 sin cos tan (DPC)
)
(C:\sw55\TCITeX\TeX\LaTeX\required\graphics\graphics.cfg
File: graphics.cfg 
)
Package graphics Info: Driver file: tcidvi.def on input line 80.

(C:\sw55\TCITeX\TeX\LaTeX\required\graphics\tcidvi.def
File: tcidvi.def 1999/02/16 v3.0i Driver-dependant file (DPC,SPQR)
))
\Gin@req@height=\dimen111
\Gin@req@width=\dimen112
)
\c@theorem=\count105
 (.\swp0000.aux)
LaTeX Font Info:    Checking defaults for OML/cmm/m/it on input line 42.
LaTeX Font Info:    ... okay on input line 42.
LaTeX Font Info:    Checking defaults for T1/cmr/m/n on input line 42.
LaTeX Font Info:    ... okay on input line 42.
LaTeX Font Info:    Checking defaults for OT1/cmr/m/n on input line 42.
LaTeX Font Info:    ... okay on input line 42.
LaTeX Font Info:    Checking defaults for OMS/cmsy/m/n on input line 42.
LaTeX Font Info:    ... okay on input line 42.
LaTeX Font Info:    Checking defaults for OMX/cmex/m/n on input line 42.
LaTeX Font Info:    ... okay on input line 42.
LaTeX Font Info:    Checking defaults for U/cmr/m/n on input line 42.
LaTeX Font Info:    ... okay on input line 42.
Class revtex4 Info: Patching LaTeX tabular. on input line 42.
Class revtex4 Info: cite was not loaded (OK!) on input line 42.
Class revtex4 Info: multicol was not loaded (OK!) on input line 42.

[1]
LaTeX Font Info:    Try loading font information for U+msa on input line 81.
 (C:\sw55\TCITeX\TeX\LaTeX\amsfonts\umsa.fd
File: umsa.fd 2002/01/19 v2.2g AMS font definitions
)
LaTeX Font Info:    Try loading font information for U+msb on input line 81.

(C:\sw55\TCITeX\TeX\LaTeX\amsfonts\umsb.fd
File: umsb.fd 2002/01/19 v2.2g AMS font definitions
) [2]
LaTeX Font Info:    Try loading font information for OMS+cmr on input line 141.


(C:\sw55\TCITeX\TeX\LaTeX\base\omscmr.fd
File: omscmr.fd 1999/05/25 v2.5h Standard LaTeX font definitions
)
LaTeX Font Info:    Font shape `OMS/cmr/m/n' in size <12> not available
(Font)              Font shape `OMS/cmsy/m/n' tried instead on input line 141.
 [3] [4] [5] [6]
Underfull \hbox (badness 2726) in paragraph at lines 340--347
\T1/cmr/m/n/12 that is formed by $\OT1/cmr/m/n/12 2 \OMS/cmsy/m/n/12 ^^B \OT1/c
mr/m/n/12 2$ \T1/cmr/m/it/12 spe-cial \T1/cmr/m/n/12 uni-tary trans-for-ma-tion
s of the paired CG-SOs
 []

[7] [8] [9]
LaTeX Font Info:    Try loading font information for U+euf on input line 562.
 (C:\sw55\TCITeX\TeX\LaTeX\amsfonts\ueuf.fd
File: ueuf.fd 2002/01/19 v2.2g AMS font definitions
) [10] [11] [12] [13]
[14]
Overfull \hbox (13.06215pt too wide) detected at line 852
\OML/cmm/m/it/12 U[] \OT1/cmr/m/n/12 = []
 []

[15] [16] [17] [18] [19]
Overfull \hbox (23.20824pt too wide) detected at line 1245
[] \OT1/cmr/m/n/12 = 0;  1 \OMS/cmsy/m/n/12 ^^T \OML/cmm/m/it/12 l \OMS/cmsy/m/
n/12 6\OT1/cmr/m/n/12 = \OML/cmm/m/it/12 m \OMS/cmsy/m/n/12 ^^F \OML/cmm/m/it/1
2 s \OMS/cmsy/m/n/12 ^^T \OT1/cmr/m/n/12 2\OML/cmm/m/it/12 s:
 []

[20]
Overfull \hbox (31.6064pt too wide) detected at line 1281
[] [] \OML/cmm/m/it/12 :
 []

[21] [22] [23] [24] [25] [26] [27]
Overfull \hbox (8.35349pt too wide) in paragraph at lines 1796--1796
[] 
 []

[28] [29] [30] [31] [32]
Overfull \hbox (18.57004pt too wide) in paragraph at lines 2080--2080
[] 
 []

[33]
Overfull \hbox (13.61237pt too wide) in paragraph at lines 2142--2142
[] 
 []

[34] [35] [36]
Underfull \hbox (badness 1448) in paragraph at lines 2408--2416
\T1/cmr/m/n/12 in terms of the sec-ond quan-tized op-er-a-tors $[] \OML/cmm/m/i
t/12 ;$ \T1/cmr/m/n/12 that re-fer to the
 []


Underfull \hbox (badness 1565) in paragraph at lines 2408--2416
\T1/cmr/m/n/12 GSOs $[]$, we con-sider the ex-pec-ta-tion value of the com-mu-t
a-tors
 []

[37] [38] [39] [40] [41] [42]
Overfull \hbox (7.6133pt too wide) detected at line 2879
\OML/cmm/m/it/12 @[]\OMS/cmsy/m/n/12 E [] \OT1/cmr/m/n/12 = [] [] = 0;  1 \OMS/
cmsy/m/n/12 ^^T \OML/cmm/m/it/12 j \OMS/cmsy/m/n/12 ^^T \OML/cmm/m/it/12 s;
 []

[43]
Overfull \hbox (11.81021pt too wide) in paragraph at lines 2933--2933
[] 
 []


Overfull \hbox (15.40933pt too wide) detected at line 2951
[] \OT1/cmr/m/n/12 = \OMS/cmsy/m/n/12 E [] [] \OT1/cmr/m/n/12 ;  1 \OMS/cmsy/m/
n/12 ^^T \OML/cmm/m/it/12 j \OMS/cmsy/m/n/12 ^^T \OT1/cmr/m/n/12 2\OML/cmm/m/it
/12 s;
 []

[44]
Overfull \hbox (7.36813pt too wide) in paragraph at lines 3053--3053
[] 
 []

[45]
Overfull \hbox (7.36813pt too wide) in paragraph at lines 3118--3118
[] 
 []

[46] [47] [48]
Overfull \hbox (3.13171pt too wide) detected at line 3392
[] [] \OT1/cmr/m/n/12 = [] \OML/cmm/m/it/12 N[] [] [] \OT1/cmr/m/n/12 = [] \OML
/cmm/m/it/12 N[] [] I [] ;
 []

[49] [50] [51] [52] (.\swp0000.aux) )
Here is how much of TeX's memory you used:
3222 strings out of 25820
35195 string characters out of 247699
114287 words of memory out of 262141
6135 multiletter control sequences out of 20000
19881 words of font info for 64 fonts, out of 300000 for 255
22 hyphenation exceptions out of 607
27i,15n,24p,265b,334s stack positions out of 300i,40n,60p,5000b,10000s

Output written on swp0000.dvi (52 pages, 208372 bytes).
