This is pdfTeXk, Version 3.141592-1.40.3 (Web2C 7.5.6) (format=pdflatex_ml 2008.8.22)  9 MAR 2010 13:56
 %&-line parsing enabled.
**&pdflatex_ml C:/Users/bqw/AppData/Local/Temp/swp0000.tex
(c:/Users/bqw/AppData/Local/Temp/swp0000.tex
LaTeX2e <2003/12/01>
Babel <v3.8a> and hyphenation patterns for american, english, french, german, n
german, loaded.
(c:/sw55/TCITeX/tex/latex/contrib/revtex4/revtex4.cls
Document Class: revtex4 2001/08/03 v4.0 (http://publish.aps.org/revtex4/ for do
cumentation)
 Copyright (c) 2001 The American Physical Society.
 mailto:revtex@aps.org
 Licensed under the LPPL:
http://www.ctan.org/tex-archive/macros/latex/base/lppl.txt
 Arthur Ogawa <ogawa@teleport.com>
 Based on work by David Carlisle <david@dcarlisle.demon.co.uk>.
ltxutil: portions licensed from W. E. Baxter (web@superscript.com)
Class revtex4 Info: Repairing broken LateX \@sect on input line 596.
\intertabularlinepenalty=\count79
\@tbpen=\count80
\@arstrutbox@hline=\box26
Class revtex4 Info: Repairing broken LaTeX \@xbitor on input line 1610.
ltxgrid: portions licensed from W. E. Baxter (web@superscript.com)
\c@linecount=\count81
\output=\toks14
\@protection@box=\box27
\@topmark@saved=\toks15
\footins@saved=\box28
\pagesofar=\box29
\footbox=\box30
\pagegrid@col=\count82
Class revtex4 Info: Incorporating package {textcase}  [1998/11/12 v0.06 Text on
ly upper/lower case changing (DPC)]. on input line 3682.
(c:/sw55/TCITeX/tex/latex/contrib/misc/url.sty
\Urlmuskip=\muskip10
Package: url 2006/04/12  ver 3.3  Verb mode for urls, etc.
)
\c@affil=\count83
\absbox=\box31
\c@part=\count84
\c@section=\count85
\c@subsection=\count86
\c@subsubsection=\count87
\c@paragraph=\count88
\c@subparagraph=\count89
\abovecaptionskip=\skip41
\belowcaptionskip=\skip42
\c@figure=\count90
\c@table=\count91

(c:/sw55/TCITeX/tex/latex/contrib/natbib/natbib.sty
Package: natbib 2009/02/02 8.3 (PWD, AO)
\bibhang=\skip43
\bibsep=\skip44
LaTeX Info: Redefining \cite on input line 694.
\c@NAT@ctr=\count92
)
\widetext@top=\box32
\widetext@bot=\box33

(c:/sw55/TCITeX/tex/latex/contrib/revtex4/revsymb.sty
Package: revsymb 2001/08/03 v4.0 (http://publish.aps.org/revtex4/ for documenta
tion)
LaTeX Info: Redefining \REV@mathfrak on input line 118.
))
(c:/sw55/TCITeX/tex/latex/amsfonts/amsfonts.sty
Package: amsfonts 2001/10/25 v2.2f
\@emptytoks=\toks16
\symAMSa=\mathgroup4
\symAMSb=\mathgroup5
LaTeX Font Info:    Overwriting math alphabet `\mathfrak' in version `bold'
(Font)                  U/euf/m/n --> U/euf/b/n on input line 132.
LaTeX Info: Redefining \frak on input line 135.
LaTeX Info: Redefining \Bbb on input line 137.
)
(c:/sw55/TCITeX/tex/latex/amsfonts/amssymb.sty
Package: amssymb 2002/01/22 v2.2d
)
(c:/sw55/TCITeX/tex/latex/contrib/revtex4/aps.rtx
File: aps.rtx 2001/08/03 v4.0 (http://publish.aps.org/revtex4/ for documentatio
n)
)
(c:/sw55/TCITeX/tex/latex/contrib/revtex4/12pt.rtx
File: 12pt.rtx 2001/08/03 v4.0 (http://publish.aps.org/revtex4/ for documentati
on)
)
(c:/sw55/TCITeX/tex/latex/amsmath/amsmath.sty
Package: amsmath 2000/07/18 v2.13 AMS math features
\@mathmargin=\skip45

For additional information on amsmath, use the `?' option.
(c:/sw55/TCITeX/tex/latex/amsmath/amstext.sty
Package: amstext 2000/06/29 v2.01

(c:/sw55/TCITeX/tex/latex/amsmath/amsgen.sty
File: amsgen.sty 1999/11/30 v2.0
\@emptytoks=\toks17
\ex@=\dimen102
))
(c:/sw55/TCITeX/tex/latex/amsmath/amsbsy.sty
Package: amsbsy 1999/11/29 v1.2d
\pmbraise@=\dimen103
)
(c:/sw55/TCITeX/tex/latex/amsmath/amsopn.sty
Package: amsopn 1999/12/14 v2.01 operator names
)
\inf@bad=\count93
LaTeX Info: Redefining \frac on input line 211.
\uproot@=\count94
\leftroot@=\count95
LaTeX Info: Redefining \overline on input line 307.
\classnum@=\count96
\DOTSCASE@=\count97
LaTeX Info: Redefining \ldots on input line 379.
LaTeX Info: Redefining \dots on input line 382.
LaTeX Info: Redefining \cdots on input line 467.
\Mathstrutbox@=\box34
\strutbox@=\box35
\big@size=\dimen104
LaTeX Font Info:    Redeclaring font encoding OML on input line 567.
LaTeX Font Info:    Redeclaring font encoding OMS on input line 568.
\macc@depth=\count98
\c@MaxMatrixCols=\count99
\dotsspace@=\muskip11
\c@parentequation=\count100
\dspbrk@lvl=\count101
\tag@help=\toks18
\row@=\count102
\column@=\count103
\maxfields@=\count104
\andhelp@=\toks19
\eqnshift@=\dimen105
\alignsep@=\dimen106
\tagshift@=\dimen107
\tagwidth@=\dimen108
\totwidth@=\dimen109
\lineht@=\dimen110
\@envbody=\toks20
\multlinegap=\skip46
\multlinetaggap=\skip47
\mathdisplay@stack=\toks21
LaTeX Info: Redefining \[ on input line 2666.
LaTeX Info: Redefining \] on input line 2667.
)
(c:/sw55/TCITeX/tex/latex/required/graphics/graphicx.sty
Package: graphicx 1999/02/16 v1.0f Enhanced LaTeX Graphics (DPC,SPQR)

(c:/sw55/TCITeX/tex/latex/required/graphics/keyval.sty
Package: keyval 1999/03/16 v1.13 key=value parser (DPC)
\KV@toks@=\toks22
)
(c:/sw55/TCITeX/tex/latex/required/graphics/graphics.sty
Package: graphics 2001/07/07 v1.0n Standard LaTeX Graphics (DPC,SPQR)

(c:/sw55/TCITeX/tex/latex/required/graphics/trig.sty
Package: trig 1999/03/16 v1.09 sin cos tan (DPC)
)
(c:/sw55/TCITeX/tex/latex/required/graphics/graphics.cfg
File: graphics.cfg 
)
Package graphics Info: Driver file: pdftex.def on input line 80.

(c:/sw55/TCITeX/tex/latex/required/graphics/pdftex.def
File: pdftex.def 2007/01/08 v0.04d Graphics/color for pdfTeX
\Gread@gobject=\count105
))
\Gin@req@height=\dimen111
\Gin@req@width=\dimen112
)
\c@theorem=\count106
\msipdfoutput=\count107
 (./swp0000.aux)
\openout1 = `swp0000.aux'.

LaTeX Font Info:    Checking defaults for OML/cmm/m/it on input line 59.
LaTeX Font Info:    ... okay on input line 59.
LaTeX Font Info:    Checking defaults for T1/cmr/m/n on input line 59.
LaTeX Font Info:    ... okay on input line 59.
LaTeX Font Info:    Checking defaults for OT1/cmr/m/n on input line 59.
LaTeX Font Info:    ... okay on input line 59.
LaTeX Font Info:    Checking defaults for OMS/cmsy/m/n on input line 59.
LaTeX Font Info:    ... okay on input line 59.
LaTeX Font Info:    Checking defaults for OMX/cmex/m/n on input line 59.
LaTeX Font Info:    ... okay on input line 59.
LaTeX Font Info:    Checking defaults for U/cmr/m/n on input line 59.
LaTeX Font Info:    ... okay on input line 59.
Class revtex4 Info: Patching LaTeX tabular. on input line 59.
Class revtex4 Info: cite was not loaded (OK!) on input line 59.
Class revtex4 Info: multicol was not loaded (OK!) on input line 59.

(./swp0000.toc
Overfull \hbox (0.87357pt too wide) detected at line 4
 \T1/cmr/m/n/12 2
 []


Overfull \hbox (0.87357pt too wide) detected at line 5
 \T1/cmr/m/n/12 5
 []


Overfull \hbox (0.87357pt too wide) detected at line 6
 \T1/cmr/m/n/12 6
 []


Overfull \hbox (0.87357pt too wide) detected at line 7
 \T1/cmr/m/n/12 9
 []


Overfull \hbox (0.87357pt too wide) detected at line 8
 \T1/cmr/m/n/12 9
 []


Overfull \hbox (6.74713pt too wide) detected at line 9
 \T1/cmr/m/n/12 10
 []

LaTeX Font Info:    Try loading font information for U+msa on input line 10.
(c:/sw55/TCITeX/tex/latex/amsfonts/umsa.fd
File: umsa.fd 2002/01/19 v2.2g AMS font definitions
)
LaTeX Font Info:    Try loading font information for U+msb on input line 10.

(c:/sw55/TCITeX/tex/latex/amsfonts/umsb.fd
File: umsb.fd 2002/01/19 v2.2g AMS font definitions
)
Overfull \hbox (6.74713pt too wide) detected at line 10
 \T1/cmr/m/n/12 11
 []


Overfull \hbox (6.74713pt too wide) detected at line 11
 \T1/cmr/m/n/12 11
 []


Overfull \hbox (6.74713pt too wide) detected at line 12
 \T1/cmr/m/n/12 14
 []


Overfull \hbox (6.74713pt too wide) detected at line 13
 \T1/cmr/m/n/12 16
 []


Overfull \hbox (6.74713pt too wide) detected at line 14
 \T1/cmr/m/n/12 17
 []


Overfull \hbox (6.74713pt too wide) detected at line 15
 \T1/cmr/m/n/12 18
 []


Overfull \hbox (6.74713pt too wide) detected at line 17
 \T1/cmr/m/n/12 19
 []


Overfull \hbox (6.74713pt too wide) detected at line 18
 \T1/cmr/m/n/12 20
 []

)
\tf@toc=\write3
\openout3 = `swp0000.toc'.

 [1{c:/sw55/TCITeX/fonts/map/pdftex/pdftex.map}] [2]
LaTeX Font Info:    Try loading font information for OMS+cmr on input line 146.


(c:/sw55/TCITeX/tex/latex/base/omscmr.fd
File: omscmr.fd 1999/05/25 v2.5h Standard LaTeX font definitions
)
LaTeX Font Info:    Font shape `OMS/cmr/m/n' in size <12> not available
(Font)              Font shape `OMS/cmsy/m/n' tried instead on input line 146.
 [3] [4] [5] [6]
Underfull \hbox (badness 6859) in paragraph at lines 363--372
\T1/cmr/m/n/12 and $\OML/cmm/m/it/12 usp [] ;$ \T1/cmr/m/n/12 of its max-i-mal 
com-pact [[]] sub-groups $\OML/cmm/m/it/12 SO [] ;$
 []

[7]

Package natbib Warning: Citation `Weiner&ortiz04' on page 8 undefined on input 
line 473.

[8] [9]

Package natbib Warning: Citation `Weiner&ortiz04' on page 10 undefined on input
 line 579.

[10] [11] [12] [13]

Package natbib Warning: Citation `Weiner&ortiz04' on page 14 undefined on input
 line 836.


Underfull \hbox (badness 1102) in paragraph at lines 862--867
[]\T1/cmr/m/n/12 The fac-tors $\OML/cmm/m/it/12 u[] [] \OMS/cmsy/m/n/12 2 [] \O
ML/cmm/m/it/12 U[]; u[] [] \OMS/cmsy/m/n/12 2 [] \OML/cmm/m/it/12 U[]; u[] [] \
OMS/cmsy/m/n/12 2
 []

[14]
Overfull \hbox (4.84297pt too wide) in paragraph at lines 887--887
[] 
 []


Underfull \hbox (badness 1009) in paragraph at lines 924--932
[]\T1/cmr/m/n/12 If $\OML/cmm/m/it/12 ^^Z > \OT1/cmr/m/n/12 2$ \T1/cmr/m/n/12 t
hen one deletes the ap-pro-pri-ate op-er-a-tors in the bases
 []


Underfull \hbox (badness 10000) in paragraph at lines 942--951
\T1/cmr/m/n/12 The $\OML/cmm/m/it/12 U [] = []$\T1/cmr/m/n/12 -coherent state m
an-i-fold,
 []

[15] [16]
Overfull \hbox (28.00554pt too wide) detected at line 1070
\OML/cmm/m/it/12 U [] =K \OT1/cmr/m/n/12 = [] \OML/cmm/m/it/12 ;
 []

[17] [18] [19] (./swp0000.bbl [20])

Package natbib Warning: There were undefined citations.

[21] (./swp0000.aux) ) 
Here is how much of TeX's memory you used:
 3311 strings out of 95101
 39746 string characters out of 1183309
 109555 words of memory out of 1500000
 6373 multiletter control sequences out of 10000+50000
 22318 words of font info for 63 fonts, out of 1200000 for 2000
 22 hyphenation exceptions out of 8191
 27i,15n,24p,268b,386s stack positions out of 5000i,500n,6000p,200000b,5000s
{c:/sw55/TCITeX/fonts/type1/msbm8.enc}<c:/sw55/TCITeX/fon
ts/truetype/msbm8.ttf>{c:/sw55/TCITeX/fonts/type1/cmbx12.enc}<c:/sw55/TCITeX/fo
nts/truetype/cmbx12.ttf>{c:/sw55/TCITeX/fonts/type1/cmsy6.enc}<c:/sw55/TCITeX/f
onts/truetype/cmsy6.ttf>{c:/sw55/TCITeX/fonts/type1/cmr10.enc}<c:/sw55/TCITeX/f
onts/truetype/cmr10.ttf>{c:/sw55/TCITeX/fonts/type1/cmmi10.enc}<c:/sw55/TCITeX/
fonts/truetype/cmmi10.ttf>{c:/sw55/TCITeX/fonts/type1/msbm10.enc}<c:/sw55/TCITe
X/fonts/truetype/msbm10.ttf>{c:/sw55/TCITeX/fonts/type1/cmmi6.enc}<c:/sw55/TCIT
eX/fonts/truetype/cmmi6.ttf>{c:/sw55/TCITeX/fonts/type1/cmr6.enc}<c:/sw55/TCITe
X/fonts/truetype/cmr6.ttf>{c:/sw55/TCITeX/fonts/type1/cmsy8.enc}<c:/sw55/TCITeX
/fonts/truetype/cmsy8.ttf>{c:/sw55/TCITeX/fonts/type1/cmr8.enc}<c:/sw55/TCITeX/
fonts/truetype/cmr8.ttf>{c:/sw55/TCITeX/fonts/type1/cmsy10.enc}<c:/sw55/TCITeX/
fonts/truetype/cmsy10.ttf>{c:/sw55/TCITeX/fonts/type1/cmex10.enc}<c:/sw55/TCITe
X/fonts/truetype/cmex10.ttf>{c:/sw55/TCITeX/fonts/type1/cmmi8.enc}<c:/sw55/TCIT
eX/fonts/truetype/cmmi8.ttf>{c:/sw55/TCITeX/fonts/type1/cmr12.enc}<c:/sw55/TCIT
eX/fonts/truetype/cmr12.ttf>{c:/sw55/TCITeX/fonts/type1/cmmi12.enc}<c:/sw55/TCI
TeX/fonts/truetype/cmmi12.ttf>{c:/sw55/TCITeX/fonts/type1/dcti10.enc}<c:/sw55/T
CITeX/fonts/truetype/dcti10.ttf>{c:/sw55/TCITeX/fonts/type1/dcr10.enc}<c:/sw55/
TCITeX/fonts/truetype/dcr10.ttf>{c:/sw55/TCITeX/fonts/type1/dcbx10.enc}<c:/sw55
/TCITeX/fonts/truetype/dcbx10.ttf>
Output written on swp0000.pdf (21 pages, 201570 bytes).
PDF statistics:
 142 PDF objects out of 1000 (max. 8388607)
 0 named destinations out of 1000 (max. 131072)
 1 words of extra memory for PDF output out of 10000 (max. 10000000)

