This is pdfeTeXk, Version 3.141592-1.11a-2.1 (Web2c 7.5.2) (format=pdflatex_ml 2004.5.10)  18 OCT 2009 09:15
 %&-line parsing enabled.
 (c:\sw55\TCITeX/web2c/cp8bit.tcx)
**&pdflatex_ml C:/Users/bqw/AppData/Local/Temp/swp0000.tex
(c:/Users/bqw/AppData/Local/Temp/swp0000.tex{c:\sw55\TCITeX/pdftex/config/pdfte
x.cfg}
LaTeX2e <2003/12/01>
Babel <v3.8a> and hyphenation patterns for american, english, french, german, n
german, loaded.
(c:\sw55\TCITeX/tex/latex/contrib/revtex4/revtex4.cls
Document Class: revtex4 2001/08/03 v4.0 (http://publish.aps.org/revtex4/ for do
cumentation)
 Copyright (c) 2001 The American Physical Society.
 mailto:revtex@aps.org
 Licensed under the LPPL:
http://www.ctan.org/tex-archive/macros/latex/base/lppl.txt
 Arthur Ogawa <ogawa@teleport.com>
 Based on work by David Carlisle <david@dcarlisle.demon.co.uk>.
ltxutil: portions licensed from W. E. Baxter (web@superscript.com)
Class revtex4 Info: Repairing broken LateX \@sect on input line 596.
\intertabularlinepenalty=\count79
\@tbpen=\count80
\@arstrutbox@hline=\box26
Class revtex4 Info: Repairing broken LaTeX \@xbitor on input line 1610.
ltxgrid: portions licensed from W. E. Baxter (web@superscript.com)
\c@linecount=\count81
\output=\toks14
\@protection@box=\box27
\@topmark@saved=\toks15
\footins@saved=\box28
\pagesofar=\box29
\footbox=\box30
\pagegrid@col=\count82
Class revtex4 Info: Incorporating package {textcase}  [1998/11/12 v0.06 Text on
ly upper/lower case changing (DPC)]. on input line 3682.
(c:\sw55\TCITeX/tex/latex/contrib/misc/url.sty
\Urlmuskip=\muskip10
Package: url 2005/06/27  ver 3.2  Verb mode for urls, etc.
)
\c@affil=\count83
\absbox=\box31
\c@part=\count84
\c@section=\count85
\c@subsection=\count86
\c@subsubsection=\count87
\c@paragraph=\count88
\c@subparagraph=\count89
\abovecaptionskip=\skip41
\belowcaptionskip=\skip42
\c@figure=\count90
\c@table=\count91

(c:\sw55\TCITeX/tex/latex/contrib/natbib/natbib.sty
Package: natbib 2003/06/06 7.1 (PWD)
\bibhang=\skip43
\bibsep=\skip44
LaTeX Info: Redefining \cite on input line 518.
\c@NAT@ctr=\count92
)
\widetext@top=\box32
\widetext@bot=\box33

(c:\sw55\TCITeX/tex/latex/contrib/revtex4/revsymb.sty
Package: revsymb 2001/08/03 v4.0 (http://publish.aps.org/revtex4/ for documenta
tion)
LaTeX Info: Redefining \REV@mathfrak on input line 118.
))
(c:\sw55\TCITeX/tex/latex/contrib/revtex4/aps.rtx
File: aps.rtx 2001/08/03 v4.0 (http://publish.aps.org/revtex4/ for documentatio
n)
)
(c:\sw55\TCITeX/tex/latex/contrib/revtex4/12pt.rtx
File: 12pt.rtx 2001/08/03 v4.0 (http://publish.aps.org/revtex4/ for documentati
on)
)
(c:\sw55\TCITeX/tex/latex/amsfonts/amsfonts.sty
Package: amsfonts 2001/10/25 v2.2f
\@emptytoks=\toks16
\symAMSa=\mathgroup4
\symAMSb=\mathgroup5
LaTeX Font Info:    Overwriting math alphabet `\mathfrak' in version `bold'
(Font)                  U/euf/m/n --> U/euf/b/n on input line 132.
LaTeX Info: Redefining \frak on input line 135.
LaTeX Info: Redefining \Bbb on input line 137.
)
(c:\sw55\TCITeX/tex/latex/amsmath/amsmath.sty
Package: amsmath 2000/07/18 v2.13 AMS math features
\@mathmargin=\skip45

For additional information on amsmath, use the `?' option.
(c:\sw55\TCITeX/tex/latex/amsmath/amstext.sty
Package: amstext 2000/06/29 v2.01

(c:\sw55\TCITeX/tex/latex/amsmath/amsgen.sty
File: amsgen.sty 1999/11/30 v2.0
\@emptytoks=\toks17
\ex@=\dimen102
))
(c:\sw55\TCITeX/tex/latex/amsmath/amsbsy.sty
Package: amsbsy 1999/11/29 v1.2d
\pmbraise@=\dimen103
)
(c:\sw55\TCITeX/tex/latex/amsmath/amsopn.sty
Package: amsopn 1999/12/14 v2.01 operator names
)
\inf@bad=\count93
LaTeX Info: Redefining \frac on input line 211.
\uproot@=\count94
\leftroot@=\count95
LaTeX Info: Redefining \overline on input line 307.
\classnum@=\count96
\DOTSCASE@=\count97
LaTeX Info: Redefining \ldots on input line 379.
LaTeX Info: Redefining \dots on input line 382.
LaTeX Info: Redefining \cdots on input line 467.
\Mathstrutbox@=\box34
\strutbox@=\box35
\big@size=\dimen104
LaTeX Font Info:    Redeclaring font encoding OML on input line 567.
LaTeX Font Info:    Redeclaring font encoding OMS on input line 568.
\macc@depth=\count98
\c@MaxMatrixCols=\count99
\dotsspace@=\muskip11
\c@parentequation=\count100
\dspbrk@lvl=\count101
\tag@help=\toks18
\row@=\count102
\column@=\count103
\maxfields@=\count104
\andhelp@=\toks19
\eqnshift@=\dimen105
\alignsep@=\dimen106
\tagshift@=\dimen107
\tagwidth@=\dimen108
\totwidth@=\dimen109
\lineht@=\dimen110
\@envbody=\toks20
\multlinegap=\skip46
\multlinetaggap=\skip47
\mathdisplay@stack=\toks21
LaTeX Info: Redefining \[ on input line 2666.
LaTeX Info: Redefining \] on input line 2667.
)
(c:\sw55\TCITeX/tex/latex/amsfonts/amssymb.sty
Package: amssymb 2002/01/22 v2.2d
)
(c:\sw55\TCITeX/tex/latex/required/graphics/graphicx.sty
Package: graphicx 1999/02/16 v1.0f Enhanced LaTeX Graphics (DPC,SPQR)

(c:\sw55\TCITeX/tex/latex/required/graphics/keyval.sty
Package: keyval 1999/03/16 v1.13 key=value parser (DPC)
\KV@toks@=\toks22
)
(c:\sw55\TCITeX/tex/latex/required/graphics/graphics.sty
Package: graphics 2001/07/07 v1.0n Standard LaTeX Graphics (DPC,SPQR)

(c:\sw55\TCITeX/tex/latex/required/graphics/trig.sty
Package: trig 1999/03/16 v1.09 sin cos tan (DPC)
)
(c:\sw55\TCITeX/tex/latex/required/graphics/graphics.cfg
File: graphics.cfg 
)
Package graphics Info: Driver file: pdftex.def on input line 80.

(c:\sw55\TCITeX/tex/latex/required/graphics/pdftex.def
File: pdftex.def 2002/06/19 v0.03k graphics/color for pdftex
\Gread@gobject=\count105
))
\Gin@req@height=\dimen111
\Gin@req@width=\dimen112
)
\c@theorem=\count106
\msipdfoutput=\count107
 (./swp0000.aux)
\openout1 = `swp0000.aux'.

LaTeX Font Info:    Checking defaults for OML/cmm/m/it on input line 52.
LaTeX Font Info:    ... okay on input line 52.
LaTeX Font Info:    Checking defaults for T1/cmr/m/n on input line 52.
LaTeX Font Info:    ... okay on input line 52.
LaTeX Font Info:    Checking defaults for OT1/cmr/m/n on input line 52.
LaTeX Font Info:    ... okay on input line 52.
LaTeX Font Info:    Checking defaults for OMS/cmsy/m/n on input line 52.
LaTeX Font Info:    ... okay on input line 52.
LaTeX Font Info:    Checking defaults for OMX/cmex/m/n on input line 52.
LaTeX Font Info:    ... okay on input line 52.
LaTeX Font Info:    Checking defaults for U/cmr/m/n on input line 52.
LaTeX Font Info:    ... okay on input line 52.
Class revtex4 Info: Patching LaTeX tabular. on input line 52.
Class revtex4 Info: cite was not loaded (OK!) on input line 52.
Class revtex4 Info: multicol was not loaded (OK!) on input line 52.

[1{c:\sw55\TCITeX/pdftex/config/TrueTeX.map}{c:\sw55\TCITeX/pdftex/config/WinFo
nts.map}{c:\sw55\TCITeX/pdftex/config/msi.map}] (./swp0000.toc
Overfull \hbox (0.87357pt too wide) detected at line 4
 /dcr12/3
 []


Overfull \hbox (0.87357pt too wide) detected at line 5
 /dcr12/7
 []


Overfull \hbox (0.87357pt too wide) detected at line 6
 /dcr12/9
 []


Overfull \hbox (6.74713pt too wide) detected at line 7
 /dcr12/12
 []


Overfull \hbox (6.74713pt too wide) detected at line 8
 /dcr12/12
 []


Overfull \hbox (6.74713pt too wide) detected at line 9
 /dcr12/13
 []

LaTeX Font Info:    Try loading font information for U+msa on input line 10.
(c:\sw55\TCITeX/tex/latex/amsfonts/umsa.fd
File: umsa.fd 2002/01/19 v2.2g AMS font definitions
)
LaTeX Font Info:    Try loading font information for U+msb on input line 10.

(c:\sw55\TCITeX/tex/latex/amsfonts/umsb.fd
File: umsb.fd 2002/01/19 v2.2g AMS font definitions
)
Overfull \hbox (6.74713pt too wide) detected at line 10
 /dcr12/13
 []


Overfull \hbox (6.74713pt too wide) detected at line 12
 /dcr12/16
 []


Overfull \hbox (6.74713pt too wide) detected at line 13
 /dcr12/18
 []


Overfull \hbox (6.74713pt too wide) detected at line 14
 /dcr12/19
 []


Overfull \hbox (6.74713pt too wide) detected at line 15
 /dcr12/21
 []


Overfull \hbox (6.74713pt too wide) detected at line 16
 /dcr12/21
 []


Overfull \hbox (6.74713pt too wide) detected at line 17
 /dcr12/25
 []


Overfull \hbox (6.74713pt too wide) detected at line 18
 /dcr12/27
 []


Overfull \hbox (6.74713pt too wide) detected at line 19
 /dcr12/28
 []


Overfull \hbox (6.74713pt too wide) detected at line 20
 /dcr12/30
 []


Overfull \hbox (6.74713pt too wide) detected at line 21
 /dcr12/31
 []


Overfull \hbox (6.74713pt too wide) detected at line 22
 /dcr12/31
 []


Overfull \hbox (6.74713pt too wide) detected at line 23
 /dcr12/34
 []


Overfull \hbox (6.74713pt too wide) detected at line 24
 /dcr12/34
 []


Overfull \hbox (6.74713pt too wide) detected at line 25
 /dcr12/34
 []


Overfull \hbox (6.74713pt too wide) detected at line 26
 /dcr12/36
 []


Overfull \hbox (6.74713pt too wide) detected at line 27
 /dcr12/37
 []


Overfull \hbox (6.74713pt too wide) detected at line 28
 /dcr12/43
 []


Overfull \hbox (6.74713pt too wide) detected at line 29
 /dcr12/45
 []


Overfull \hbox (6.74713pt too wide) detected at line 31
 /dcr12/46
 []


Overfull \hbox (6.74713pt too wide) detected at line 32
 /dcr12/46
 []

[2]
Overfull \hbox (6.74713pt too wide) detected at line 33
 /dcr12/49
 []


Overfull \hbox (6.74713pt too wide) detected at line 34
 /dcr12/49
 []


Overfull \hbox (6.74713pt too wide) detected at line 35
 /dcr12/50
 []


Overfull \hbox (6.74713pt too wide) detected at line 36
 /dcr12/52
 []


Overfull \hbox (6.74713pt too wide) detected at line 37
 /dcr12/53
 []


Overfull \hbox (6.74713pt too wide) detected at line 38
 /dcr12/57
 []


Overfull \hbox (6.74713pt too wide) detected at line 39
 /dcr12/58
 []


Overfull \hbox (6.74713pt too wide) detected at line 40
 /dcr12/61
 []


Overfull \hbox (6.74713pt too wide) detected at line 41
 /dcr12/64
 []


Overfull \hbox (6.74713pt too wide) detected at line 42
 /dcr12/66
 []


Overfull \hbox (6.74713pt too wide) detected at line 43
 /dcr12/69
 []


Overfull \hbox (6.74713pt too wide) detected at line 44
 /dcr12/70
 []

)
\tf@toc=\write3
\openout3 = `swp0000.toc'.

 [3] [4]
LaTeX Font Info:    Try loading font information for OMS+cmr on input line 134.

 (c:\sw55\TCITeX/tex/latex/base/omscmr.fd
File: omscmr.fd 1999/05/25 v2.5h Standard LaTeX font definitions
)
LaTeX Font Info:    Font shape `OMS/cmr/m/n' in size <12> not available
(Font)              Font shape `OMS/cmsy/m/n' tried instead on input line 134.


Package natbib Warning: Citation `GAGP' on page 5 undefined on input line 165.

[5] [6]

Package natbib Warning: Citation `banach' on page 7 undefined on input line 278
.

[7]

Package natbib Warning: Citation `envelop' on page 8 undefined on input line 30
0.


Package natbib Warning: Citation `gilmore' on page 8 undefined on input line 30
6.

[8]

Package natbib Warning: Citation `cartan' on page 9 undefined on input line 354
.


LaTeX Warning: Reference `KillingForm' on page 9 undefined on input line 357.


Package natbib Warning: Citation `gilmore' on page 9 undefined on input line 35
9.


Package natbib Warning: Citation `killing' on page 9 undefined on input line 37
2.


LaTeX Warning: Reference `KillingForm' on page 9 undefined on input line 372.


Package natbib Warning: Citation `Riemannian' on page 9 undefined on input line
 405.


Package natbib Warning: Citation `Riemannian' on page 9 undefined on input line
 406.

[9]
Overfull \hbox (24.96303pt too wide) in paragraph at lines 412--418
[]/dcr12/In or-der for any of the sub-groups $[] /cmmi12/;$
 []


LaTeX Warning: Reference `conjecture' on page 10 undefined on input line 421.


Package natbib Warning: Citation `thouless' on page 10 undefined on input line 
442.


LaTeX Warning: Reference `AGP' on page 10 undefined on input line 460.

[10]

Package natbib Warning: Citation `weiner2003' on page 11 undefined on input lin
e 489.


LaTeX Warning: Reference `AGP' on page 11 undefined on input line 516.


LaTeX Warning: Reference `AGP' on page 11 undefined on input line 520.


Package natbib Warning: Citation `oscillstrength' on page 11 undefined on input
 line 539.

[11]

Package natbib Warning: Citation `weiner2003' on page 12 undefined on input lin
e 592.

[12]

Package natbib Warning: Citation `WeinerOhrnDeumens1' on page 13 undefined on i
nput line 612.


Package natbib Warning: Citation `weinerOhrnDeumens2' on page 13 undefined on i
nput line 612.


Package natbib Warning: Citation `Rowe' on page 13 undefined on input line 612.


[13]

Package natbib Warning: Citation `Gilmore' on page 14 undefined on input line 6
76.


Underfull \hbox (badness 10000) in paragraph at lines 703--708
/dcr12/Introducing co-or-di-nate sys-tems $[]$ with re-spect to fixed bases of
 []


Underfull \hbox (badness 1005) in paragraph at lines 703--708
[] /cmmi12/;$ /dcr12/that de-pend on the ref-er-ence AGP state, one can pa-ra-m
e-ter-ize
 []

[14] [15]

! LaTeX Error: Command \bfseries invalid in math mode.

See the LaTeX manual or LaTeX Companion for explanation.
Type  H <return>  for immediate help.
 ...                                              
                                                  
l.847 $\left(  \cite{weiner2003}
                                \right)  $. In this case unitary transformat...

? 

Package natbib Warning: Citation `weiner2003' on page 16 undefined on input lin
e 847.

[16]
Overfull \hbox (34.6124pt too wide) detected at line 859
/cmmi12/u [] /cmr12/= /cmmi12/c [] k[] [] k[] [] /cmr12/= /cmmi12/c[] [] u[] []
 u[] [] c[] [] u[] [] c[] [] k[] [] k[] [] :
 []


Overfull \hbox (0.84341pt too wide) in paragraph at lines 910--910
[] 
 []

[17]

Package natbib Warning: Citation `Colemansuper' on page 18 undefined on input l
ine 968.

[18] [19] [20]

Package natbib Warning: Citation `Helgason' on page 21 undefined on input line 
1223.


Package natbib Warning: Citation `DeWitt' on page 21 undefined on input line 12
36.


Package natbib Warning: Citation `Helgason' on page 21 undefined on input line 
1236.


Package natbib Warning: Citation `Helgason' on page 21 undefined on input line 
1249.

[21]

Package natbib Warning: Citation `Helgason' on page 22 undefined on input line 
1294.

[22] [23] [24] [25]

LaTeX Warning: Reference `chart2' on page 26 undefined on input line 1563.

[26]

Package natbib Warning: Citation `K&S' on page 27 undefined on input line 1649.


[27]

Package natbib Warning: Citation `Arnold' on page 28 undefined on input line 17
56.

[28] [29]
Overfull \hbox (31.1648pt too wide) detected at line 2044
[] /cmr12/= [] [] = [] []
 []

[30] [31] [32]

Package natbib Warning: Citation `Dunford' on page 33 undefined on input line 2
219.

[33]

Package natbib Warning: Citation `Osvaldo' on page 34 undefined on input line 2
294.

[34]
Overfull \hbox (23.24329pt too wide) in paragraph at lines 2402--2402
[] 
 []

[35]

Package natbib Warning: Citation `Thirring1' on page 36 undefined on input line
 2455.


LaTeX Warning: Reference `classol' on page 36 undefined on input line 2482.

[36] [37] [38] [39]
LaTeX Font Info:    Try loading font information for U+euf on input line 3023.
 (c:\sw55\TCITeX/tex/latex/amsfonts/ueuf.fd
File: ueuf.fd 2002/01/19 v2.2g AMS font definitions
) [40] [41]
Overfull \hbox (8.60336pt too wide) in paragraph at lines 3327--3327
[] 
 []


Overfull \hbox (9.16248pt too wide) in paragraph at lines 3419--3419
[] 
 []

[42]
LaTeX Font Info:    Try loading font information for T1+cmss on input line 3422
.
 (c:\sw55\TCITeX/tex/latex/base/t1cmss.fd
File: t1cmss.fd 1999/05/25 v2.5h Standard LaTeX font definitions
) [43] [44] [45] [46] [47]
[48] [49]
Overfull \hbox (7.54486pt too wide) in paragraph at lines 4081--4081
[] 
 []

[50]

Package natbib Warning: Citation `Measure' on page 51 undefined on input line 4
145.


LaTeX Warning: Reference `pathb' on page 51 undefined on input line 4177.


LaTeX Warning: Reference `pathe' on page 51 undefined on input line 4178.


LaTeX Warning: Reference `pathb' on page 51 undefined on input line 4184.


LaTeX Warning: Reference `pathe' on page 51 undefined on input line 4184.

[51]

Package natbib Warning: Citation `domains' on page 52 undefined on input line 4
209.


Package natbib Warning: Citation `holo' on page 52 undefined on input line 4234
.

[52]

Package natbib Warning: Citation `sagan' on page 53 undefined on input line 429
9.

[53] [54]

Package natbib Warning: Citation `de Witt' on page 55 undefined on input line 4
530.


Package natbib Warning: Citation `Schulmann' on page 55 undefined on input line
 4569.

[55]

LaTeX Warning: Reference `excs' on page 56 undefined on input line 4609.

[56] [57]
Overfull \hbox (15.96298pt too wide) in paragraph at lines 4858--4858
[] 
 []

[58]

LaTeX Warning: Reference `tanvec' on page 59 undefined on input line 4910.

[59] [60] [61]
Overfull \hbox (26.56534pt too wide) detected at line 5277
/cmmi12/D[]/cmsy10@12.0pt/E[] [][] /cmmi12/D[]/cmsy10@12.0pt/E[] [] /cmr12/+ X 
[] = [] []
 []


Overfull \hbox (32.09315pt too wide) in paragraph at lines 5293--5293
[] 
 []

[62] [63] [64] [65] [66]

LaTeX Warning: Reference `qsym' on page 67 undefined on input line 5870.


LaTeX Warning: Reference `qsym' on page 67 undefined on input line 5871.


LaTeX Warning: Reference `forder' on page 67 undefined on input line 5886.


LaTeX Warning: Reference `lr' on page 67 undefined on input line 5902.


LaTeX Warning: Reference `resclass' on page 67 undefined on input line 5928.


Overfull \hbox (27.51495pt too wide) detected at line 5940
/cmmi12/^^N[]/cmsy10@12.0pt/A [] /cmr12/= [] [][] /cmbx12/z[] [] z[]/cmmi12/dt[
] /cmr12/= /cmsy10@12.0pt/^^@/cmmi12/i [][] []dt[];
 []

[67]

LaTeX Warning: Reference `qsym' on page 68 undefined on input line 5948.


LaTeX Warning: Reference `reaA' on page 68 undefined on input line 5976.


Overfull \hbox (33.58525pt too wide) detected at line 6001
/cmmi12/^^N[]/cmsy10@12.0pt/A [] /cmr12/= /cmsy10@12.0pt/^^@ [] [][] [] /cmmi12
/f[] [] dt[] /cmr12/= /cmsy10@12.0pt/^^@ [] [][] /cmmi12/^^R[] [] [] f[] [] dt[
];
 []

[68]

Package natbib Warning: Citation `KS' on page 69 undefined on input line 6066.

[69]

LaTeX Warning: Reference `tdbra' on page 70 undefined on input line 6112.

(./swp0000.bbl [70] [71])

Package natbib Warning: There were undefined citations.

[72] (./swp0000.aux)

LaTeX Warning: There were undefined references.

 ) 
Here is how much of TeX's memory you used:
 3293 strings out of 95282
 38771 string characters out of 1187734
 118675 words of memory out of 1548825
 6282 multiletter control sequences out of 10000+50000
 29604 words of font info for 78 fonts, out of 1000000 for 2000
 22 hyphenation exceptions out of 1000
 27i,19n,24p,268b,373s stack positions out of 5000i,500n,6000p,200000b,40000s
 300 PDF objects out of 300000
 0 named destinations out of 131072
 1 words of extra memory for PDF output out of 65536
{c:\sw55\TCITeX/fonts/type1/eufm10.enc}<c:\sw55\TCITeX/fonts/truetype/eufm10.
ttf>{c:\sw55\TCITeX/fonts/type1/cmex8.enc}<c:\sw55\TCITeX/fonts/truetype/cmex8.
ttf>{c:\sw55\TCITeX/fonts/type1/dcbxti10.enc}<c:\sw55\TCITeX/fonts/truetype/dcb
xti10.ttf>{c:\sw55\TCITeX/fonts/type1/dcss10.enc}<c:\sw55\TCITeX/fonts/truetype
/dcss10.ttf><c:\sw55\TCITeX/fonts/truetype/eufm10.ttf>{c:\sw55\TCITeX/fonts/typ
e1/cmbx8.enc}<c:\sw55\TCITeX/fonts/truetype/cmbx8.ttf>{c:\sw55\TCITeX/fonts/typ
e1/msbm8.enc}<c:\sw55\TCITeX/fonts/truetype/msbm8.ttf>{c:\sw55\TCITeX/fonts/typ
e1/cmbx12.enc}<c:\sw55\TCITeX/fonts/truetype/cmbx12.ttf>{c:\sw55\TCITeX/fonts/t
ype1/cmsy6.enc}<c:\sw55\TCITeX/fonts/truetype/cmsy6.ttf>{c:\sw55\TCITeX/fonts/t
ype1/cmr10.enc}<c:\sw55\TCITeX/fonts/truetype/cmr10.ttf>{c:\sw55\TCITeX/fonts/t
ype1/cmmi10.enc}<c:\sw55\TCITeX/fonts/truetype/cmmi10.ttf>{c:\sw55\TCITeX/fonts
/type1/msbm10.enc}<c:\sw55\TCITeX/fonts/truetype/msbm10.ttf>{c:\sw55\TCITeX/fon
ts/type1/cmmi6.enc}<c:\sw55\TCITeX/fonts/truetype/cmmi6.ttf>{c:\sw55\TCITeX/fon
ts/type1/cmr6.enc}<c:\sw55\TCITeX/fonts/truetype/cmr6.ttf>{c:\sw55\TCITeX/fonts
/type1/cmsy8.enc}<c:\sw55\TCITeX/fonts/truetype/cmsy8.ttf>{c:\sw55\TCITeX/fonts
/type1/cmr8.enc}<c:\sw55\TCITeX/fonts/truetype/cmr8.ttf>{c:\sw55\TCITeX/fonts/t
ype1/cmsy10.enc}<c:\sw55\TCITeX/fonts/truetype/cmsy10.ttf>{c:\sw55\TCITeX/fonts
/type1/cmex10.enc}<c:\sw55\TCITeX/fonts/truetype/cmex10.ttf>{c:\sw55\TCITeX/fon
ts/type1/cmmi8.enc}<c:\sw55\TCITeX/fonts/truetype/cmmi8.ttf>{c:\sw55\TCITeX/fon
ts/type1/cmr12.enc}<c:\sw55\TCITeX/fonts/truetype/cmr12.ttf>{c:\sw55\TCITeX/fon
ts/type1/cmmi12.enc}<c:\sw55\TCITeX/fonts/truetype/cmmi12.ttf>{c:\sw55\TCITeX/f
onts/type1/dcti10.enc}<c:\sw55\TCITeX/fonts/truetype/dcti10.ttf>{c:\sw55\TCITeX
/fonts/type1/dcr10.enc}<c:\sw55\TCITeX/fonts/truetype/dcr10.ttf>{c:\sw55\TCITeX
/fonts/type1/dcbx10.enc}<c:\sw55\TCITeX/fonts/truetype/dcbx10.ttf>
Output written on swp0000.pdf (72 pages, 433356 bytes).
