This is TeX, Version 3.14159 (preloaded format=latex_ml 4.5.10)  1 DEC 2011 11:56
**&latex_ml C:/sw55/Docs/PQGCommutation.tex
(C:/sw55/Docs/PQGCommutation.tex
LaTeX2e <2003/12/01>
Babel <v3.8a> and hyphenation patterns for american, english, french, german, n
german, loaded.
(C:\sw55\TCITeX\TeX\LaTeX\contrib\revtex4\revtex4.cls
Document Class: revtex4 2001/08/03 v4.0 (http://publish.aps.org/revtex4/ for do
cumentation)
 Copyright (c) 2001 The American Physical Society.
 mailto:revtex@aps.org
 Licensed under the LPPL:
http://www.ctan.org/tex-archive/macros/latex/base/lppl.txt
 Arthur Ogawa <ogawa@teleport.com>
 Based on work by David Carlisle <david@dcarlisle.demon.co.uk>.
ltxutil: portions licensed from W. E. Baxter (web@superscript.com)
Class revtex4 Info: Repairing broken LateX \@sect on input line 596.
\intertabularlinepenalty=\count79
\@tbpen=\count80
\@arstrutbox@hline=\box26
Class revtex4 Info: Repairing broken LaTeX \@xbitor on input line 1610.
ltxgrid: portions licensed from W. E. Baxter (web@superscript.com)
\c@linecount=\count81
\output=\toks14
\@protection@box=\box27
\@topmark@saved=\toks15
\footins@saved=\box28
\pagesofar=\box29
\footbox=\box30
\pagegrid@col=\count82
Class revtex4 Info: Incorporating package {textcase}  [1998/11/12 v0.06 Text on
ly upper/lower case changing (DPC)]. on input line 3682.
(C:\sw55\TCITeX\TeX\LaTeX\contrib\misc\url.sty
\Urlmuskip=\muskip10
Package: url 2005/06/27  ver 3.2  Verb mode for urls, etc.
)
\c@affil=\count83
\absbox=\box31
\c@part=\count84
\c@section=\count85
\c@subsection=\count86
\c@subsubsection=\count87
\c@paragraph=\count88
\c@subparagraph=\count89
\abovecaptionskip=\skip41
\belowcaptionskip=\skip42
\c@figure=\count90
\c@table=\count91

(C:\sw55\TCITeX\TeX\LaTeX\contrib\natbib\natbib.sty
Package: natbib 2003/06/06 7.1 (PWD)
\bibhang=\skip43
\bibsep=\skip44
LaTeX Info: Redefining \cite on input line 518.
\c@NAT@ctr=\count92
)
\widetext@top=\box32
\widetext@bot=\box33

(C:\sw55\TCITeX\TeX\LaTeX\contrib\revtex4\revsymb.sty
Package: revsymb 2001/08/03 v4.0 (http://publish.aps.org/revtex4/ for documenta
tion)
LaTeX Info: Redefining \REV@mathfrak on input line 118.
))
(C:\sw55\TCITeX\TeX\LaTeX\contrib\revtex4\aps.rtx
File: aps.rtx 2001/08/03 v4.0 (http://publish.aps.org/revtex4/ for documentatio
n)
)
(C:\sw55\TCITeX\TeX\LaTeX\contrib\revtex4\12pt.rtx
File: 12pt.rtx 2001/08/03 v4.0 (http://publish.aps.org/revtex4/ for documentati
on)
)
(C:\sw55\TCITeX\TeX\LaTeX\amsfonts\amssymb.sty
Package: amssymb 2002/01/22 v2.2d

(C:\sw55\TCITeX\TeX\LaTeX\amsfonts\amsfonts.sty
Package: amsfonts 2001/10/25 v2.2f
\@emptytoks=\toks16
\symAMSa=\mathgroup4
\symAMSb=\mathgroup5
LaTeX Font Info:    Overwriting math alphabet `\mathfrak' in version `bold'
(Font)                  U/euf/m/n --> U/euf/b/n on input line 132.
LaTeX Info: Redefining \frak on input line 135.
LaTeX Info: Redefining \Bbb on input line 137.
))
(C:\sw55\TCITeX\TeX\LaTeX\amsmath\amsmath.sty
Package: amsmath 2000/07/18 v2.13 AMS math features
\@mathmargin=\skip45

For additional information on amsmath, use the `?' option.
(C:\sw55\TCITeX\TeX\LaTeX\amsmath\amstext.sty
Package: amstext 2000/06/29 v2.01

(C:\sw55\TCITeX\TeX\LaTeX\amsmath\amsgen.sty
File: amsgen.sty 1999/11/30 v2.0
\@emptytoks=\toks17
\ex@=\dimen102
))
(C:\sw55\TCITeX\TeX\LaTeX\amsmath\amsbsy.sty
Package: amsbsy 1999/11/29 v1.2d
\pmbraise@=\dimen103
)
(C:\sw55\TCITeX\TeX\LaTeX\amsmath\amsopn.sty
Package: amsopn 1999/12/14 v2.01 operator names
)
\inf@bad=\count93
LaTeX Info: Redefining \frac on input line 211.
\uproot@=\count94
\leftroot@=\count95
LaTeX Info: Redefining \overline on input line 307.
\classnum@=\count96
\DOTSCASE@=\count97
LaTeX Info: Redefining \ldots on input line 379.
LaTeX Info: Redefining \dots on input line 382.
LaTeX Info: Redefining \cdots on input line 467.
\Mathstrutbox@=\box34
\strutbox@=\box35
\big@size=\dimen104
LaTeX Font Info:    Redeclaring font encoding OML on input line 567.
LaTeX Font Info:    Redeclaring font encoding OMS on input line 568.
\macc@depth=\count98
\c@MaxMatrixCols=\count99
\dotsspace@=\muskip11
\c@parentequation=\count100
\dspbrk@lvl=\count101
\tag@help=\toks18
\row@=\count102
\column@=\count103
\maxfields@=\count104
\andhelp@=\toks19
\eqnshift@=\dimen105
\alignsep@=\dimen106
\tagshift@=\dimen107
\tagwidth@=\dimen108
\totwidth@=\dimen109
\lineht@=\dimen110
\@envbody=\toks20
\multlinegap=\skip46
\multlinetaggap=\skip47
\mathdisplay@stack=\toks21
LaTeX Info: Redefining \[ on input line 2666.
LaTeX Info: Redefining \] on input line 2667.
)
(C:\sw55\TCITeX\TeX\LaTeX\required\graphics\graphicx.sty
Package: graphicx 1999/02/16 v1.0f Enhanced LaTeX Graphics (DPC,SPQR)

(C:\sw55\TCITeX\TeX\LaTeX\required\graphics\keyval.sty
Package: keyval 1999/03/16 v1.13 key=value parser (DPC)
\KV@toks@=\toks22
)
(C:\sw55\TCITeX\TeX\LaTeX\required\graphics\graphics.sty
Package: graphics 2001/07/07 v1.0n Standard LaTeX Graphics (DPC,SPQR)

(C:\sw55\TCITeX\TeX\LaTeX\required\graphics\trig.sty
Package: trig 1999/03/16 v1.09 sin cos tan (DPC)
)
(C:\sw55\TCITeX\TeX\LaTeX\required\graphics\graphics.cfg
File: graphics.cfg 
)
Package graphics Info: Driver file: tcidvi.def on input line 80.

(C:\sw55\TCITeX\TeX\LaTeX\required\graphics\tcidvi.def
File: tcidvi.def 1999/02/16 v3.0i Driver-dependant file (DPC,SPQR)
))
\Gin@req@height=\dimen111
\Gin@req@width=\dimen112
)
\c@theorem=\count105

No file PQGCommutation.aux.
LaTeX Font Info:    Checking defaults for OML/cmm/m/it on input line 40.
LaTeX Font Info:    ... okay on input line 40.
LaTeX Font Info:    Checking defaults for T1/cmr/m/n on input line 40.
LaTeX Font Info:    ... okay on input line 40.
LaTeX Font Info:    Checking defaults for OT1/cmr/m/n on input line 40.
LaTeX Font Info:    ... okay on input line 40.
LaTeX Font Info:    Checking defaults for OMS/cmsy/m/n on input line 40.
LaTeX Font Info:    ... okay on input line 40.
LaTeX Font Info:    Checking defaults for OMX/cmex/m/n on input line 40.
LaTeX Font Info:    ... okay on input line 40.
LaTeX Font Info:    Checking defaults for U/cmr/m/n on input line 40.
LaTeX Font Info:    ... okay on input line 40.
Class revtex4 Info: Patching LaTeX tabular. on input line 40.
Class revtex4 Info: cite was not loaded (OK!) on input line 40.
Class revtex4 Info: multicol was not loaded (OK!) on input line 40.
LaTeX Font Info:    Try loading font information for U+msa on input line 51.
(C:\sw55\TCITeX\TeX\LaTeX\amsfonts\umsa.fd
File: umsa.fd 2002/01/19 v2.2g AMS font definitions
)
LaTeX Font Info:    Try loading font information for U+msb on input line 51.

(C:\sw55\TCITeX\TeX\LaTeX\amsfonts\umsb.fd
File: umsb.fd 2002/01/19 v2.2g AMS font definitions
)
Overfull \hbox (69.25766pt too wide) detected at line 102
[] \OT1/cmr/m/n/12 = [] \OML/cmm/m/it/12 ^^U[] [] [] \OT1/cmr/m/n/12 = [] [] \O
ML/cmm/m/it/12 ^^U[] [] [] \OT1/cmr/m/n/12 = [] \OML/cmm/m/it/12 ^^U[] [] [] :
 []


Overfull \hbox (35.76465pt too wide) in paragraph at lines 114--114
[] 
 []

[1] [2]

LaTeX Warning: Reference `comps' on page 3 undefined on input line 225.

[3]
Overfull \hbox (14.919pt too wide) in paragraph at lines 320--320
[] 
 []

[4] [5]
Overfull \hbox (15.1768pt too wide) in paragraph at lines 435--435
[] 
 []


Overfull \hbox (67.9523pt too wide) in paragraph at lines 474--474
[] 
 []

[6]
Overfull \hbox (51.78088pt too wide) detected at line 498
\OML/cmm/m/it/12 L[] [] \OT1/cmr/m/n/12 = \OML/cmm/m/it/12 L[] [] \OT1/cmr/m/n/
12 = [] [] \OML/cmm/m/it/12 ^^U[]^^U[]L[] [] ;
 []

[7] [8]
Overfull \hbox (107.50845pt too wide) in paragraph at lines 628--628
[] 
 []


Overfull \hbox (48.22719pt too wide) in paragraph at lines 652--652
[] 
 []


Overfull \hbox (95.07396pt too wide) in paragraph at lines 668--668
[] 
 []

[9]
Overfull \hbox (163.49075pt too wide) in paragraph at lines 722--722
[] 
 []


Overfull \hbox (135.29327pt too wide) in paragraph at lines 784--784
[] 
 []


Overfull \hbox (40.58365pt too wide) in paragraph at lines 804--804
[] 
 []

[10]
Overfull \hbox (134.02634pt too wide) in paragraph at lines 838--838
[] 
 []

[11]
LaTeX Font Info:    Try loading font information for U+euf on input line 954.
 (C:\sw55\TCITeX\TeX\LaTeX\amsfonts\ueuf.fd
File: ueuf.fd 2002/01/19 v2.2g AMS font definitions
) [12]
! Double subscript.
<argument> ...eft \{ \left ( \lambda _{1}_
                                          {j_{1}j_{1}}^{2}+\lambda _{...
l.990 \end{align*}
                  
? 
! Double subscript.
<argument> ..._{1}j_{1}}^{2}+\lambda _{1}_
                                          {j_{2}j_{2}}^{2}+\lambda _{...
l.990 \end{align*}
                  
? 
! Double subscript.
<argument> ..._{2}j_{2}}^{2}+\lambda _{1}_
                                          {j_{3}j_{3}}^{2}\right ) \r...
l.990 \end{align*}
                  
? 
! Double subscript.
<argument> ...\right . \\ & +\lambda _{1}_
                                          {j_{1}j_{1}}\lambda _{1}_{j...
l.990 \end{align*}
                  
? 
! Double subscript.
<argument> ...1}_{j_{1}j_{1}}\lambda _{1}_
                                          {j_{2}j_{2}}+\lambda _{1}_{...
l.990 \end{align*}
                  
? 
! Double subscript.
<argument> ...}_{j_{2}j_{2}}+\lambda _{1}_
                                          {j_{1}j_{1}}\lambda _{1}_{j...
l.990 \end{align*}
                  
? 
! Double subscript.
<argument> ...1}_{j_{1}j_{1}}\lambda _{1}_
                                          {j_{3}j_{3}}+\lambda _{1}_{...
l.990 \end{align*}
                  
? 
! Double subscript.
<argument> ...}_{j_{3}j_{3}}+\lambda _{1}_
                                          {j_{2}j_{2}}\lambda _{1}_{j...
l.990 \end{align*}
                  
? 
! Double subscript.
<argument> ...1}_{j_{2}j_{2}}\lambda _{1}_
                                          {j_{1}j_{1}}+\lambda _{1}_{...
l.990 \end{align*}
                  
? 
! Double subscript.
<argument> ...}_{j_{1}j_{1}}+\lambda _{1}_
                                          {j_{2}j_{2}}\lambda _{1}_{j...
l.990 \end{align*}
                  
? 
! Double subscript.
<argument> ...1}_{j_{2}j_{2}}\lambda _{1}_
                                          {j_{3}j_{3}}+\left . \lambd...
l.990 \end{align*}
                  
? 
! Double subscript.
<argument> ...j_{3}}+\left . \lambda _{1}_
                                          {j_{3}j_{3}}\lambda _{1}_{j...
l.990 \end{align*}
                  
? 
! Double subscript.
<argument> ...1}_{j_{3}j_{3}}\lambda _{1}_
                                          {j_{1}j_{1}}+\lambda _{1}_{...
l.990 \end{align*}
                  
? 
! Double subscript.
<argument> ...}_{j_{1}j_{1}}+\lambda _{1}_
                                          {j_{3}j_{3}}\lambda _{1}_{j...
l.990 \end{align*}
                  
? 
! Double subscript.
<argument> ...1}_{j_{3}j_{3}}\lambda _{1}_
                                          {j_{2}j_{2}}\right \} \left...
l.990 \end{align*}
                  
? 
! Double subscript.
<argument> ...eft \{ \left ( \lambda _{1}_
                                          {j_{1}j_{1}}^{2}+\lambda _{...
l.990 \end{align*}
                  
? 
! Double subscript.
<argument> ..._{1}j_{1}}^{2}+\lambda _{1}_
                                          {j_{2}j_{2}}^{2}+\lambda _{...
l.990 \end{align*}
                  
? 
! Double subscript.
<argument> ..._{2}j_{2}}^{2}+\lambda _{1}_
                                          {j_{3}j_{3}}^{2}\right ) \r...
l.990 \end{align*}
                  
? 
! Double subscript.
<argument> ...\right . \\ & +\lambda _{1}_
                                          {j_{1}j_{1}}\lambda _{1}_{j...
l.990 \end{align*}
                  
? 
! Double subscript.
<argument> ...1}_{j_{1}j_{1}}\lambda _{1}_
                                          {j_{2}j_{2}}+\lambda _{1}_{...
l.990 \end{align*}
                  
? 
! Double subscript.
<argument> ...}_{j_{2}j_{2}}+\lambda _{1}_
                                          {j_{1}j_{1}}\lambda _{1}_{j...
l.990 \end{align*}
                  
? 
! Double subscript.
<argument> ...1}_{j_{1}j_{1}}\lambda _{1}_
                                          {j_{3}j_{3}}+\lambda _{1}_{...
l.990 \end{align*}
                  
? 
! Double subscript.
<argument> ...}_{j_{3}j_{3}}+\lambda _{1}_
                                          {j_{2}j_{2}}\lambda _{1}_{j...
l.990 \end{align*}
                  
? 
! Double subscript.
<argument> ...1}_{j_{2}j_{2}}\lambda _{1}_
                                          {j_{1}j_{1}}+\lambda _{1}_{...
l.990 \end{align*}
                  
? 
! Double subscript.
<argument> ...}_{j_{1}j_{1}}+\lambda _{1}_
                                          {j_{2}j_{2}}\lambda _{1}_{j...
l.990 \end{align*}
                  
? 
! Double subscript.
<argument> ...1}_{j_{2}j_{2}}\lambda _{1}_
                                          {j_{3}j_{3}}+\left . \lambd...
l.990 \end{align*}
                  
? 
! Double subscript.
<argument> ...j_{3}}+\left . \lambda _{1}_
                                          {j_{3}j_{3}}\lambda _{1}_{j...
l.990 \end{align*}
                  
? 
! Double subscript.
<argument> ...1}_{j_{3}j_{3}}\lambda _{1}_
                                          {j_{1}j_{1}}+\lambda _{1}_{...
l.990 \end{align*}
                  
? 
! Double subscript.
<argument> ...}_{j_{1}j_{1}}+\lambda _{1}_
                                          {j_{3}j_{3}}\lambda _{1}_{j...
l.990 \end{align*}
                  
? 
! Double subscript.
<argument> ...1}_{j_{3}j_{3}}\lambda _{1}_
                                          {j_{2}j_{2}}\right \} \left...
l.990 \end{align*}
                  
? 

Overfull \hbox (68.58905pt too wide) in paragraph at lines 990--990
[] 
 []

[13]
Overfull \hbox (65.42923pt too wide) in paragraph at lines 1063--1063
[] 
 []


Overfull \hbox (173.83475pt too wide) in paragraph at lines 1104--1104
[] 
 []


Overfull \hbox (20.9408pt too wide) in paragraph at lines 1126--1126
[] 
 []

[14] [15]
Overfull \hbox (54.91801pt too wide) in paragraph at lines 1292--1292
[] 
 []

[16] [17]
Overfull \hbox (9.79526pt too wide) in paragraph at lines 1391--1391
[] 
 []

[18] [19]
Overfull \hbox (108.96951pt too wide) in paragraph at lines 1494--1494
[] 
 []


Overfull \hbox (33.80069pt too wide) detected at line 1503
[][] \OT1/cmr/m/n/12 = [][] = [] [] \OML/cmm/m/it/12 :
 []

[20] [21]
Overfull \hbox (4.69524pt too wide) in paragraph at lines 1698--1698
[] 
 []


Overfull \hbox (115.95052pt too wide) in paragraph at lines 1730--1730
[] 
 []

[22]

LaTeX Warning: Reference `pair2' on page 23 undefined on input line 1784.

[23] [24]
Overfull \hbox (24.67891pt too wide) in paragraph at lines 1917--1917
[] 
 []


Overfull \hbox (37.74426pt too wide) detected at line 1932
\OT1/cmr/m/n/12 ^^C[] = 36 [] [][] [][] \OML/cmm/m/it/12 ^^U[]^^U[]a[]a[]a[]a[]
a[]a[]a[]a[];
 []


Overfull \hbox (11.67085pt too wide) in paragraph at lines 1960--1960
[] 
 []

[25]
LaTeX Font Info:    Try loading font information for OMS+cmr on input line 1968
.
 (C:\sw55\TCITeX\TeX\LaTeX\base\omscmr.fd
File: omscmr.fd 1999/05/25 v2.5h Standard LaTeX font definitions
)
LaTeX Font Info:    Font shape `OMS/cmr/m/n' in size <12> not available
(Font)              Font shape `OMS/cmsy/m/n' tried instead on input line 1968.


Overfull \hbox (35.89066pt too wide) detected at line 1987
[] [][] [][] \OML/cmm/m/it/12 ^^U[]^^U[] \OT1/cmr/m/n/12 = 0[]\OML/cmm/m/it/12 
a[]a[]a[]a[]a[]a[]a[]a[] \OT1/cmr/m/n/12 = 0\OML/cmm/m/it/12 :
 []

[26]
Overfull \hbox (38.56776pt too wide) in paragraph at lines 2127--2127
[] 
 []

[27] [28] [29] [30] [31] [32] [33]
Overfull \hbox (18.52112pt too wide) in paragraph at lines 2471--2471
[] 
 []


Overfull \hbox (27.97577pt too wide) in paragraph at lines 2489--2489
[] 
 []

[34] [35]
Overfull \hbox (7.78185pt too wide) in paragraph at lines 2613--2613
[] 
 []

[36] [37]
Overfull \hbox (34.48041pt too wide) in paragraph at lines 2701--2701
[] 
 []

[38] [39]

LaTeX Warning: Reference `h1' on page 40 undefined on input line 2854.

[40]

LaTeX Warning: Reference `h2' on page 41 undefined on input line 2865.


LaTeX Warning: Reference `h3' on page 41 undefined on input line 2883.


! LaTeX Error: Something's wrong--perhaps a missing \item.

See the LaTeX manual or LaTeX Companion for explanation.
Type  H <return>  for immediate help.
 ...                                      
                                          
l.2908 \begin
             {align}
? 

! LaTeX Error: Something's wrong--perhaps a missing \item.

See the LaTeX manual or LaTeX Companion for explanation.
Type  H <return>  for immediate help.
 ...                                      
                                          
l.2908 \begin
             {align}
? 

! LaTeX Error: Something's wrong--perhaps a missing \item.

See the LaTeX manual or LaTeX Companion for explanation.
Type  H <return>  for immediate help.
 ...                                      
                                          
l.2908 \begin
             {align}
? 

! LaTeX Error: Something's wrong--perhaps a missing \item.

See the LaTeX manual or LaTeX Companion for explanation.
Type  H <return>  for immediate help.
 ...                                      
                                          
l.2931 \begin
             {equation}
? 

! LaTeX Error: Something's wrong--perhaps a missing \item.

See the LaTeX manual or LaTeX Companion for explanation.
Type  H <return>  for immediate help.
 ...                                      
                                          
l.2931 \begin
             {equation}
? 

! LaTeX Error: Something's wrong--perhaps a missing \item.

See the LaTeX manual or LaTeX Companion for explanation.
Type  H <return>  for immediate help.
 ...                                      
                                          
l.2931 \begin
             {equation}
? 

Overfull \hbox (14.99869pt too wide) in paragraph at lines 2956--2956
[][] 
 []

[41]
Overfull \hbox (19.6012pt too wide) in paragraph at lines 3014--3014
[] 
 []

[42]
Overfull \hbox (56.88876pt too wide) in paragraph at lines 3029--3029
[] 
 []


Overfull \hbox (13.12611pt too wide) in paragraph at lines 3044--3044
[] 
 []

[43]
Overfull \hbox (17.5862pt too wide) in paragraph at lines 3075--3075
[] 
 []

[44]
Overfull \hbox (11.67085pt too wide) in paragraph at lines 3163--3163
[] 
 []

[45]
Overfull \hbox (614.0311pt too wide) in paragraph at lines 3195--3196
[]\T1/cmr/m/n/12 ##############################################################
############################################### 
 []


Overfull \hbox (42.70758pt too wide) in paragraph at lines 3233--3233
[] 
 []

[46] [47]
Overfull \hbox (36.9793pt too wide) detected at line 3391
[] \OMS/cmsy/m/n/12 ^ [] \OT1/cmr/m/n/12 = [] [] [] \OMS/cmsy/m/n/12 ^ [] \OML/
cmm/m/it/12 ^^U[] [] [] \OT1/cmr/m/n/12 = [] \OML/cmm/m/it/12 ^^U[] [] [] \OT1/
cmr/m/n/12 = 0\OML/cmm/m/it/12 :
 []

[48]
Overfull \hbox (8.79022pt too wide) detected at line 3444
[] [] \OML/cmm/m/it/12 ; [] [] ; [] [] ; [] [] ; [] [] ; [] [] :
 []


Overfull \hbox (8.91531pt too wide) detected at line 3461
[] [] \OML/cmm/m/it/12 ; [] [] ; [] [] ; [] [] ; [] [] ; [] [] :
 []

[49]
Overfull \hbox (59.43683pt too wide) in paragraph at lines 3585--3585
[] 
 []


Overfull \hbox (34.11652pt too wide) in paragraph at lines 3602--3602
[] 
 []


Overfull \hbox (46.07483pt too wide) in paragraph at lines 3629--3629
[] 
 []

[50]
Overfull \hbox (21.8364pt too wide) detected at line 3637
[][] \OT1/cmr/m/n/12 = \OML/cmm/m/it/12 ^^U[]a[]a[]a[]a[] \OT1/cmr/m/n/12 + \OM
L/cmm/m/it/12 ^^U[]a[]a[]a[]a[] \OT1/cmr/m/n/12 + 2\OML/cmm/m/it/12 ^^U[]^^U[]a
[]a[]a[]a[]a[]a[]
 []


Overfull \hbox (55.05809pt too wide) in paragraph at lines 3671--3671
[] 
 []


Overfull \hbox (28.85269pt too wide) in paragraph at lines 3694--3694
[] 
 []

[51]
Overfull \hbox (12.19574pt too wide) in paragraph at lines 3736--3736
[] 
 []


Overfull \hbox (45.42056pt too wide) in paragraph at lines 3800--3800
[] 
 []

[52] [53]
Overfull \hbox (33.30815pt too wide) in paragraph at lines 3944--3944
[] 
 []


Overfull \hbox (33.30815pt too wide) in paragraph at lines 3986--3986
[] 
 []

[54]
Overfull \hbox (26.4205pt too wide) detected at line 4005
\OML/cmm/m/it/12 ^^U[]^^U[] \OMS/cmsy/m/n/12 ^^@ \OML/cmm/m/it/12 ^^U[]^^U[] \O
T1/cmr/m/n/12 + \OML/cmm/m/it/12 ^^U[]^^U[] \OT1/cmr/m/n/12 + \OML/cmm/m/it/12 
^^U[]^^U[] \OMS/cmsy/m/n/12 ^^@ \OML/cmm/m/it/12 ^^U[]^^U[] \OT1/cmr/m/n/12 + \
OML/cmm/m/it/12 ^^U[]^^U[]
 []

[55]
Overfull \hbox (20.4937pt too wide) in paragraph at lines 4099--4099
[] 
 []


Overfull \hbox (27.63252pt too wide) in paragraph at lines 4112--4112
[] 
 []

[56]
Overfull \hbox (110.35489pt too wide) in paragraph at lines 4157--4157
[] 
 []

[57]
Overfull \hbox (55.82303pt too wide) in paragraph at lines 4236--4236
[] 
 []


Overfull \hbox (61.20699pt too wide) in paragraph at lines 4302--4302
[] 
 []

[58]
Overfull \hbox (7.54071pt too wide) in paragraph at lines 4329--4329
[] 
 []

[59] [60]
Overfull \hbox (251.82788pt too wide) in paragraph at lines 4526--4527
[]\T1/cmr/m/n/12 **************************************************************
********************************************************** 
 []


LaTeX Warning: Reference `idem2' on page 61 undefined on input line 4531.


LaTeX Warning: Reference `lam2' on page 61 undefined on input line 4537.


LaTeX Warning: Reference `lam2' on page 61 undefined on input line 4539.

[61]
Overfull \hbox (0.6281pt too wide) detected at line 4556
[] \OT1/cmr/m/n/12 = [] [] []\OML/cmm/m/it/12 g[] [] \OT1/cmr/m/n/12 =  \OMS/cm
sy/m/n/12 ^^@[] [] []\OML/cmm/m/it/12 g[] [] ;
 []


Overfull \hbox (1.6931pt too wide) detected at line 4565
[] \OT1/cmr/m/n/12 = \OML/cmm/m/it/12 I[]^^N[]^^N[] \OMS/cmsy/m/n/12 ^^@ \OML/c
mm/m/it/12 I[]^^N[]^^N[] \OT1/cmr/m/n/12 + \OML/cmm/m/it/12 a[]a[]^^N[] \OMS/cm
sy/m/n/12 ^^@ \OML/cmm/m/it/12 a[]a[]^^N[] \OMS/cmsy/m/n/12 ^^@ \OML/cmm/m/it/1
2 a[]a[]^^N[] \OT1/cmr/m/n/12 + \OML/cmm/m/it/12 a[]a[]^^N[]
 []

[62]
Overfull \hbox (7.22679pt too wide) detected at line 4618
\OT1/cmr/m/n/12 = [] [] []\OML/cmm/m/it/12 g[] \OMS/cmsy/m/n/12 ^^@ [] [] [] \O
ML/cmm/m/it/12 a[]a[];
 []

[63]
Overfull \hbox (89.38292pt too wide) in paragraph at lines 4738--4738
[] 
 []

[64] [65] (.\PQGCommutation.aux)

LaTeX Warning: There were undefined references.


LaTeX Warning: Label(s) may have changed. Rerun to get cross-references right .


 )
Here is how much of TeX's memory you used:
3026 strings out of 25820
33457 string characters out of 247699
111899 words of memory out of 262141
5954 multiletter control sequences out of 20000
16164 words of font info for 52 fonts, out of 300000 for 255
22 hyphenation exceptions out of 607
27i,24n,24p,271b,340s stack positions out of 300i,40n,60p,5000b,10000s

Output written on PQGCommutation.dvi (65 pages, 361532 bytes).
