This is pdfTeX, Version 3.1415926-2.5-1.40.14 (MiKTeX 2.9 64-bit) (preloaded format=latex 2014.5.8)  1 APR 2021 14:47
entering extended mode
**C:/sw55/Docs/SeconQuant.tex
(C:/sw55/Docs/SeconQuant.tex
LaTeX2e <2014/05/01>
Babel <v3.8m> and hyphenation patterns for english, afrikaans, ancientgreek, ar
abic, armenian, assamese, basque, bengali, bokmal, bulgarian, catalan, coptic, 
croatian, czech, danish, dutch, esperanto, estonian, farsi, finnish, french, ga
lician, german, german-x-2013-05-26, greek, gujarati, hindi, hungarian, iceland
ic, indonesian, interlingua, irish, italian, kannada, kurmanji, latin, latvian,
 lithuanian, malayalam, marathi, mongolian, mongolianlmc, monogreek, ngerman, n
german-x-2013-05-26, nynorsk, oriya, panjabi, pinyin, polish, portuguese, roman
ian, russian, sanskrit, serbian, slovak, slovenian, spanish, swedish, swissgerm
an, tamil, telugu, turkish, turkmen, ukenglish, ukrainian, uppersorbian, usengl
ishmax, welsh, loaded.
("C:\Program Files\MiKTeX 2.9\tex\latex\revtex4\revtex4.cls"
Document Class: revtex4 2001/08/03 v4.0 (http://publish.aps.org/revtex4/ for do
cumentation)
 Copyright (c) 2001 The American Physical Society.
 mailto:revtex@aps.org
 Licensed under the LPPL:
http://www.ctan.org/tex-archive/macros/latex/base/lppl.txt
 Arthur Ogawa <ogawa@teleport.com>
 Based on work by David Carlisle <david@dcarlisle.demon.co.uk>.
ltxutil: portions licensed from W. E. Baxter (web@superscript.com)
Class revtex4 Info: Repairing broken LateX \@sect on input line 596.
\intertabularlinepenalty=\count79
\@tbpen=\count80
\@arstrutbox@hline=\box26
Class revtex4 Info: Repairing broken LaTeX \@xbitor on input line 1610.
ltxgrid: portions licensed from W. E. Baxter (web@superscript.com)
\c@linecount=\count81
\output=\toks14
\@protection@box=\box27
\@topmark@saved=\toks15
\footins@saved=\box28
\pagesofar=\box29
\footbox=\box30
\pagegrid@col=\count82
Class revtex4 Info: Incorporating package {textcase}  [1998/11/12 v0.06 Text on
ly upper/lower case changing (DPC)]. on input line 3682.
("C:\Program Files\MiKTeX 2.9\tex\latex\url\url.sty"
\Urlmuskip=\muskip10
Package: url 2013/09/16  ver 3.4  Verb mode for urls, etc.
)
\c@affil=\count83
\absbox=\box31
\c@part=\count84
\c@section=\count85
\c@subsection=\count86
\c@subsubsection=\count87
\c@paragraph=\count88
\c@subparagraph=\count89
\abovecaptionskip=\skip41
\belowcaptionskip=\skip42
\c@figure=\count90
\c@table=\count91

("C:\Program Files\MiKTeX 2.9\tex\latex\natbib\natbib.sty"
Package: natbib 2010/09/13 8.31b (PWD, AO)
\bibhang=\skip43
\bibsep=\skip44
LaTeX Info: Redefining \cite on input line 694.
\c@NAT@ctr=\count92
)
\widetext@top=\box32
\widetext@bot=\box33

("C:\Program Files\MiKTeX 2.9\tex\latex\revtex4\revsymb.sty"
Package: revsymb 2001/08/03 v4.0 (http://publish.aps.org/revtex4/ for documenta
tion)
LaTeX Info: Redefining \REV@mathfrak on input line 118.
))
("C:\Program Files\MiKTeX 2.9\tex\latex\revtex4\aps.rtx"
File: aps.rtx 2001/08/03 v4.0 (http://publish.aps.org/revtex4/ for documentatio
n)
)
("C:\Program Files\MiKTeX 2.9\tex\latex\revtex4\12pt.rtx"
File: 12pt.rtx 2001/08/03 v4.0 (http://publish.aps.org/revtex4/ for documentati
on)
)
("C:\Program Files\MiKTeX 2.9\tex\latex\amsfonts\amssymb.sty"
Package: amssymb 2013/01/14 v3.01 AMS font symbols

("C:\Program Files\MiKTeX 2.9\tex\latex\amsfonts\amsfonts.sty"
Package: amsfonts 2013/01/14 v3.01 Basic AMSFonts support
\@emptytoks=\toks16
\symAMSa=\mathgroup4
\symAMSb=\mathgroup5
LaTeX Font Info:    Overwriting math alphabet `\mathfrak' in version `bold'
(Font)                  U/euf/m/n --> U/euf/b/n on input line 106.
LaTeX Info: Redefining \frak on input line 111.
LaTeX Info: Redefining \Bbb on input line 113.
))
("C:\Program Files\MiKTeX 2.9\tex\latex\amsmath\amsmath.sty"
Package: amsmath 2013/01/14 v2.14 AMS math features
\@mathmargin=\skip45

For additional information on amsmath, use the `?' option.
("C:\Program Files\MiKTeX 2.9\tex\latex\amsmath\amstext.sty"
Package: amstext 2000/06/29 v2.01

("C:\Program Files\MiKTeX 2.9\tex\latex\amsmath\amsgen.sty"
File: amsgen.sty 1999/11/30 v2.0
\@emptytoks=\toks17
\ex@=\dimen102
))
("C:\Program Files\MiKTeX 2.9\tex\latex\amsmath\amsbsy.sty"
Package: amsbsy 1999/11/29 v1.2d
\pmbraise@=\dimen103
)
("C:\Program Files\MiKTeX 2.9\tex\latex\amsmath\amsopn.sty"
Package: amsopn 1999/12/14 v2.01 operator names
)
\inf@bad=\count93
LaTeX Info: Redefining \frac on input line 210.
\uproot@=\count94
\leftroot@=\count95
LaTeX Info: Redefining \overline on input line 306.
\classnum@=\count96
\DOTSCASE@=\count97
LaTeX Info: Redefining \ldots on input line 378.
LaTeX Info: Redefining \dots on input line 381.
LaTeX Info: Redefining \cdots on input line 466.
\Mathstrutbox@=\box34
\strutbox@=\box35
\big@size=\dimen104
LaTeX Font Info:    Redeclaring font encoding OML on input line 566.
LaTeX Font Info:    Redeclaring font encoding OMS on input line 567.
\macc@depth=\count98
\c@MaxMatrixCols=\count99
\dotsspace@=\muskip11
\c@parentequation=\count100
\dspbrk@lvl=\count101
\tag@help=\toks18
\row@=\count102
\column@=\count103
\maxfields@=\count104
\andhelp@=\toks19
\eqnshift@=\dimen105
\alignsep@=\dimen106
\tagshift@=\dimen107
\tagwidth@=\dimen108
\totwidth@=\dimen109
\lineht@=\dimen110
\@envbody=\toks20
\multlinegap=\skip46
\multlinetaggap=\skip47
\mathdisplay@stack=\toks21
LaTeX Info: Redefining \[ on input line 2665.
LaTeX Info: Redefining \] on input line 2666.
)
("C:\Program Files\MiKTeX 2.9\tex\latex\graphics\graphicx.sty"
Package: graphicx 2014/04/25 v1.0g Enhanced LaTeX Graphics (DPC,SPQR)

("C:\Program Files\MiKTeX 2.9\tex\latex\graphics\keyval.sty"
Package: keyval 2014/04/25 v1.14 key=value parser (DPC)
\KV@toks@=\toks22
)
("C:\Program Files\MiKTeX 2.9\tex\latex\graphics\graphics.sty"
Package: graphics 2009/02/05 v1.0o Standard LaTeX Graphics (DPC,SPQR)

("C:\Program Files\MiKTeX 2.9\tex\latex\graphics\trig.sty"
Package: trig 1999/03/16 v1.09 sin cos tan (DPC)
)
("C:\Program Files\MiKTeX 2.9\tex\latex\00miktex\graphics.cfg"
File: graphics.cfg 2007/01/18 v1.5 graphics configuration of teTeX/TeXLive
)
Package graphics Info: Driver file: dvips.def on input line 91.

("C:\Program Files\MiKTeX 2.9\tex\latex\graphics\dvips.def"
File: dvips.def 2014/04/23 v3.0j Driver-dependant file (DPC,SPQR)
))
\Gin@req@height=\dimen111
\Gin@req@width=\dimen112
)
\c@theorem=\count105

(C:\sw55\Docs\SeconQuant.aux)
LaTeX Font Info:    Checking defaults for OML/cmm/m/it on input line 40.
LaTeX Font Info:    ... okay on input line 40.
LaTeX Font Info:    Checking defaults for T1/cmr/m/n on input line 40.
LaTeX Font Info:    ... okay on input line 40.
LaTeX Font Info:    Checking defaults for OT1/cmr/m/n on input line 40.
LaTeX Font Info:    ... okay on input line 40.
LaTeX Font Info:    Checking defaults for OMS/cmsy/m/n on input line 40.
LaTeX Font Info:    ... okay on input line 40.
LaTeX Font Info:    Checking defaults for OMX/cmex/m/n on input line 40.
LaTeX Font Info:    ... okay on input line 40.
LaTeX Font Info:    Checking defaults for U/cmr/m/n on input line 40.
LaTeX Font Info:    ... okay on input line 40.
Class revtex4 Info: Patching LaTeX tabular. on input line 40.
Class revtex4 Info: cite was not loaded (OK!) on input line 40.
Class revtex4 Info: multicol was not loaded (OK!) on input line 40.
 [1] (C:\sw55\Docs\SeconQuant.toc
Overfull \hbox (12.62482pt too wide) detected at line 4
 \OT1/cmr/m/n/12 102
 []


Overfull \hbox (12.62482pt too wide) detected at line 5
 \OT1/cmr/m/n/12 104
 []


Overfull \hbox (12.62482pt too wide) detected at line 6
 \OT1/cmr/m/n/12 105
 []


Overfull \hbox (12.62482pt too wide) detected at line 7
 \OT1/cmr/m/n/12 108
 []


Overfull \hbox (12.62482pt too wide) detected at line 8
 \OT1/cmr/m/n/12 111
 []

LaTeX Font Info:    Try loading font information for U+msa on input line 9.
("C:\Program Files\MiKTeX 2.9\tex\latex\amsfonts\umsa.fd"
File: umsa.fd 2013/01/14 v3.01 AMS symbols A
)
LaTeX Font Info:    Try loading font information for U+msb on input line 9.

("C:\Program Files\MiKTeX 2.9\tex\latex\amsfonts\umsb.fd"
File: umsb.fd 2013/01/14 v3.01 AMS symbols B
)
Overfull \hbox (12.62482pt too wide) detected at line 9
 \OT1/cmr/m/n/12 121
 []


Overfull \hbox (12.62482pt too wide) detected at line 10
 \OT1/cmr/m/n/12 122
 []

)
\tf@toc=\write3
 [2] [3] [4] [5] [6] [7] [8] [9] [10]
Overfull \hbox (189.10867pt too wide) in paragraph at lines 736--736
[] 
 []

[11]
Overfull \hbox (20.20021pt too wide) detected at line 787
[] [] \OT1/cmr/m/n/12 = \OML/cmm/m/it/12  [] \OT1/cmr/m/n/12 = [] = [] \OML/cm
m/m/it/12 ;
 []

[12]
Overfull \hbox (8.88748pt too wide) detected at line 850
\OT1/cmr/m/n/12 [] [] [] [] [] = [] [] [] = [] \OML/cmm/m/it/12 :
 []

[13] [14]
LaTeX Font Info:    Try loading font information for U+euf on input line 1022.
 ("C:\Program Files\MiKTeX 2.9\tex\latex\amsfonts\ueuf.fd"
File: ueuf.fd 2013/01/14 v3.01 Euler Fraktur
) [15]
Underfull \hbox (badness 6236) in paragraph at lines 1028--1037
\OT1/cmr/m/n/12 and $[]$ are one di-men-sional and spanned by the bases vec-
 []

[16]
Overfull \hbox (94.3846pt too wide) in paragraph at lines 1116--1116
[] 
 []

[17]
Overfull \hbox (47.44202pt too wide) detected at line 1156
[] [] [] [] \OT1/cmr/m/n/12 = []
 []


Overfull \hbox (5.2552pt too wide) in paragraph at lines 1202--1202
[] 
 []


Overfull \hbox (129.77681pt too wide) in paragraph at lines 1221--1221
[] 
 []

[18]
Overfull \hbox (129.77681pt too wide) in paragraph at lines 1235--1235
[] 
 []


Overfull \hbox (117.03096pt too wide) detected at line 1247
\OML/cmm/m/it/12 P[] \OT1/cmr/m/n/12 = [] [] [] [] [] []
 []


Overfull \hbox (129.45139pt too wide) in paragraph at lines 1263--1263
[] 
 []


Overfull \hbox (39.66164pt too wide) detected at line 1291
\OMS/cmsy/m/n/12 A[]A[] \OT1/cmr/m/n/12 = [][] [] [][] \OML/cmm/m/it/12 P[]P[] 
\OT1/cmr/m/n/12 = [][] [] [][] \OML/cmm/m/it/12 P[] \OT1/cmr/m/n/12 = [] [] [][
] \OML/cmm/m/it/12 P[]
 []

[19]
Underfull \hbox (badness 10000) in paragraph at lines 1384--1389
[]\OT1/cmr/m/it/12 which can be con-sid-ered as a Ba-nach space of \OT1/cmr/m/n
/12 op-er-a-tor se-quences
 []

[20] [21]
Overfull \hbox (68.63486pt too wide) in paragraph at lines 1470--1470
[] 
 []


Overfull \hbox (99.10458pt too wide) in paragraph at lines 1489--1489
[] 
 []


Overfull \hbox (119.32454pt too wide) in paragraph at lines 1504--1504
[] 
 []


Overfull \hbox (139.8807pt too wide) in paragraph at lines 1532--1532
[] 
 []

[22]
Overfull \hbox (4.02835pt too wide) detected at line 1540
\OMS/cmsy/m/n/12 A[] [] \OT1/cmr/m/n/12 = \OMS/cmsy/m/n/12 A[] [] \OML/cmm/m/it
/12 :
 []


Overfull \hbox (157.7616pt too wide) detected at line 1557
[] \OT1/cmr/m/n/12 = \OMS/cmsy/m/n/12 A[] [] \OT1/cmr/m/n/12 = [] [] [][] \OML/
cmm/m/it/12 P[] [] \OT1/cmr/m/n/12 = [] [] [][] [] \OML/cmm/m/it/12 :
 []

[23]
Overfull \hbox (48.18018pt too wide) in paragraph at lines 1631--1631
[] 
 []

! Missing $ inserted.
<inserted text> 
                $
l.1642 (\text{note that the norm of }\left
                                          \vert \varphi_j{}__1\varphi_j{}%
? 
! Emergency stop.
<inserted text> 
                $
l.1642 (\text{note that the norm of }\left
                                          \vert \varphi_j{}__1\varphi_j{}%
End of file on the terminal!

 
Here is how much of TeX's memory you used:
 3080 strings out of 493922
 36943 string characters out of 3147306
 115762 words of memory out of 3000000
 6370 multiletter control sequences out of 15000+200000
 13391 words of font info for 50 fonts, out of 3000000 for 9000
 841 hyphenation exceptions out of 8191
 27i,17n,26p,241b,222s stack positions out of 5000i,500n,10000p,200000b,50000s
Output written on SeconQuant.dvi (23 pages, 88408 bytes).
