This is TeX, Version 3.14159 (preloaded format=latex_ml 4.5.10)  9 JAN 2012 13:06
**&latex_ml C:/Users/bqw/AppData/Local/Temp/swp0001.tex
(C:/Users/bqw/AppData/Local/Temp/swp0001.tex
LaTeX2e <2003/12/01>
Babel <v3.8a> and hyphenation patterns for american, english, french, german, n
german, loaded.
(C:\sw55\TCITeX\TeX\LaTeX\base\article.cls
Document Class: article 2004/02/16 v1.4f Standard LaTeX document class
(C:\sw55\TCITeX\TeX\LaTeX\base\size12.clo
File: size12.clo 2004/02/16 v1.4f Standard LaTeX file (size option)
)
\c@part=\count79
\c@section=\count80
\c@subsection=\count81
\c@subsubsection=\count82
\c@paragraph=\count83
\c@subparagraph=\count84
\c@figure=\count85
\c@table=\count86
\abovecaptionskip=\skip41
\belowcaptionskip=\skip42
\bibindent=\dimen102
)
(C:\sw55\TCITeX\TeX\LaTeX\amsmath\amsmath.sty
Package: amsmath 2000/07/18 v2.13 AMS math features
\@mathmargin=\skip43

For additional information on amsmath, use the `?' option.
(C:\sw55\TCITeX\TeX\LaTeX\amsmath\amstext.sty
Package: amstext 2000/06/29 v2.01

(C:\sw55\TCITeX\TeX\LaTeX\amsmath\amsgen.sty
File: amsgen.sty 1999/11/30 v2.0
\@emptytoks=\toks14
\ex@=\dimen103
))
(C:\sw55\TCITeX\TeX\LaTeX\amsmath\amsbsy.sty
Package: amsbsy 1999/11/29 v1.2d
\pmbraise@=\dimen104
)
(C:\sw55\TCITeX\TeX\LaTeX\amsmath\amsopn.sty
Package: amsopn 1999/12/14 v2.01 operator names
)
\inf@bad=\count87
LaTeX Info: Redefining \frac on input line 211.
\uproot@=\count88
\leftroot@=\count89
LaTeX Info: Redefining \overline on input line 307.
\classnum@=\count90
\DOTSCASE@=\count91
LaTeX Info: Redefining \ldots on input line 379.
LaTeX Info: Redefining \dots on input line 382.
LaTeX Info: Redefining \cdots on input line 467.
\Mathstrutbox@=\box26
\strutbox@=\box27
\big@size=\dimen105
LaTeX Font Info:    Redeclaring font encoding OML on input line 567.
LaTeX Font Info:    Redeclaring font encoding OMS on input line 568.
\macc@depth=\count92
\c@MaxMatrixCols=\count93
\dotsspace@=\muskip10
\c@parentequation=\count94
\dspbrk@lvl=\count95
\tag@help=\toks15
\row@=\count96
\column@=\count97
\maxfields@=\count98
\andhelp@=\toks16
\eqnshift@=\dimen106
\alignsep@=\dimen107
\tagshift@=\dimen108
\tagwidth@=\dimen109
\totwidth@=\dimen110
\lineht@=\dimen111
\@envbody=\toks17
\multlinegap=\skip44
\multlinetaggap=\skip45
\mathdisplay@stack=\toks18
LaTeX Info: Redefining \[ on input line 2666.
LaTeX Info: Redefining \] on input line 2667.
)
(C:\sw55\TCITeX\TeX\LaTeX\amsfonts\amsfonts.sty
Package: amsfonts 2001/10/25 v2.2f
\symAMSa=\mathgroup4
\symAMSb=\mathgroup5
LaTeX Font Info:    Overwriting math alphabet `\mathfrak' in version `bold'
(Font)                  U/euf/m/n --> U/euf/b/n on input line 132.
)
(C:\sw55\TCITeX\TeX\latex209\contrib\misc\mitpress.sty
LaTeX style for MIT Press format.
)
\c@theorem=\count99
\dummy=\dimen112
 (C:\sw55\TCITeX\TeX\LaTeX\SWmacros\tcilatex.tex
TCILATEX Macros for Scientific Word and Scientific WorkPlace 5.5 <06 Oct 2005>.

NOTICE: This macro file is NOT proprietary and may be freely copied and distrib
uted.
\msipdfoutput=\count100
\@hour=\count101
\@minute=\count102
\GRAPHICSTYPE=\count103
\@msidraft=\count104
\dispkind=\count105
\c@chapter=\count106
\theight=\dimen113
LaTeX Info: Redefining \rm on input line 653.
LaTeX Info: Redefining \sf on input line 654.
LaTeX Info: Redefining \tt on input line 655.
LaTeX Info: Redefining \bf on input line 656.
LaTeX Info: Redefining \it on input line 657.
LaTeX Info: Redefining \sl on input line 658.
LaTeX Info: Redefining \sc on input line 659.
\c@equationnumber=\count107
\temptoksa=\toks19
\temptoksb=\toks20
\temptoksc=\toks21
)
No file swp0001.aux.
LaTeX Font Info:    Checking defaults for OML/cmm/m/it on input line 47.
LaTeX Font Info:    ... okay on input line 47.
LaTeX Font Info:    Checking defaults for T1/cmr/m/n on input line 47.
LaTeX Font Info:    ... okay on input line 47.
LaTeX Font Info:    Checking defaults for OT1/cmr/m/n on input line 47.
LaTeX Font Info:    ... okay on input line 47.
LaTeX Font Info:    Checking defaults for OMS/cmsy/m/n on input line 47.
LaTeX Font Info:    ... okay on input line 47.
LaTeX Font Info:    Checking defaults for OMX/cmex/m/n on input line 47.
LaTeX Font Info:    ... okay on input line 47.
LaTeX Font Info:    Checking defaults for U/cmr/m/n on input line 47.
LaTeX Font Info:    ... okay on input line 47.
LaTeX Font Info:    Try loading font information for U+msa on input line 62.
(C:\sw55\TCITeX\TeX\LaTeX\amsfonts\umsa.fd
File: umsa.fd 2002/01/19 v2.2g AMS font definitions
)
LaTeX Font Info:    Try loading font information for U+msb on input line 62.

(C:\sw55\TCITeX\TeX\LaTeX\amsfonts\umsb.fd
File: umsb.fd 2002/01/19 v2.2g AMS font definitions
)
Overfull \hbox (4.52948pt too wide) in alignment at lines 96--116
 [][][] []
 []

[1

]
Overfull \hbox (99.06192pt too wide) in paragraph at lines 208--208
[] 
 []

[2]
Overfull \hbox (82.66013pt too wide) in alignment at lines 222--241
 [][][] []
 []


Overfull \hbox (111.1378pt too wide) in alignment at lines 243--250
 [][][] []
 []

LaTeX Font Info:    Try loading font information for U+euf on input line 253.
(C:\sw55\TCITeX\TeX\LaTeX\amsfonts\ueuf.fd
File: ueuf.fd 2002/01/19 v2.2g AMS font definitions
)
Overfull \hbox (51.68358pt too wide) in alignment at lines 272--280
 [][][] []
 []

[3]
Overfull \hbox (213.7127pt too wide) in alignment at lines 311--327
 [][][] []
 []


Overfull \hbox (224.3377pt too wide) in alignment at lines 329--353
 [][][] []
 []


Overfull \hbox (137.41238pt too wide) in alignment at lines 355--364
 [][][] []
 []


Overfull \hbox (190.68529pt too wide) detected at line 378
\U/euf/m/n/12 S[] [][] \OT1/cmr/m/n/12 = [][] + [][] + [][] + [][] + [][] + [][
]\OML/cmm/m/it/12 ;  \OT1/cmr/m/n/12 1 \OMS/cmsy/m/n/12 ^^T \OML/cmm/m/it/12 j[
] < j[] < j[] < j[] \OMS/cmsy/m/n/12 ^^T \OT1/cmr/m/n/12 4\OML/cmm/m/it/12 :
 []


Overfull \hbox (261.78667pt too wide) in alignment at lines 383--394
 [][][] []
 []

[4]
Overfull \hbox (43.03687pt too wide) detected at line 402
\U/euf/m/n/12 S[] [][] \OT1/cmr/m/n/12 = [] [][] ; 1 \OMS/cmsy/m/n/12 ^^T \OML/
cmm/m/it/12 j[] < j[] < j[] < j[] \OMS/cmsy/m/n/12 ^^T \OT1/cmr/m/n/12 4\OML/cm
m/m/it/12 :
 []

[5]
Overfull \hbox (170.59175pt too wide) detected at line 487
[] \OML/cmm/m/it/12 c[]c[] [] \OT1/cmr/m/n/12 = [] \OML/cmm/m/it/12 c[] [] \OT1
/cmr/m/n/12 + 2 [] \OML/cmm/m/it/12 c[]c[] [] \OT1/cmr/m/n/12 = 0
 []

[6] (.\swp0001.aux) )
Here is how much of TeX's memory you used:
1244 strings out of 25820
12049 string characters out of 247699
74887 words of memory out of 262141
4217 multiletter control sequences out of 20000
15235 words of font info for 48 fonts, out of 300000 for 255
22 hyphenation exceptions out of 607
27i,15n,25p,308b,205s stack positions out of 300i,40n,60p,5000b,10000s

Output written on swp0001.dvi (6 pages, 34720 bytes).
