This is pdfTeX, Version 3.141592653-2.6-1.40.27 (MiKTeX 25.3) (preloaded format=pdflatex 2025.4.8)  15 APR 2025 06:32
entering extended mode
 restricted \write18 enabled.
 %&-line parsing enabled.
**./twoparticlemajorana.tex
(twoparticlemajorana.tex
LaTeX2e <2024-11-01> patch level 2
L3 programming layer <2025-01-18>
(C:\Users\bqw\AppData\Local\Programs\MiKTeX\tex/latex/revtex4\revtex4.cls
Document Class: revtex4 2020/09/30 v4.0a (http://publish.aps.org/revtex4/ for d
ocumentation)
 Copyright (c) 2001 The American Physical Society.
 mailto:revtex@aps.org
 Licensed under the LPPL:
http://www.ctan.org/tex-archive/macros/latex/base/lppl.txt
 Arthur Ogawa <ogawa@teleport.com>
 Based on work by David Carlisle <david@dcarlisle.demon.co.uk>.
ltxutil: portions licensed from W. E. Baxter (web@superscript.com)
Class revtex4 Info: Repairing broken LateX \@sect on input line 640.
\intertabularlinepenalty=\count196
\@tbpen=\count197
\@arstrutbox@hline=\box52
Class revtex4 Info: Repairing broken LaTeX \@xbitor on input line 1654.
ltxgrid: portions licensed from W. E. Baxter (web@superscript.com)
\c@linecount=\count198
\output=\toks17
\@protection@box=\box53
\@topmark@saved=\toks18
\footins@saved=\box54
\pagesofar=\box55
\footbox=\box56
\pagegrid@col=\count199
Class revtex4 Info: Incorporating package {textcase}  [1998/11/12 v0.06 Text on
ly upper/lower case changing (DPC)]. on input line 3736.
(C:\Users\bqw\AppData\Local\Programs\MiKTeX\tex/latex/url\url.sty
\Urlmuskip=\muskip17
Package: url 2013/09/16  ver 3.4  Verb mode for urls, etc.
)
\c@affil=\count266
\absbox=\box57
\c@part=\count267
\c@section=\count268
\c@subsection=\count269
\c@subsubsection=\count270
\c@paragraph=\count271
\c@subparagraph=\count272
\abovecaptionskip=\skip49
\belowcaptionskip=\skip50
\c@figure=\count273
\c@table=\count274

(C:\Users\bqw\AppData\Local\Programs\MiKTeX\tex/latex/natbib\natbib.sty
Package: natbib 2010/09/13 8.31b (PWD, AO)
\bibhang=\skip51
\bibsep=\skip52
LaTeX Info: Redefining \cite on input line 694.
\c@NAT@ctr=\count275
)
\widetext@top=\box58
\widetext@bot=\box59

(C:\Users\bqw\AppData\Local\Programs\MiKTeX\tex/latex/revtex4\revsymb.sty
Package: revsymb 2020/09/30 v4.0a (http://publish.aps.org/revtex4/ for document
ation)
LaTeX Info: Redefining \REV@mathfrak on input line 118.
))
(C:\Users\bqw\AppData\Local\Programs\MiKTeX\tex/latex/revtex4\aps.rtx
File: aps.rtx 2020/09/30 v4.0a (http://publish.aps.org/revtex4/ for documentati
on)
)
(C:\Users\bqw\AppData\Local\Programs\MiKTeX\tex/latex/revtex4\12pt.rtx
File: 12pt.rtx 2020/09/30 v4.0a (http://publish.aps.org/revtex4/ for documentat
ion)
)
(C:\Users\bqw\AppData\Local\Programs\MiKTeX\tex/latex/amsfonts\amssymb.sty
Package: amssymb 2013/01/14 v3.01 AMS font symbols

(C:\Users\bqw\AppData\Local\Programs\MiKTeX\tex/latex/amsfonts\amsfonts.sty
Package: amsfonts 2013/01/14 v3.01 Basic AMSFonts support
\@emptytoks=\toks19
\symAMSa=\mathgroup4
\symAMSb=\mathgroup5
LaTeX Font Info:    Redeclaring math symbol \hbar on input line 98.
LaTeX Font Info:    Overwriting math alphabet `\mathfrak' in version `bold'
(Font)                  U/euf/m/n --> U/euf/b/n on input line 106.
LaTeX Info: Redefining \frak on input line 111.
LaTeX Info: Redefining \Bbb on input line 113.
))
(C:\Users\bqw\AppData\Local\Programs\MiKTeX\tex/latex/amsmath\amsmath.sty
Package: amsmath 2024/11/05 v2.17t AMS math features
\@mathmargin=\skip53

For additional information on amsmath, use the `?' option.
(C:\Users\bqw\AppData\Local\Programs\MiKTeX\tex/latex/amsmath\amstext.sty
Package: amstext 2021/08/26 v2.01 AMS text

(C:\Users\bqw\AppData\Local\Programs\MiKTeX\tex/latex/amsmath\amsgen.sty
File: amsgen.sty 1999/11/30 v2.0 generic functions
\@emptytoks=\toks20
\ex@=\dimen141
))
(C:\Users\bqw\AppData\Local\Programs\MiKTeX\tex/latex/amsmath\amsbsy.sty
Package: amsbsy 1999/11/29 v1.2d Bold Symbols
\pmbraise@=\dimen142
)
(C:\Users\bqw\AppData\Local\Programs\MiKTeX\tex/latex/amsmath\amsopn.sty
Package: amsopn 2022/04/08 v2.04 operator names
)
\inf@bad=\count276
LaTeX Info: Redefining \frac on input line 233.
\uproot@=\count277
\leftroot@=\count278
LaTeX Info: Redefining \overline on input line 398.
LaTeX Info: Redefining \colon on input line 409.
\classnum@=\count279
\DOTSCASE@=\count280
LaTeX Info: Redefining \ldots on input line 495.
LaTeX Info: Redefining \dots on input line 498.
LaTeX Info: Redefining \cdots on input line 619.
\Mathstrutbox@=\box60
\strutbox@=\box61
LaTeX Info: Redefining \big on input line 721.
LaTeX Info: Redefining \Big on input line 722.
LaTeX Info: Redefining \bigg on input line 723.
LaTeX Info: Redefining \Bigg on input line 724.
\big@size=\dimen143
LaTeX Font Info:    Redeclaring font encoding OML on input line 742.
LaTeX Font Info:    Redeclaring font encoding OMS on input line 743.
\macc@depth=\count281
LaTeX Info: Redefining \bmod on input line 904.
LaTeX Info: Redefining \pmod on input line 909.
LaTeX Info: Redefining \smash on input line 939.
LaTeX Info: Redefining \relbar on input line 969.
LaTeX Info: Redefining \Relbar on input line 970.
\c@MaxMatrixCols=\count282
\dotsspace@=\muskip18
\c@parentequation=\count283
\dspbrk@lvl=\count284
\tag@help=\toks21
\row@=\count285
\column@=\count286
\maxfields@=\count287
\andhelp@=\toks22
\eqnshift@=\dimen144
\alignsep@=\dimen145
\tagshift@=\dimen146
\tagwidth@=\dimen147
\totwidth@=\dimen148
\lineht@=\dimen149
\@envbody=\toks23
\multlinegap=\skip54
\multlinetaggap=\skip55
\mathdisplay@stack=\toks24
LaTeX Info: Redefining \[ on input line 2953.
LaTeX Info: Redefining \] on input line 2954.
)
(C:\Users\bqw\AppData\Local\Programs\MiKTeX\tex/latex/graphics\graphicx.sty
Package: graphicx 2021/09/16 v1.2d Enhanced LaTeX Graphics (DPC,SPQR)

(C:\Users\bqw\AppData\Local\Programs\MiKTeX\tex/latex/graphics\keyval.sty
Package: keyval 2022/05/29 v1.15 key=value parser (DPC)
\KV@toks@=\toks25
)
(C:\Users\bqw\AppData\Local\Programs\MiKTeX\tex/latex/graphics\graphics.sty
Package: graphics 2024/08/06 v1.4g Standard LaTeX Graphics (DPC,SPQR)

(C:\Users\bqw\AppData\Local\Programs\MiKTeX\tex/latex/graphics\trig.sty
Package: trig 2023/12/02 v1.11 sin cos tan (DPC)
)
(C:\Users\bqw\AppData\Local\Programs\MiKTeX\tex/latex/graphics-cfg\graphics.cfg
File: graphics.cfg 2016/06/04 v1.11 sample graphics configuration
)
Package graphics Info: Driver file: pdftex.def on input line 106.
 (C:\Users\bqw\AppData\Local\Programs\MiKTeX\tex/latex/graphics-def\pdftex.def
File: pdftex.def 2024/04/13 v1.2c Graphics/color driver for pdftex
))
\Gin@req@height=\dimen150
\Gin@req@width=\dimen151
)
\c@theorem=\count288

(C:\Users\bqw\AppData\Local\Programs\MiKTeX\tex/latex/l3backend\l3backend-pdfte
x.def
File: l3backend-pdftex.def 2024-05-08 L3 backend support: PDF output (pdfTeX)
\l__color_backend_stack_int=\count289
\l__pdf_internal_box=\box62
) (twoparticlemajorana.aux)
\openout1 = `twoparticlemajorana.aux'.

LaTeX Font Info:    Checking defaults for OML/cmm/m/it on input line 41.
LaTeX Font Info:    ... okay on input line 41.
LaTeX Font Info:    Checking defaults for OMS/cmsy/m/n on input line 41.
LaTeX Font Info:    ... okay on input line 41.
LaTeX Font Info:    Checking defaults for OT1/cmr/m/n on input line 41.
LaTeX Font Info:    ... okay on input line 41.
LaTeX Font Info:    Checking defaults for T1/cmr/m/n on input line 41.
LaTeX Font Info:    ... okay on input line 41.
LaTeX Font Info:    Checking defaults for TS1/cmr/m/n on input line 41.
LaTeX Font Info:    ... okay on input line 41.
LaTeX Font Info:    Checking defaults for OMX/cmex/m/n on input line 41.
LaTeX Font Info:    ... okay on input line 41.
LaTeX Font Info:    Checking defaults for U/cmr/m/n on input line 41.
LaTeX Font Info:    ... okay on input line 41.
Class revtex4 Info: Unrecognized LaTeX tabular. Please update this document cla
ss! (Proceeding with fingers crossed.) on input line 41.
Class revtex4 Info: cite was not loaded (OK!) on input line 41.
Class revtex4 Info: multicol was not loaded (OK!) on input line 41.

(C:\Users\bqw\AppData\Local\Programs\MiKTeX\tex/context/base/mkii\supp-pdf.mkii
[Loading MPS to PDF converter (version 2006.09.02).]
\scratchcounter=\count290
\scratchdimen=\dimen152
\scratchbox=\box63
\nofMPsegments=\count291
\nofMParguments=\count292
\everyMPshowfont=\toks26
\MPscratchCnt=\count293
\MPscratchDim=\dimen153
\MPnumerator=\count294
\makeMPintoPDFobject=\count295
\everyMPtoPDFconversion=\toks27
)
(C:\Users\bqw\AppData\Local\Programs\MiKTeX\tex/latex/epstopdf-pkg\epstopdf-bas
e.sty
Package: epstopdf-base 2020-01-24 v2.11 Base part for package epstopdf
Package epstopdf-base Info: Redefining graphics rule for `.eps' on input line 4
85.

(C:\Users\bqw\AppData\Local\Programs\MiKTeX\tex/latex/00miktex\epstopdf-sys.cfg
File: epstopdf-sys.cfg 2021/03/18 v2.0 Configuration of epstopdf for MiKTeX
))

Class revtex4 Warning: If you want your PACS to appear in your output, use docu
ment class option showpacs.


Class revtex4 Warning: If you want your keywords to appear in your output, use 
document class option showkeys.

[101{C:/Users/bqw/AppData/Local/MiKTeX/fonts/map/pdftex/pdftex.map}]
(twoparticlemajorana.toc
Overfull \hbox (12.62482pt too wide) detected at line 4
 \OT1/cmr/m/n/12 102
 []


Overfull \hbox (12.62482pt too wide) detected at line 5
 \OT1/cmr/m/n/12 102
 []


Overfull \hbox (12.62482pt too wide) detected at line 6
 \OT1/cmr/m/n/12 110
 []


Overfull \hbox (12.62482pt too wide) detected at line 7
 \OT1/cmr/m/n/12 110
 []


Overfull \hbox (12.62482pt too wide) detected at line 8
 \OT1/cmr/m/n/12 113
 []


Overfull \hbox (12.62482pt too wide) detected at line 9
 \OT1/cmr/m/n/12 114
 []


Overfull \hbox (12.62482pt too wide) detected at line 10
 \OT1/cmr/m/n/12 114
 []


Overfull \hbox (12.62482pt too wide) detected at line 11
 \OT1/cmr/m/n/12 114
 []


Overfull \hbox (12.62482pt too wide) detected at line 12
 \OT1/cmr/m/n/12 115
 []


Overfull \hbox (12.62482pt too wide) detected at line 13
 \OT1/cmr/m/n/12 115
 []

)
\tf@toc=\write3
\openout3 = `twoparticlemajorana.toc'.

LaTeX Font Info:    Trying to load font information for U+msa on input line 81.

 (C:\Users\bqw\AppData\Local\Programs\MiKTeX\tex/latex/amsfonts\umsa.fd
File: umsa.fd 2013/01/14 v3.01 AMS symbols A
)
LaTeX Font Info:    Trying to load font information for U+msb on input line 81.


(C:\Users\bqw\AppData\Local\Programs\MiKTeX\tex/latex/amsfonts\umsb.fd
File: umsb.fd 2013/01/14 v3.01 AMS symbols B
)
[102]
Overfull \hbox (10.19653pt too wide) detected at line 280
[]
 []


Overfull \hbox (134.7767pt too wide) detected at line 290
[]\OML/cmm/m/it/12 a[]a[] \OT1/cmr/m/n/12 = [] [] = [] [] \OML/cmm/m/it/12 ;  \
OT1/cmr/m/n/12 1 \OMS/cmsy/m/n/12 ^^T \OML/cmm/m/it/12 j; k \OMS/cmsy/m/n/12 ^^
T \OML/cmm/m/it/12 r:
 []

[103]
Overfull \hbox (152.01047pt too wide) detected at line 414
[]
 []

[104]
Overfull \hbox (342.14534pt too wide) detected at line 445
[]
 []


Overfull \hbox (16.1956pt too wide) detected at line 461
[]
 []

[105]
LaTeX Font Info:    Trying to load font information for U+euf on input line 491
.
 (C:\Users\bqw\AppData\Local\Programs\MiKTeX\tex/latex/amsfonts\ueuf.fd
File: ueuf.fd 2013/01/14 v3.01 Euler Fraktur
)
[106]
Overfull \hbox (20.50247pt too wide) detected at line 618
[][][] \OT1/cmr/m/n/12 = [][] = []\OML/cmm/m/it/12 r[] [] \OT1/cmr/m/n/12 = []\
OML/cmm/m/it/12 r[] \OMS/cmsy/m/n/12 ^^@ []\OML/cmm/m/it/12 r[] \OT1/cmr/m/n/12
 + []\OML/cmm/m/it/12 r[] \OT1/cmr/m/n/12 = [] []
 []


Overfull \hbox (37.06044pt too wide) detected at line 645
[]\OT1/cmr/m/n/12 2[][] = \OML/cmm/m/it/12 r [] [] \OT1/cmr/m/n/12 = \OML/cmm/m
/it/12 r [] \OT1/cmr/m/n/12 = \OML/cmm/m/it/12 r[] \OMS/cmsy/m/n/12 ^^@ \OT1/cm
r/m/n/12 3\OML/cmm/m/it/12 r[] \OT1/cmr/m/n/12 + 2\OML/cmm/m/it/12 r \OT1/cmr/m
/n/12 = [] []
 []


Overfull \hbox (156.88461pt too wide) detected at line 654
[]
 []

[107]
Overfull \hbox (53.87772pt too wide) detected at line 666
[]
 []


Overfull \hbox (149.74472pt too wide) detected at line 717
[]
 []

[108]
Overfull \hbox (100.19107pt too wide) detected at line 751
[]\OT1/cmr/m/n/12 2[][] = 2[] [] = [] [] [] = [] [] [] = [] [] [] = 24
 []

[109]
Overfull \hbox (131.54399pt too wide) detected at line 856
[]
 []

[110]
Overfull \hbox (354.47867pt too wide) detected at line 872
[]
 []


Overfull \hbox (125.10915pt too wide) detected at line 921
[]
 []

[111]
Overfull \hbox (72.00789pt too wide) detected at line 941
[]
 []


Overfull \hbox (51.85013pt too wide) detected at line 965
[]
 []


Overfull \hbox (1.68106pt too wide) detected at line 984
[]
 []


Overfull \hbox (98.31334pt too wide) detected at line 991
[]
 []


Overfull \hbox (64.8224pt too wide) detected at line 1012
[]
 []

[112]
Overfull \hbox (59.43913pt too wide) detected at line 1056
[]
 []

[113] [114]
Underfull \hbox (badness 10000) in paragraph at lines 1161--1163
[]\OT1/cmr/m/n/12 Quartic terms ($\OML/cmm/m/it/12 ^^L[]$\OT1/cmr/m/n/12 ) are 
fully an-ti-sym-metrized four-Majorana in-ter-ac-
 []

[115] [116] (twoparticlemajorana.aux)
 ***********
LaTeX2e <2024-11-01> patch level 2
L3 programming layer <2025-01-18>
 ***********
 ) 
Here is how much of TeX's memory you used:
 4272 strings out of 473523
 59974 string characters out of 5715599
 491593 words of memory out of 5000000
 27466 multiletter control sequences out of 15000+600000
 570262 words of font info for 76 fonts, out of 8000000 for 9000
 1141 hyphenation exceptions out of 8191
 57i,22n,65p,239b,408s stack positions out of 10000i,1000n,20000p,200000b,200000s
 <C:\Users\bqw\AppData\Local\MiKTeX\fonts/pk/ljfour/jknappen/ec/dpi600\tcrm12
00.pk><C:/Users/bqw/AppData/Local/Programs/MiKTeX/fonts/type1/public/amsfonts/c
m/cmbx10.pfb><C:/Users/bqw/AppData/Local/Programs/MiKTeX/fonts/type1/public/ams
fonts/cm/cmbx12.pfb><C:/Users/bqw/AppData/Local/Programs/MiKTeX/fonts/type1/pub
lic/amsfonts/cm/cmbxti10.pfb><C:/Users/bqw/AppData/Local/Programs/MiKTeX/fonts/
type1/public/amsfonts/cm/cmex10.pfb><C:/Users/bqw/AppData/Local/Programs/MiKTeX
/fonts/type1/public/amsfonts/cm/cmmi12.pfb><C:/Users/bqw/AppData/Local/Programs
/MiKTeX/fonts/type1/public/amsfonts/cm/cmmi8.pfb><C:/Users/bqw/AppData/Local/Pr
ograms/MiKTeX/fonts/type1/public/amsfonts/cm/cmmib10.pfb><C:/Users/bqw/AppData/
Local/Programs/MiKTeX/fonts/type1/public/amsfonts/cm/cmr10.pfb><C:/Users/bqw/Ap
pData/Local/Programs/MiKTeX/fonts/type1/public/amsfonts/cm/cmr12.pfb><C:/Users/
bqw/AppData/Local/Programs/MiKTeX/fonts/type1/public/amsfonts/cm/cmr6.pfb><C:/U
sers/bqw/AppData/Local/Programs/MiKTeX/fonts/type1/public/amsfonts/cm/cmr8.pfb>
<C:/Users/bqw/AppData/Local/Programs/MiKTeX/fonts/type1/public/amsfonts/cm/cmsy
10.pfb><C:/Users/bqw/AppData/Local/Programs/MiKTeX/fonts/type1/public/amsfonts/
cm/cmsy6.pfb><C:/Users/bqw/AppData/Local/Programs/MiKTeX/fonts/type1/public/ams
fonts/cm/cmsy8.pfb><C:/Users/bqw/AppData/Local/Programs/MiKTeX/fonts/type1/publ
ic/amsfonts/cm/cmti10.pfb><C:/Users/bqw/AppData/Local/Programs/MiKTeX/fonts/typ
e1/public/amsfonts/cm/cmti12.pfb><C:/Users/bqw/AppData/Local/Programs/MiKTeX/fo
nts/type1/public/amsfonts/euler/eufm10.pfb><C:/Users/bqw/AppData/Local/Programs
/MiKTeX/fonts/type1/public/amsfonts/symbols/msam10.pfb><C:/Users/bqw/AppData/Lo
cal/Programs/MiKTeX/fonts/type1/public/amsfonts/symbols/msbm10.pfb>
Output written on twoparticlemajorana.pdf (16 pages, 275457 bytes).
PDF statistics:
 154 PDF objects out of 1000 (max. 8388607)
 0 named destinations out of 1000 (max. 500000)
 1 words of extra memory for PDF output out of 10000 (max. 10000000)

